Boundary Conditions PBC                                                                                                 
CC approx CCD(T)                                                                                              
 TNF: F TNF-approx:           0
 3NF Cutoff:   450.00000000000000      Nexp_3NF:           3
 NN regulator Exponent:    3.0000000000000000     
 -----------
 NN ci's
   0.0000000000000000     
   0.0000000000000000     
   0.0000000000000000     
   0.0000000000000000     
 3NF ci's
   0.0000000000000000     
   0.0000000000000000     
   0.0000000000000000     
   0.0000000000000000     
 -----------
 --------
 c1s0(-1) -0.11292668234872000     
 c1s0(0) -0.11292668234872000     
 c1s0(1) -0.11292668234872000     
 c3s1(-1)  -8.7339820926559994E-002
 c3s1(0)  -8.7339820926559994E-002
 c3s1(1)  -8.7339820926559994E-002
 --------
 -----------
 NLO contacts PW
   0.0000000000000000     
   0.0000000000000000     
   0.0000000000000000     
   0.0000000000000000     
   0.0000000000000000     
   0.0000000000000000     
   0.0000000000000000     
 ----------
          C1            0.0000000000000000
          C2            0.0000000000000000
          C3           -0.0000000000000000
          C4           -0.0000000000000000
          C5           -0.0000000000000000
          C6            0.0000000000000000
          C7           -0.0000000000000000
          D1           -0.3771581126597507
          D2           -0.9305750209334183
          D3            2.1195254080520742
          D4           -2.1246309930064329
          D5           -0.0131882077354610
          D6            0.6645429882213397
          D7            0.7806033045976430
          D8           -0.4752342494327860
          D9            0.0920642557695526
         D10           -0.0312443369241453
         D11            0.0232036046033312
         D12           -0.3040203100732521
         D13           -0.2963726204319913
         D14            1.4856672935233888
         D15           -0.3992014237014200

   3NF LECs:
          C1            0.0000000000000000
          C3            0.0000000000000000
          C4            0.0000000000000000
          cE            0.0000000000000000
          cD            0.0000000000000000

 delta_chiral_order           0
 delta cutoff   450.00000000000000     
 Boxsize   5.6808564028624495     
 Density  0.35999999999999999     
 K_f   2.2007692043845606     
 Nmax           4
 Total number of states        1458
 K-mesh   0.0000000000000000     
 K-mesh  -1.1060278348196992     
 K-mesh   1.1060278348196992     
 K-mesh  -2.2120556696393985     
 K-mesh   2.2120556696393985     
 K-mesh  -3.3180835044590977     
 K-mesh   3.3180835044590977     
 K-mesh  -4.4241113392787970     
 K-mesh   4.4241113392787970     
   0.0000000000000000        5.6808564028624495     
   0.0000000000000000        5.6808564028624495     
   0.0000000000000000        5.6808564028624495     
   0.0000000000000000        5.6808564028624495     
 Kz-mesh   0.0000000000000000     
 Kz-mesh  -1.1060278348196992     
 Kz-mesh   1.1060278348196992     
 Kz-mesh  -2.2120556696393985     
 Kz-mesh   2.2120556696393985     
 Kz-mesh  -3.3180835044590977     
 Kz-mesh   3.3180835044590977     
 Kz-mesh  -4.4241113392787970     
 Kz-mesh   4.4241113392787970     
 KY-mesh   0.0000000000000000     
 KY-mesh  -1.1060278348196992     
 KY-mesh   1.1060278348196992     
 KY-mesh  -2.2120556696393985     
 KY-mesh   2.2120556696393985     
 KY-mesh  -3.3180835044590977     
 KY-mesh   3.3180835044590977     
 KY-mesh  -4.4241113392787970     
 KY-mesh   4.4241113392787970     
           4           4           4          -1           1           1           1
 nkmin, nkmax           4           4           4
 Occupied j-orbits
     1       0.000000000        0   0   0  -1   1 hole      
     2       0.000000000        0   0   0   1   1 hole      
     3       25.34826111       -1   0   0  -1   1 hole      
     4       25.34826111       -1   0   0   1   1 hole      
     5       25.34826111        0   0  -1  -1   1 hole      
     6       25.34826111        0   0  -1   1   1 hole      
     7       25.34826111        0  -1   0  -1   1 hole      
     8       25.34826111        0  -1   0   1   1 hole      
     9       25.34826111        0   1   0  -1   1 hole      
    10       25.34826111        0   1   0   1   1 hole      
    11       25.34826111        1   0   0  -1   1 hole      
    12       25.34826111        1   0   0   1   1 hole      
    13       25.34826111        0   0   1  -1   1 hole      
    14       25.34826111        0   0   1   1   1 hole      
    15       50.69652221        1   1   0  -1   1 hole      
    16       50.69652221        1   1   0   1   1 hole      
    17       50.69652221        0   1   1  -1   1 hole      
    18       50.69652221        0   1   1   1   1 hole      
    19       50.69652221        1  -1   0  -1   1 hole      
    20       50.69652221        1  -1   0   1   1 hole      
    21       50.69652221       -1   0  -1  -1   1 hole      
    22       50.69652221       -1   0  -1   1   1 hole      
    23       50.69652221       -1  -1   0  -1   1 hole      
    24       50.69652221       -1  -1   0   1   1 hole      
    25       50.69652221       -1   0   1  -1   1 hole      
    26       50.69652221       -1   0   1   1   1 hole      
    27       50.69652221       -1   1   0  -1   1 hole      
    28       50.69652221       -1   1   0   1   1 hole      
    29       50.69652221        0   1  -1  -1   1 hole      
    30       50.69652221        0   1  -1   1   1 hole      
    31       50.69652221        1   0   1  -1   1 hole      
    32       50.69652221        1   0   1   1   1 hole      
    33       50.69652221        0  -1   1  -1   1 hole      
    34       50.69652221        0  -1   1   1   1 hole      
    35       50.69652221        1   0  -1  -1   1 hole      
    36       50.69652221        1   0  -1   1   1 hole      
    37       50.69652221        0  -1  -1  -1   1 hole      
    38       50.69652221        0  -1  -1   1   1 hole      
    39       76.04478332       -1  -1   1  -1   1 hole      
    40       76.04478332       -1  -1   1   1   1 hole      
    41       76.04478332       -1  -1  -1  -1   1 hole      
    42       76.04478332       -1  -1  -1   1   1 hole      
    43       76.04478332       -1   1  -1  -1   1 hole      
    44       76.04478332       -1   1  -1   1   1 hole      
    45       76.04478332        1  -1  -1  -1   1 hole      
    46       76.04478332        1  -1  -1   1   1 hole      
    47       76.04478332        1  -1   1  -1   1 hole      
    48       76.04478332        1  -1   1   1   1 hole      
    49       76.04478332        1   1  -1  -1   1 hole      
    50       76.04478332        1   1  -1   1   1 hole      
    51       76.04478332        1   1   1  -1   1 hole      
    52       76.04478332        1   1   1   1   1 hole      
    53       76.04478332       -1   1   1  -1   1 hole      
    54       76.04478332       -1   1   1   1   1 hole      
    55       101.3930444       -2   0   0  -1   1 hole      
    56       101.3930444       -2   0   0   1   1 hole      
    57       101.3930444        0   0   2  -1   1 hole      
    58       101.3930444        0   0   2   1   1 hole      
    59       101.3930444        2   0   0  -1   1 hole      
    60       101.3930444        2   0   0   1   1 hole      
    61       101.3930444        0  -2   0  -1   1 hole      
    62       101.3930444        0  -2   0   1   1 hole      
    63       101.3930444        0   2   0  -1   1 hole      
    64       101.3930444        0   2   0   1   1 hole      
    65       101.3930444        0   0  -2  -1   1 hole      
    66       101.3930444        0   0  -2   1   1 hole      
 Unoccupied j-orbits
    67       126.7413055        2  -1   0  -1   1 particle  
    68       126.7413055        2  -1   0   1   1 particle  
    69       126.7413055       -2   0  -1  -1   1 particle  
    70       126.7413055       -2   0  -1   1   1 particle  
    71       126.7413055        2   0  -1  -1   1 particle  
    72       126.7413055        2   0  -1   1   1 particle  
    73       126.7413055        2   0   1  -1   1 particle  
    74       126.7413055        2   0   1   1   1 particle  
    75       126.7413055        0  -1  -2  -1   1 particle  
    76       126.7413055        0  -1  -2   1   1 particle  
    77       126.7413055       -2   0   1  -1   1 particle  
 Sz and Tz for vacuum state   0.0000000000000000        66.000000000000000     
          -8           8          -8           8          -8           8
 Total memory for lookup configs   5.6901119999999113E-003 GByte
 Total memory for channels   4.0880000000000002E-005 GByte
              8067968      252124         185
              8067968      252124        1816
 Setting up vnn for hhhh block
 Time to setup hhhh block  0.22003790701273829     
 Setting up vnn for hhhp block
 Time to setup hhhp block  0.43244980101007968     
 Setting up vnn for hhpp block
 Time to setup hhpp block   1.9050249019637704     
 Setting up vnn for hphp block
 Time to setup hphp block   1.0555617930367589     
 Setting up vnn for pppp block
 Time to setup pppp block   17.799236364080571     
 Total memory for vnn storage  0.31066944000000035      GByte
          -8           8          -8           8          -8           8
 Total memory for lookup ph configs   3.6748800000001611E-003 GByte
 Total memory for ph channels   8.7168000000000003E-005 GByte
              8067968      252124        1816
 Setting up vnn for ph hpph block
 Time to setup ph hpph block  0.15218728198669851     
 Total memory for vnn/t2 ph storage  0.25817497600000122      GByte
 kinetic energy =               (3954.3287326996037,0.0000000000000000)
 below_ef =          66
 Vacuum expectation value               (2000.9738514977050,0.0000000000000000)
 here we go...
 here we go...
 here we go...
 here we go...
 here we go...
 here we go...
 here we go...
 here we go...
 here we go...
 here we go...
 here we go...
 here we go...
 here we go...
 here we go...
 here we go...
 here we go...
 here we go...
 here we go...
 here we go...
 here we go...
 here we go...
 here we go...
 here we go...
 here we go...
 here we go...
 here we go...
 here we go...
 here we go...
 Total memory for t2 storage  0.25817497600000017      GByte
 here we go...
 here we go...
 here we go...
 here we go...
 CCD energy         (1941.2045814413541,9.11622818558532219E-019)
 diis space     8067968
 Storage of diis vectors  0.90361241599999997      Gb
 CCD energy         (1945.0808606292035,5.91352907536969187E-019)
dener    0    1  0.38762792E+01
 CCD energy         (1947.5999774185116,2.21306096383217730E-018)
dener    0    2  0.25191168E+01
 CCD energy        (1949.2296736042879,-1.71072907745265647E-018)
dener    0    3  0.16296962E+01
 CCD energy         (1950.2787298031751,4.00126362740953007E-018)
dener    0    4  0.10490562E+01
 CCD energy         (1950.9499398570417,1.59905758902568891E-017)
dener    0    5  0.67121005E+00
diis_mat    1    1  0.4272E-02
diis_mat    1    2  0.2788E-02
diis_mat    1    3  0.1825E-02
diis_mat    1    4  0.1200E-02
diis_mat    1    5  0.7939E-03
diis_mat    1    6 -0.1000E+01
diis_mat    2    1  0.2788E-02
diis_mat    2    2  0.1831E-02
diis_mat    2    3  0.1207E-02
diis_mat    2    4  0.8012E-03
diis_mat    2    5  0.5359E-03
diis_mat    2    6 -0.1000E+01
diis_mat    3    1  0.1825E-02
diis_mat    3    2  0.1207E-02
diis_mat    3    3  0.8036E-03
diis_mat    3    4  0.5391E-03
diis_mat    3    5  0.3653E-03
diis_mat    3    6 -0.1000E+01
diis_mat    4    1  0.1200E-02
diis_mat    4    2  0.8012E-03
diis_mat    4    3  0.5391E-03
diis_mat    4    4  0.3664E-03
diis_mat    4    5  0.2519E-03
diis_mat    4    6 -0.1000E+01
diis_mat    5    1  0.7939E-03
diis_mat    5    2  0.5359E-03
diis_mat    5    3  0.3653E-03
diis_mat    5    4  0.2519E-03
diis_mat    5    5  0.1761E-03
diis_mat    5    6 -0.1000E+01
diis_mat    6    1 -0.1000E+01
diis_mat    6    2 -0.1000E+01
diis_mat    6    3 -0.1000E+01
diis_mat    6    4 -0.1000E+01
diis_mat    6    5 -0.1000E+01
diis_mat    6    6  0.0000E+00
 csysv info           0
sol_vec    1  0.1217E+02 -0.2358E-07
sol_vec    2 -0.8225E+02  0.1228E-06
sol_vec    3  0.2025E+03 -0.2383E-06
sol_vec    4 -0.2164E+03  0.2037E-06
sol_vec    5  0.8500E+02 -0.6466E-07
sol_vec    6  0.5766E-07  0.1154E-15
 CCD energy         (1951.9662027718734,5.92988229845906241E-011)
dener    0    6  0.10162629E+01
 CCD energy         (1951.9693367034013,3.90472258017905276E-011)
dener    0    7  0.31339315E-02
 CCD energy         (1951.9715823252579,2.57684758011462244E-011)
dener    0    8  0.22456219E-02
 CCD energy         (1951.9732047057410,1.70474311443722125E-011)
dener    0    9  0.16223805E-02
 CCD energy         (1951.9743864549025,1.13098351752518961E-011)
dener    0   10  0.11817492E-02
 CCD energy         (1951.9752541055407,7.52792928157793067E-012)
dener    0   11  0.86765064E-03
diis_mat    1    1  0.3700E-07
diis_mat    1    2  0.2916E-07
diis_mat    1    3  0.2311E-07
diis_mat    1    4  0.1840E-07
diis_mat    1    5  0.1470E-07
diis_mat    1    6 -0.1000E+01
diis_mat    2    1  0.2916E-07
diis_mat    2    2  0.2309E-07
diis_mat    2    3  0.1837E-07
diis_mat    2    4  0.1467E-07
diis_mat    2    5  0.1176E-07
diis_mat    2    6 -0.1000E+01
diis_mat    3    1  0.2311E-07
diis_mat    3    2  0.1837E-07
diis_mat    3    3  0.1466E-07
diis_mat    3    4  0.1174E-07
diis_mat    3    5  0.9435E-08
diis_mat    3    6 -0.1000E+01
diis_mat    4    1  0.1840E-07
diis_mat    4    2  0.1467E-07
diis_mat    4    3  0.1174E-07
diis_mat    4    4  0.9430E-08
diis_mat    4    5  0.7593E-08
diis_mat    4    6 -0.1000E+01
diis_mat    5    1  0.1470E-07
diis_mat    5    2  0.1176E-07
diis_mat    5    3  0.9435E-08
diis_mat    5    4  0.7593E-08
diis_mat    5    5  0.6126E-08
diis_mat    5    6 -0.1000E+01
diis_mat    6    1 -0.1000E+01
diis_mat    6    2 -0.1000E+01
diis_mat    6    3 -0.1000E+01
diis_mat    6    4 -0.1000E+01
diis_mat    6    5 -0.1000E+01
diis_mat    6    6  0.0000E+00
 csysv info           0
sol_vec    1  0.6895E+02  0.7664E-07
sol_vec    2 -0.3804E+03 -0.3850E-06
sol_vec    3  0.7838E+03  0.7200E-06
sol_vec    4 -0.7147E+03 -0.5943E-06
sol_vec    5  0.2434E+03  0.1826E-06
sol_vec    6  0.2259E-12 -0.6374E-20
 CCD energy        (1951.9779095241483,-1.98404057218594758E-013)
dener    0   12  0.26554186E-02
 CCD energy        (1951.9778902208293,-1.37067364155904396E-013)
dener    0   13 -0.19303319E-04
 CCD energy        (1951.9778770171113,-9.48704468725137973E-014)
dener    0   14 -0.13203718E-04
 CCD energy        (1951.9778679352805,-6.57698602442885951E-014)
dener    0   15 -0.90818306E-05
 CCD energy        (1951.9778616497447,-4.57205235295034580E-014)
dener    0   16 -0.62855359E-05
 CCD energy        (1951.9778572694568,-3.19124045390301736E-014)
dener    0   17 -0.43802879E-05
diis_mat    1    1  0.1234E-12
diis_mat    1    2  0.9292E-13
diis_mat    1    3  0.7050E-13
diis_mat    1    4  0.5390E-13
diis_mat    1    5  0.4150E-13
diis_mat    1    6 -0.1000E+01
diis_mat    2    1  0.9292E-13
diis_mat    2    2  0.7045E-13
diis_mat    2    3  0.5382E-13
diis_mat    2    4  0.4141E-13
diis_mat    2    5  0.3208E-13
diis_mat    2    6 -0.1000E+01
diis_mat    3    1  0.7050E-13
diis_mat    3    2  0.5382E-13
diis_mat    3    3  0.4139E-13
diis_mat    3    4  0.3204E-13
diis_mat    3    5  0.2495E-13
diis_mat    3    6 -0.1000E+01
diis_mat    4    1  0.5390E-13
diis_mat    4    2  0.4141E-13
diis_mat    4    3  0.3204E-13
diis_mat    4    4  0.2493E-13
diis_mat    4    5  0.1952E-13
diis_mat    4    6 -0.1000E+01
diis_mat    5    1  0.4150E-13
diis_mat    5    2  0.3208E-13
diis_mat    5    3  0.2495E-13
diis_mat    5    4  0.1952E-13
diis_mat    5    5  0.1535E-13
diis_mat    5    6 -0.1000E+01
diis_mat    6    1 -0.1000E+01
diis_mat    6    2 -0.1000E+01
diis_mat    6    3 -0.1000E+01
diis_mat    6    4 -0.1000E+01
diis_mat    6    5 -0.1000E+01
diis_mat    6    6  0.0000E+00
 csysv info           0
sol_vec    1  0.7760E+02 -0.7970E-05
sol_vec    2 -0.4228E+03  0.3960E-04
sol_vec    3  0.8609E+03 -0.7335E-04
sol_vec    4 -0.7766E+03  0.6001E-04
sol_vec    5  0.2619E+03 -0.1829E-04
sol_vec    6  0.5630E-18 -0.8834E-25
 CCD energy        (1951.9778458341552,-1.90708919371659536E-013)
dener    0   18 -0.11435302E-04
 CCD energy        (1951.9778458546402,-1.23725650424466926E-013)
dener    0   19  0.20485011E-07
 Total execution time CCD   44.013599611935206     
 preparing to do CCD(T): 
          -8           8          -8           8          -8           8
 Total memory for lookup configs   1.1863487999999986E-002 GByte
 Total memory for channels   1.1892543999999986E-002 GByte
             89696544     2803017        1816
 Setting up vnn (NN) for hppp block
 Time to setup hppp block   6.8598132480401546     
 Total memory for vnn storage  0.72946489599999531      GByte
          12          12          12           3           3
 Total memory for lookup t3-confs   1.2188792640000019      Gbyte
 3NF with deltas: T
           9835169512   307349047         539

 proc number   0      % work  0.100000E+03

          Channel #:     1
    Row index start:     1
      Row index end:     2
 Column index start:     1
   Column index end:  ****

          Channel #:     2
    Row index start:     1
      Row index end:     2
 Column index start:     1
   Column index end:  ****

          Channel #:     3
    Row index start:     1
      Row index end:     2
 Column index start:     1
   Column index end:  ****

          Channel #:     4
    Row index start:     1
      Row index end:     2
 Column index start:     1
   Column index end:  ****

          Channel #:     5
    Row index start:     1
      Row index end:     2
 Column index start:     1
   Column index end:  ****

          Channel #:     6
    Row index start:     1
      Row index end:     2
 Column index start:     1
   Column index end:  ****

          Channel #:     7
    Row index start:     1
      Row index end:     2
 Column index start:     1
   Column index end:  ****

          Channel #:     8
    Row index start:     1
      Row index end:     2
 Column index start:     1
   Column index end:  ****

          Channel #:     9
    Row index start:     1
      Row index end:     2
 Column index start:     1
   Column index end:  ****

          Channel #:    10
    Row index start:     1
      Row index end:     2
 Column index start:     1
   Column index end:  ****

          Channel #:    11
    Row index start:     1
      Row index end:     8
 Column index start:     1
   Column index end:  ****

          Channel #:    12
    Row index start:     1
      Row index end:    12
 Column index start:     1
   Column index end:  ****

          Channel #:    13
    Row index start:     1
      Row index end:     8
 Column index start:     1
   Column index end:  ****

          Channel #:    14
    Row index start:     1
      Row index end:     2
 Column index start:     1
   Column index end:  ****

          Channel #:    15
    Row index start:     1
      Row index end:     8
 Column index start:     1
   Column index end:  ****

          Channel #:    16
    Row index start:     1
      Row index end:    18
 Column index start:     1
   Column index end:  ****

          Channel #:    17
    Row index start:     1
      Row index end:    26
 Column index start:     1
   Column index end:  ****

          Channel #:    18
    Row index start:     1
      Row index end:    18
 Column index start:     1
   Column index end:  ****

          Channel #:    19
    Row index start:     1
      Row index end:     8
 Column index start:     1
   Column index end:  ****

          Channel #:    20
    Row index start:     1
      Row index end:    12
 Column index start:     1
   Column index end:  ****

          Channel #:    21
    Row index start:     1
      Row index end:    26
 Column index start:     1
   Column index end:  ****

          Channel #:    22
    Row index start:     1
      Row index end:    36
 Column index start:     1
   Column index end:  ****

          Channel #:    23
    Row index start:     1
      Row index end:    26
 Column index start:     1
   Column index end:  ****

          Channel #:    24
    Row index start:     1
      Row index end:    12
 Column index start:     1
   Column index end:  ****

          Channel #:    25
    Row index start:     1
      Row index end:     8
 Column index start:     1
   Column index end:  ****

          Channel #:    26
    Row index start:     1
      Row index end:    18
 Column index start:     1
   Column index end:  ****

          Channel #:    27
    Row index start:     1
      Row index end:    26
 Column index start:     1
   Column index end:  ****

          Channel #:    28
    Row index start:     1
      Row index end:    18
 Column index start:     1
   Column index end:  ****

          Channel #:    29
    Row index start:     1
      Row index end:     8
 Column index start:     1
   Column index end:  ****

          Channel #:    30
    Row index start:     1
      Row index end:     2
 Column index start:     1
   Column index end:  ****

          Channel #:    31
    Row index start:     1
      Row index end:     8
 Column index start:     1
   Column index end:  ****

          Channel #:    32
    Row index start:     1
      Row index end:    12
 Column index start:     1
   Column index end:  ****

          Channel #:    33
    Row index start:     1
      Row index end:     8
 Column index start:     1
   Column index end:  ****

          Channel #:    34
    Row index start:     1
      Row index end:     2
 Column index start:     1
   Column index end:  ****

          Channel #:    35
    Row index start:     1
      Row index end:     2
 Column index start:     1
   Column index end:  ****

          Channel #:    36
    Row index start:     1
      Row index end:    12
 Column index start:     1
   Column index end:  ****

          Channel #:    37
    Row index start:     1
      Row index end:    16
 Column index start:     1
   Column index end:  ****

          Channel #:    38
    Row index start:     1
      Row index end:    12
 Column index start:     1
   Column index end:  ****

          Channel #:    39
    Row index start:     1
      Row index end:     2
 Column index start:     1
   Column index end:  ****

          Channel #:    40
    Row index start:     1
      Row index end:     2
 Column index start:     1
   Column index end:  ****

          Channel #:    41
    Row index start:     1
      Row index end:    18
 Column index start:     1
   Column index end:  ****

          Channel #:    42
    Row index start:     1
      Row index end:    44
 Column index start:     1
   Column index end:  ****

          Channel #:    43
    Row index start:     1
      Row index end:    58
 Column index start:     1
   Column index end:  ****

          Channel #:    44
    Row index start:     1
      Row index end:    44
 Column index start:     1
   Column index end:  ****

          Channel #:    45
    Row index start:     1
      Row index end:    18
 Column index start:     1
   Column index end:  ****

          Channel #:    46
    Row index start:     1
      Row index end:     2
 Column index start:     1
   Column index end:  ****

          Channel #:    47
    Row index start:     1
      Row index end:    12
 Column index start:     1
   Column index end:  ****

          Channel #:    48
    Row index start:     1
      Row index end:    44
 Column index start:     1
   Column index end:  ****

          Channel #:    49
    Row index start:     1
      Row index end:    90
 Column index start:     1
   Column index end:  ****

          Channel #:    50
    Row index start:     1
      Row index end:   110
 Column index start:     1
   Column index end:  ****

          Channel #:    51
    Row index start:     1
      Row index end:    90
 Column index start:     1
   Column index end:  ****

          Channel #:    52
    Row index start:     1
      Row index end:    44
 Column index start:     1
   Column index end:  ****

          Channel #:    53
    Row index start:     1
      Row index end:    12
 Column index start:     1
   Column index end:  ****

          Channel #:    54
    Row index start:     1
      Row index end:    16
 Column index start:     1
   Column index end:  ****

          Channel #:    55
    Row index start:     1
      Row index end:    58
 Column index start:     1
   Column index end:  ****

          Channel #:    56
    Row index start:     1
      Row index end:   110
 Column index start:     1
   Column index end:  ****

          Channel #:    57
    Row index start:     1
      Row index end:   138
 Column index start:     1
   Column index end:  ****

          Channel #:    58
    Row index start:     1
      Row index end:   110
 Column index start:     1
   Column index end:  ****

          Channel #:    59
    Row index start:     1
      Row index end:    58
 Column index start:     1
   Column index end:  ****

          Channel #:    60
    Row index start:     1
      Row index end:    16
 Column index start:     1
   Column index end:  ****

          Channel #:    61
    Row index start:     1
      Row index end:    12
 Column index start:     1
   Column index end:  ****

          Channel #:    62
    Row index start:     1
      Row index end:    44
 Column index start:     1
   Column index end:  ****

          Channel #:    63
    Row index start:     1
      Row index end:    90
 Column index start:     1
   Column index end:  ****
           1      140934           2
           2      142142           2
           3      140934           2
           4      142142           2
           5      143314           2
           6      142142           2
           7      140934           2
           8      142142           2
           9      140934           2
          10      165140           2
          11      171146           8
          12      172700          12
          13      171146           8
          14      165140           2
          15      171146           8
          16      177104          18
          17      178618          26
          18      177104          18
          19      171146           8
          20      172700          12
          21      178618          26
          22      180090          36
          23      178618          26
          24      172700          12
          25      171146           8
          26      177104          18
          27      178618          26
          28      177104          18
          29      171146           8
          30      165140           2
          31      171146           8
          32      172700          12
          33      171146           8
          34      165140           2
          35      175428           2
          36      181878          12
          37      183578          16
          38      181878          12
          39      175428           2
          40      175428           2
          41      189980          18
          42      196714          44
          43      198434          58
          44      196714          44
          45      189980          18
          46      175428           2
          47      181878          12
          48      196714          44
          49      203344          90
          50      205010         110
          51      203344          90
          52      196714          44
          53      181878          12
          54      183578          16
          55      198434          58
          56      205010         110
          57      206610         138
          58      205010         110
          59      198434          58
          60      183578          16
          61      181878          12
          62      196714          44
          63      203344          90
 EXECUTION TIME FOR CCD(T)   61.708398774033412     
Kf, Dens          2.20077           0.36000  CCSD(T)         -0.05111            0.00000


 ---------------------------------------------------------------------
 Boxsize   5.6808564028624495      Nmax           4
 A, Density, Kf          66  0.35999999999999999        2.2007692043845606     
 Twist averaged E0/N               (30.317785628753107,0.0000000000000000)
 Twist averaged mbpt2         (29.412190627899303,1.38124669478565500E-020)
 Twist averaged CCSD        (29.575421906888490,-1.87463106703737771E-015)
 kinetic_TF   3974.2963239877454     
  0.35999999999999999                    (30.317785628753107,0.0000000000000000)        (1951.9778458546402,-1.23725650424466926E-013)

 E/N   2.20076919      0.360000014       30.317785628753107        29.412190627899303        29.575421906888490        29.524313058421644     
#Nmax, Nucleons, 3NFnexp, 3NFCutoff: 4  66 3 450
     0.00000     0.00000     2.20077     0.36000    30.31779    29.41219    29.57542    29.52431
 ---------------------------------------------------------------------
 Total execution time for CCD code   146.10165155807044     
