Boundary Conditions PBC                                                                                                 
CC approx CCD(T)                                                                                              
 TNF: F TNF-approx:           0
 3NF Cutoff:   450.00000000000000      Nexp_3NF:           3
 NN regulator Exponent:    3.0000000000000000     
 -----------
 NN ci's
   0.0000000000000000     
   0.0000000000000000     
   0.0000000000000000     
   0.0000000000000000     
 3NF ci's
   0.0000000000000000     
   0.0000000000000000     
   0.0000000000000000     
   0.0000000000000000     
 -----------
 --------
 c1s0(-1) -0.11292668234872000     
 c1s0(0) -0.11292668234872000     
 c1s0(1) -0.11292668234872000     
 c3s1(-1)  -8.7339820926559994E-002
 c3s1(0)  -8.7339820926559994E-002
 c3s1(1)  -8.7339820926559994E-002
 --------
 -----------
 NLO contacts PW
   0.0000000000000000     
   0.0000000000000000     
   0.0000000000000000     
   0.0000000000000000     
   0.0000000000000000     
   0.0000000000000000     
   0.0000000000000000     
 ----------
          C1            0.0000000000000000
          C2            0.0000000000000000
          C3           -0.0000000000000000
          C4           -0.0000000000000000
          C5           -0.0000000000000000
          C6            0.0000000000000000
          C7           -0.0000000000000000
          D1           -0.3771581126597507
          D2           -0.9305750209334183
          D3            2.1195254080520742
          D4           -2.1246309930064329
          D5           -0.0131882077354610
          D6            0.6645429882213397
          D7            0.7806033045976430
          D8           -0.4752342494327860
          D9            0.0920642557695526
         D10           -0.0312443369241453
         D11            0.0232036046033312
         D12           -0.3040203100732521
         D13           -0.2963726204319913
         D14            1.4856672935233888
         D15           -0.3992014237014200

   3NF LECs:
          C1            0.0000000000000000
          C3            0.0000000000000000
          C4            0.0000000000000000
          cE            0.0000000000000000
          cD            0.0000000000000000

 delta_chiral_order           0
 delta cutoff   450.00000000000000     
 Boxsize   7.1574305633964697     
 Density  0.17999999999999999     
 K_f   1.7467516750896346     
 Nmax           4
 Total number of states        1458
 K-mesh   0.0000000000000000     
 K-mesh -0.87785487424945030     
 K-mesh  0.87785487424945030     
 K-mesh  -1.7557097484989006     
 K-mesh   1.7557097484989006     
 K-mesh  -2.6335646227483509     
 K-mesh   2.6335646227483509     
 K-mesh  -3.5114194969978012     
 K-mesh   3.5114194969978012     
   0.0000000000000000        7.1574305633964697     
   0.0000000000000000        7.1574305633964697     
   0.0000000000000000        7.1574305633964697     
   0.0000000000000000        7.1574305633964697     
 Kz-mesh   0.0000000000000000     
 Kz-mesh -0.87785487424945030     
 Kz-mesh  0.87785487424945030     
 Kz-mesh  -1.7557097484989006     
 Kz-mesh   1.7557097484989006     
 Kz-mesh  -2.6335646227483509     
 Kz-mesh   2.6335646227483509     
 Kz-mesh  -3.5114194969978012     
 Kz-mesh   3.5114194969978012     
 KY-mesh   0.0000000000000000     
 KY-mesh -0.87785487424945030     
 KY-mesh  0.87785487424945030     
 KY-mesh  -1.7557097484989006     
 KY-mesh   1.7557097484989006     
 KY-mesh  -2.6335646227483509     
 KY-mesh   2.6335646227483509     
 KY-mesh  -3.5114194969978012     
 KY-mesh   3.5114194969978012     
           4           4           4          -1           1           1           1
 nkmin, nkmax           4           4           4
 Occupied j-orbits
     1       0.000000000        0   0   0  -1   1 hole      
     2       0.000000000        0   0   0   1   1 hole      
     3       15.96840387        0   0  -1  -1   1 hole      
     4       15.96840387        0   0  -1   1   1 hole      
     5       15.96840387        0   1   0  -1   1 hole      
     6       15.96840387        0   1   0   1   1 hole      
     7       15.96840387        0  -1   0  -1   1 hole      
     8       15.96840387        0  -1   0   1   1 hole      
     9       15.96840387        1   0   0  -1   1 hole      
    10       15.96840387        1   0   0   1   1 hole      
    11       15.96840387        0   0   1  -1   1 hole      
    12       15.96840387        0   0   1   1   1 hole      
    13       15.96840387       -1   0   0  -1   1 hole      
    14       15.96840387       -1   0   0   1   1 hole      
    15       31.93680775        0   1   1  -1   1 hole      
    16       31.93680775        0   1   1   1   1 hole      
    17       31.93680775       -1   1   0  -1   1 hole      
    18       31.93680775       -1   1   0   1   1 hole      
    19       31.93680775        1   0   1  -1   1 hole      
    20       31.93680775        1   0   1   1   1 hole      
    21       31.93680775        0   1  -1  -1   1 hole      
    22       31.93680775        0   1  -1   1   1 hole      
    23       31.93680775        1   1   0  -1   1 hole      
    24       31.93680775        1   1   0   1   1 hole      
    25       31.93680775        1   0  -1  -1   1 hole      
    26       31.93680775        1   0  -1   1   1 hole      
    27       31.93680775       -1   0  -1  -1   1 hole      
    28       31.93680775       -1   0  -1   1   1 hole      
    29       31.93680775        1  -1   0  -1   1 hole      
    30       31.93680775        1  -1   0   1   1 hole      
    31       31.93680775        0  -1  -1  -1   1 hole      
    32       31.93680775        0  -1  -1   1   1 hole      
    33       31.93680775       -1  -1   0  -1   1 hole      
    34       31.93680775       -1  -1   0   1   1 hole      
    35       31.93680775       -1   0   1  -1   1 hole      
    36       31.93680775       -1   0   1   1   1 hole      
    37       31.93680775        0  -1   1  -1   1 hole      
    38       31.93680775        0  -1   1   1   1 hole      
    39       47.90521162        1  -1   1  -1   1 hole      
    40       47.90521162        1  -1   1   1   1 hole      
    41       47.90521162        1   1  -1  -1   1 hole      
    42       47.90521162        1   1  -1   1   1 hole      
    43       47.90521162        1   1   1  -1   1 hole      
    44       47.90521162        1   1   1   1   1 hole      
    45       47.90521162        1  -1  -1  -1   1 hole      
    46       47.90521162        1  -1  -1   1   1 hole      
    47       47.90521162       -1   1   1  -1   1 hole      
    48       47.90521162       -1   1   1   1   1 hole      
    49       47.90521162       -1   1  -1  -1   1 hole      
    50       47.90521162       -1   1  -1   1   1 hole      
    51       47.90521162       -1  -1  -1  -1   1 hole      
    52       47.90521162       -1  -1  -1   1   1 hole      
    53       47.90521162       -1  -1   1  -1   1 hole      
    54       47.90521162       -1  -1   1   1   1 hole      
    55       63.87361549        2   0   0  -1   1 hole      
    56       63.87361549        2   0   0   1   1 hole      
    57       63.87361549        0   2   0  -1   1 hole      
    58       63.87361549        0   2   0   1   1 hole      
    59       63.87361549        0   0   2  -1   1 hole      
    60       63.87361549        0   0   2   1   1 hole      
    61       63.87361549        0  -2   0  -1   1 hole      
    62       63.87361549        0  -2   0   1   1 hole      
    63       63.87361549       -2   0   0  -1   1 hole      
    64       63.87361549       -2   0   0   1   1 hole      
    65       63.87361549        0   0  -2  -1   1 hole      
    66       63.87361549        0   0  -2   1   1 hole      
 Unoccupied j-orbits
    67       79.84201937       -1   0   2  -1   1 particle  
    68       79.84201937       -1   0   2   1   1 particle  
    69       79.84201937        0  -1   2  -1   1 particle  
    70       79.84201937        0  -1   2   1   1 particle  
    71       79.84201937       -2  -1   0  -1   1 particle  
    72       79.84201937       -2  -1   0   1   1 particle  
    73       79.84201937        0  -1  -2  -1   1 particle  
    74       79.84201937        0  -1  -2   1   1 particle  
    75       79.84201937        1   0   2  -1   1 particle  
    76       79.84201937        1   0   2   1   1 particle  
    77       79.84201937       -2   0   1  -1   1 particle  
 Sz and Tz for vacuum state   0.0000000000000000        66.000000000000000     
          -8           8          -8           8          -8           8
 Total memory for lookup configs   5.6901119999999113E-003 GByte
 Total memory for channels   4.0880000000000002E-005 GByte
              8067968      252124         185
              8067968      252124        1816
 Setting up vnn for hhhh block
 Time to setup hhhh block  0.22641729505266994     
 Setting up vnn for hhhp block
 Time to setup hhhp block  0.44023932900745422     
 Setting up vnn for hhpp block
 Time to setup hhpp block   1.8330193939618766     
 Setting up vnn for hphp block
 Time to setup hphp block   1.0776323600439355     
 Setting up vnn for pppp block
 Time to setup pppp block   17.442977467086166     
 Total memory for vnn storage  0.31066944000000035      GByte
          -8           8          -8           8          -8           8
 Total memory for lookup ph configs   3.6748800000001611E-003 GByte
 Total memory for ph channels   8.7168000000000003E-005 GByte
              8067968      252124        1816
 Setting up vnn for ph hpph block
 Time to setup ph hpph block  0.15046293602790684     
 Total memory for vnn/t2 ph storage  0.25817497600000122      GByte
 kinetic energy =               (2491.0710042661754,0.0000000000000000)
 below_ef =          66
 Vacuum expectation value               (1391.5414789810818,0.0000000000000000)
 here we go...
 here we go...
 here we go...
 here we go...
 here we go...
 here we go...
 here we go...
 here we go...
 here we go...
 here we go...
 here we go...
 here we go...
 here we go...
 here we go...
 here we go...
 here we go...
 here we go...
 here we go...
 here we go...
 here we go...
 here we go...
 here we go...
 here we go...
 Total memory for t2 storage  0.25817497600000017      GByte
 here we go...
 here we go...
 here we go...
 here we go...
 here we go...
 here we go...
 here we go...
 here we go...
 here we go...
 CCD energy         (1246.1573573859398,9.02577275082984544E-018)
 diis space     8067968
 Storage of diis vectors  0.90361241599999997      Gb
 CCD energy        (1257.9030083313123,-4.00503081914391938E-018)
dener    0    1  0.11745651E+02
 CCD energy         (1265.5828257264104,1.83580327226949783E-017)
dener    0    2  0.76798174E+01
 CCD energy         (1270.5687857795851,1.38549365116546064E-017)
dener    0    3  0.49859601E+01
 CCD energy         (1273.7847856279423,3.55964580318330233E-018)
dener    0    4  0.32159998E+01
 CCD energy         (1275.8451667033403,5.17631769488714281E-018)
dener    0    5  0.20603811E+01
diis_mat    1    1  0.1710E-01
diis_mat    1    2  0.1128E-01
diis_mat    1    3  0.7426E-02
diis_mat    1    4  0.4892E-02
diis_mat    1    5  0.3230E-02
diis_mat    1    6 -0.1000E+01
diis_mat    2    1  0.1128E-01
diis_mat    2    2  0.7475E-02
diis_mat    2    3  0.4951E-02
diis_mat    2    4  0.3286E-02
diis_mat    2    5  0.2192E-02
diis_mat    2    6 -0.1000E+01
diis_mat    3    1  0.7426E-02
diis_mat    3    2  0.4951E-02
diis_mat    3    3  0.3305E-02
diis_mat    3    4  0.2216E-02
diis_mat    3    5  0.1496E-02
diis_mat    3    6 -0.1000E+01
diis_mat    4    1  0.4892E-02
diis_mat    4    2  0.3286E-02
diis_mat    4    3  0.2216E-02
diis_mat    4    4  0.1504E-02
diis_mat    4    5  0.1032E-02
diis_mat    4    6 -0.1000E+01
diis_mat    5    1  0.3230E-02
diis_mat    5    2  0.2192E-02
diis_mat    5    3  0.1496E-02
diis_mat    5    4  0.1032E-02
diis_mat    5    5  0.7207E-03
diis_mat    5    6 -0.1000E+01
diis_mat    6    1 -0.1000E+01
diis_mat    6    2 -0.1000E+01
diis_mat    6    3 -0.1000E+01
diis_mat    6    4 -0.1000E+01
diis_mat    6    5 -0.1000E+01
diis_mat    6    6  0.0000E+00
 csysv info           0
sol_vec    1  0.2084E+02 -0.9771E-08
sol_vec    2 -0.1410E+03  0.5294E-07
sol_vec    3  0.3420E+03 -0.1066E-06
sol_vec    4 -0.3565E+03  0.9442E-07
sol_vec    5  0.1357E+03 -0.3094E-07
sol_vec    6  0.2236E-05  0.2361E-14
 CCD energy         (1278.9788008016922,1.85183865549970264E-010)
dener    0    6  0.31336341E+01
 CCD energy         (1278.9693040971981,1.26079203626870250E-010)
dener    0    7 -0.94967045E-02
 CCD energy         (1278.9658518429619,8.66570417702684206E-011)
dener    0    8 -0.34522542E-02
 CCD energy         (1278.9655876547451,6.02533675425836658E-011)
dener    0    9 -0.26418822E-03
 CCD energy         (1278.9668585423626,4.24776319785894329E-011)
dener    0   10  0.12708876E-02
 CCD energy         (1278.9687346718861,3.04337805205807511E-011)
dener    0   11  0.18761295E-02
diis_mat    1    1  0.2133E-05
diis_mat    1    2  0.1703E-05
diis_mat    1    3  0.1385E-05
diis_mat    1    4  0.1144E-05
diis_mat    1    5  0.9578E-06
diis_mat    1    6 -0.1000E+01
diis_mat    2    1  0.1703E-05
diis_mat    2    2  0.1383E-05
diis_mat    2    3  0.1141E-05
diis_mat    2    4  0.9545E-06
diis_mat    2    5  0.8070E-06
diis_mat    2    6 -0.1000E+01
diis_mat    3    1  0.1385E-05
diis_mat    3    2  0.1141E-05
diis_mat    3    3  0.9534E-06
diis_mat    3    4  0.8054E-06
diis_mat    3    5  0.6865E-06
diis_mat    3    6 -0.1000E+01
diis_mat    4    1  0.1144E-05
diis_mat    4    2  0.9545E-06
diis_mat    4    3  0.8054E-06
diis_mat    4    4  0.6858E-06
diis_mat    4    5  0.5884E-06
diis_mat    4    6 -0.1000E+01
diis_mat    5    1  0.9578E-06
diis_mat    5    2  0.8070E-06
diis_mat    5    3  0.6865E-06
diis_mat    5    4  0.5884E-06
diis_mat    5    5  0.5074E-06
diis_mat    5    6 -0.1000E+01
diis_mat    6    1 -0.1000E+01
diis_mat    6    2 -0.1000E+01
diis_mat    6    3 -0.1000E+01
diis_mat    6    4 -0.1000E+01
diis_mat    6    5 -0.1000E+01
diis_mat    6    6  0.0000E+00
 csysv info           0
sol_vec    1  0.1657E+03 -0.3016E-05
sol_vec    2 -0.8826E+03  0.1499E-04
sol_vec    3  0.1752E+04 -0.2766E-04
sol_vec    4 -0.1537E+04  0.2247E-04
sol_vec    5  0.5025E+03 -0.6787E-05
sol_vec    6  0.9463E-10  0.2288E-16
 CCD energy        (1278.9765386039239,-4.79761003095812456E-011)
dener    0   12  0.78039320E-02
 CCD energy        (1278.9765525392404,-3.07265728474097074E-011)
dener    0   13  0.13935317E-04
 CCD energy        (1278.9765626164660,-1.89678708924741869E-011)
dener    0   14  0.10077226E-04
 CCD energy        (1278.9765702208124,-1.10394730617522051E-011)
dener    0   15  0.76043464E-05
 CCD energy        (1278.9765760274543,-5.76703576202007854E-012)
dener    0   16  0.58066419E-05
 CCD energy        (1278.9765803906375,-2.32426429364293937E-012)
dener    0   17  0.43631833E-05
diis_mat    1    1  0.6194E-10
diis_mat    1    2  0.4999E-10
diis_mat    1    3  0.4048E-10
diis_mat    1    4  0.3286E-10
diis_mat    1    5  0.2674E-10
diis_mat    1    6 -0.1000E+01
diis_mat    2    1  0.4999E-10
diis_mat    2    2  0.4058E-10
diis_mat    2    3  0.3302E-10
diis_mat    2    4  0.2692E-10
diis_mat    2    5  0.2200E-10
diis_mat    2    6 -0.1000E+01
diis_mat    3    1  0.4048E-10
diis_mat    3    2  0.3302E-10
diis_mat    3    3  0.2698E-10
diis_mat    3    4  0.2209E-10
diis_mat    3    5  0.1811E-10
diis_mat    3    6 -0.1000E+01
diis_mat    4    1  0.3286E-10
diis_mat    4    2  0.2692E-10
diis_mat    4    3  0.2209E-10
diis_mat    4    4  0.1815E-10
diis_mat    4    5  0.1493E-10
diis_mat    4    6 -0.1000E+01
diis_mat    5    1  0.2674E-10
diis_mat    5    2  0.2200E-10
diis_mat    5    3  0.1811E-10
diis_mat    5    4  0.1493E-10
diis_mat    5    5  0.1232E-10
diis_mat    5    6 -0.1000E+01
diis_mat    6    1 -0.1000E+01
diis_mat    6    2 -0.1000E+01
diis_mat    6    3 -0.1000E+01
diis_mat    6    4 -0.1000E+01
diis_mat    6    5 -0.1000E+01
diis_mat    6    6  0.0000E+00
 csysv info           0
sol_vec    1  0.8995E+02  0.2100E-05
sol_vec    2 -0.4902E+03 -0.1088E-04
sol_vec    3  0.9971E+03  0.2094E-04
sol_vec    4 -0.8972E+03 -0.1773E-04
sol_vec    5  0.3014E+03  0.5577E-05
sol_vec    6  0.2241E-14  0.1811E-20
 CCD energy        (1278.9765623131084,-2.44793387591529218E-013)
dener    0   18 -0.18077529E-04
 CCD energy        (1278.9765630472675,-1.47694956038124137E-013)
dener    0   19  0.73415927E-06
 Total execution time CCD   36.148283764952794     
 preparing to do CCD(T): 
          -8           8          -8           8          -8           8
 Total memory for lookup configs   1.1863487999999986E-002 GByte
 Total memory for channels   1.1892543999999986E-002 GByte
             89696544     2803017        1816
 Setting up vnn (NN) for hppp block
 Time to setup hppp block   6.7446169659961015     
 Total memory for vnn storage  0.72946489599999531      GByte
          12          12          12           3           3
 Total memory for lookup t3-confs   1.2188792640000019      Gbyte
 3NF with deltas: T
           9835169512   307349047         539

 proc number   0      % work  0.100000E+03

          Channel #:     1
    Row index start:     1
      Row index end:     2
 Column index start:     1
   Column index end:  ****

          Channel #:     2
    Row index start:     1
      Row index end:     2
 Column index start:     1
   Column index end:  ****

          Channel #:     3
    Row index start:     1
      Row index end:     2
 Column index start:     1
   Column index end:  ****

          Channel #:     4
    Row index start:     1
      Row index end:     2
 Column index start:     1
   Column index end:  ****

          Channel #:     5
    Row index start:     1
      Row index end:     2
 Column index start:     1
   Column index end:  ****

          Channel #:     6
    Row index start:     1
      Row index end:     2
 Column index start:     1
   Column index end:  ****

          Channel #:     7
    Row index start:     1
      Row index end:     2
 Column index start:     1
   Column index end:  ****

          Channel #:     8
    Row index start:     1
      Row index end:     2
 Column index start:     1
   Column index end:  ****

          Channel #:     9
    Row index start:     1
      Row index end:     2
 Column index start:     1
   Column index end:  ****

          Channel #:    10
    Row index start:     1
      Row index end:     2
 Column index start:     1
   Column index end:  ****

          Channel #:    11
    Row index start:     1
      Row index end:     8
 Column index start:     1
   Column index end:  ****

          Channel #:    12
    Row index start:     1
      Row index end:    12
 Column index start:     1
   Column index end:  ****

          Channel #:    13
    Row index start:     1
      Row index end:     8
 Column index start:     1
   Column index end:  ****

          Channel #:    14
    Row index start:     1
      Row index end:     2
 Column index start:     1
   Column index end:  ****

          Channel #:    15
    Row index start:     1
      Row index end:     8
 Column index start:     1
   Column index end:  ****

          Channel #:    16
    Row index start:     1
      Row index end:    18
 Column index start:     1
   Column index end:  ****

          Channel #:    17
    Row index start:     1
      Row index end:    26
 Column index start:     1
   Column index end:  ****

          Channel #:    18
    Row index start:     1
      Row index end:    18
 Column index start:     1
   Column index end:  ****

          Channel #:    19
    Row index start:     1
      Row index end:     8
 Column index start:     1
   Column index end:  ****

          Channel #:    20
    Row index start:     1
      Row index end:    12
 Column index start:     1
   Column index end:  ****

          Channel #:    21
    Row index start:     1
      Row index end:    26
 Column index start:     1
   Column index end:  ****

          Channel #:    22
    Row index start:     1
      Row index end:    36
 Column index start:     1
   Column index end:  ****

          Channel #:    23
    Row index start:     1
      Row index end:    26
 Column index start:     1
   Column index end:  ****

          Channel #:    24
    Row index start:     1
      Row index end:    12
 Column index start:     1
   Column index end:  ****

          Channel #:    25
    Row index start:     1
      Row index end:     8
 Column index start:     1
   Column index end:  ****

          Channel #:    26
    Row index start:     1
      Row index end:    18
 Column index start:     1
   Column index end:  ****

          Channel #:    27
    Row index start:     1
      Row index end:    26
 Column index start:     1
   Column index end:  ****

          Channel #:    28
    Row index start:     1
      Row index end:    18
 Column index start:     1
   Column index end:  ****

          Channel #:    29
    Row index start:     1
      Row index end:     8
 Column index start:     1
   Column index end:  ****

          Channel #:    30
    Row index start:     1
      Row index end:     2
 Column index start:     1
   Column index end:  ****

          Channel #:    31
    Row index start:     1
      Row index end:     8
 Column index start:     1
   Column index end:  ****

          Channel #:    32
    Row index start:     1
      Row index end:    12
 Column index start:     1
   Column index end:  ****

          Channel #:    33
    Row index start:     1
      Row index end:     8
 Column index start:     1
   Column index end:  ****

          Channel #:    34
    Row index start:     1
      Row index end:     2
 Column index start:     1
   Column index end:  ****

          Channel #:    35
    Row index start:     1
      Row index end:     2
 Column index start:     1
   Column index end:  ****

          Channel #:    36
    Row index start:     1
      Row index end:    12
 Column index start:     1
   Column index end:  ****

          Channel #:    37
    Row index start:     1
      Row index end:    16
 Column index start:     1
   Column index end:  ****

          Channel #:    38
    Row index start:     1
      Row index end:    12
 Column index start:     1
   Column index end:  ****

          Channel #:    39
    Row index start:     1
      Row index end:     2
 Column index start:     1
   Column index end:  ****

          Channel #:    40
    Row index start:     1
      Row index end:     2
 Column index start:     1
   Column index end:  ****

          Channel #:    41
    Row index start:     1
      Row index end:    18
 Column index start:     1
   Column index end:  ****

          Channel #:    42
    Row index start:     1
      Row index end:    44
 Column index start:     1
   Column index end:  ****

          Channel #:    43
    Row index start:     1
      Row index end:    58
 Column index start:     1
   Column index end:  ****

          Channel #:    44
    Row index start:     1
      Row index end:    44
 Column index start:     1
   Column index end:  ****

          Channel #:    45
    Row index start:     1
      Row index end:    18
 Column index start:     1
   Column index end:  ****

          Channel #:    46
    Row index start:     1
      Row index end:     2
 Column index start:     1
   Column index end:  ****

          Channel #:    47
    Row index start:     1
      Row index end:    12
 Column index start:     1
   Column index end:  ****

          Channel #:    48
    Row index start:     1
      Row index end:    44
 Column index start:     1
   Column index end:  ****

          Channel #:    49
    Row index start:     1
      Row index end:    90
 Column index start:     1
   Column index end:  ****

          Channel #:    50
    Row index start:     1
      Row index end:   110
 Column index start:     1
   Column index end:  ****

          Channel #:    51
    Row index start:     1
      Row index end:    90
 Column index start:     1
   Column index end:  ****

          Channel #:    52
    Row index start:     1
      Row index end:    44
 Column index start:     1
   Column index end:  ****

          Channel #:    53
    Row index start:     1
      Row index end:    12
 Column index start:     1
   Column index end:  ****

          Channel #:    54
    Row index start:     1
      Row index end:    16
 Column index start:     1
   Column index end:  ****

          Channel #:    55
    Row index start:     1
      Row index end:    58
 Column index start:     1
   Column index end:  ****

          Channel #:    56
    Row index start:     1
      Row index end:   110
 Column index start:     1
   Column index end:  ****

          Channel #:    57
    Row index start:     1
      Row index end:   138
 Column index start:     1
   Column index end:  ****

          Channel #:    58
    Row index start:     1
      Row index end:   110
 Column index start:     1
   Column index end:  ****

          Channel #:    59
    Row index start:     1
      Row index end:    58
 Column index start:     1
   Column index end:  ****

          Channel #:    60
    Row index start:     1
      Row index end:    16
 Column index start:     1
   Column index end:  ****

          Channel #:    61
    Row index start:     1
      Row index end:    12
 Column index start:     1
   Column index end:  ****

          Channel #:    62
    Row index start:     1
      Row index end:    44
 Column index start:     1
   Column index end:  ****

          Channel #:    63
    Row index start:     1
      Row index end:    90
 Column index start:     1
   Column index end:  ****
           1      140934           2
           2      142142           2
           3      140934           2
           4      142142           2
           5      143314           2
           6      142142           2
           7      140934           2
           8      142142           2
           9      140934           2
          10      165140           2
          11      171146           8
          12      172700          12
          13      171146           8
          14      165140           2
          15      171146           8
          16      177104          18
          17      178618          26
          18      177104          18
          19      171146           8
          20      172700          12
          21      178618          26
          22      180090          36
          23      178618          26
          24      172700          12
          25      171146           8
          26      177104          18
          27      178618          26
          28      177104          18
          29      171146           8
          30      165140           2
          31      171146           8
          32      172700          12
          33      171146           8
          34      165140           2
          35      175428           2
          36      181878          12
          37      183578          16
          38      181878          12
          39      175428           2
          40      175428           2
          41      189980          18
          42      196714          44
          43      198434          58
          44      196714          44
          45      189980          18
          46      175428           2
          47      181878          12
          48      196714          44
          49      203344          90
          50      205010         110
          51      203344          90
          52      196714          44
          53      181878          12
          54      183578          16
          55      198434          58
          56      205010         110
          57      206610         138
          58      205010         110
          59      198434          58
          60      183578          16
          61      181878          12
          62      196714          44
          63      203344          90
 EXECUTION TIME FOR CCD(T)   61.850611869012937     
Kf, Dens          1.74675           0.18000  CCSD(T)         -0.16314            0.00000


 ---------------------------------------------------------------------
 Boxsize   7.1574305633964697      Nmax           4
 A, Density, Kf          66  0.17999999999999999        1.7467516750896346     
 Twist averaged E0/N               (21.083961802743662,0.0000000000000000)
 Twist averaged mbpt2         (18.881172081605147,1.36754132588330981E-019)
 Twist averaged CCSD        (19.378432773443446,-2.23780236421400203E-015)
 kinetic_TF   2503.6497985559886     
  0.17999999999999999                    (21.083961802743662,0.0000000000000000)        (1278.9765630472675,-1.47694956038124137E-013)

 E/N   1.74675167      0.180000007       21.083961802743662        18.881172081605147        19.378432773443446        19.215290533819655     
#Nmax, Nucleons, 3NFnexp, 3NFCutoff: 4  66 3 450
     0.00000     0.00000     1.74675     0.18000    21.08396    18.88117    19.37843    19.21529
 ---------------------------------------------------------------------
 Total execution time for CCD code   138.53409497207031     
