Boundary Conditions PBC                                                                                                 
CC approx CCD(T)                                                                                              
 TNF: F TNF-approx:           0
 3NF Cutoff:   450.00000000000000      Nexp_3NF:           3
 NN regulator Exponent:    3.0000000000000000     
 -----------
 NN ci's
   0.0000000000000000     
   0.0000000000000000     
   0.0000000000000000     
   0.0000000000000000     
 3NF ci's
   0.0000000000000000     
   0.0000000000000000     
   0.0000000000000000     
   0.0000000000000000     
 -----------
 --------
 c1s0(-1) -0.11292668234872000     
 c1s0(0) -0.11292668234872000     
 c1s0(1) -0.11292668234872000     
 c3s1(-1)  -8.7339820926559994E-002
 c3s1(0)  -8.7339820926559994E-002
 c3s1(1)  -8.7339820926559994E-002
 --------
 -----------
 NLO contacts PW
   0.0000000000000000     
   0.0000000000000000     
   0.0000000000000000     
   0.0000000000000000     
   0.0000000000000000     
   0.0000000000000000     
   0.0000000000000000     
 ----------
          C1            0.0000000000000000
          C2            0.0000000000000000
          C3           -0.0000000000000000
          C4           -0.0000000000000000
          C5           -0.0000000000000000
          C6            0.0000000000000000
          C7           -0.0000000000000000
          D1           -0.3771581126597507
          D2           -0.9305750209334183
          D3            2.1195254080520742
          D4           -2.1246309930064329
          D5           -0.0131882077354610
          D6            0.6645429882213397
          D7            0.7806033045976430
          D8           -0.4752342494327860
          D9            0.0920642557695526
         D10           -0.0312443369241453
         D11            0.0232036046033312
         D12           -0.3040203100732521
         D13           -0.2963726204319913
         D14            1.4856672935233888
         D15           -0.3992014237014200

   3NF LECs:
          C1            0.0000000000000000
          C3            0.0000000000000000
          C4            0.0000000000000000
          cE            0.0000000000000000
          cD            0.0000000000000000

 delta_chiral_order           0
 delta cutoff   450.00000000000000     
 Boxsize   5.9083287523375061     
 Density  0.32000000000000001     
 K_f   2.1160389595796065     
 Nmax           4
 Total number of states        1458
 K-mesh   0.0000000000000000     
 K-mesh  -1.0634454463444962     
 K-mesh   1.0634454463444962     
 K-mesh  -2.1268908926889925     
 K-mesh   2.1268908926889925     
 K-mesh  -3.1903363390334891     
 K-mesh   3.1903363390334891     
 K-mesh  -4.2537817853779849     
 K-mesh   4.2537817853779849     
   0.0000000000000000        5.9083287523375061     
   0.0000000000000000        5.9083287523375061     
   0.0000000000000000        5.9083287523375061     
   0.0000000000000000        5.9083287523375061     
 Kz-mesh   0.0000000000000000     
 Kz-mesh  -1.0634454463444962     
 Kz-mesh   1.0634454463444962     
 Kz-mesh  -2.1268908926889925     
 Kz-mesh   2.1268908926889925     
 Kz-mesh  -3.1903363390334891     
 Kz-mesh   3.1903363390334891     
 Kz-mesh  -4.2537817853779849     
 Kz-mesh   4.2537817853779849     
 KY-mesh   0.0000000000000000     
 KY-mesh  -1.0634454463444962     
 KY-mesh   1.0634454463444962     
 KY-mesh  -2.1268908926889925     
 KY-mesh   2.1268908926889925     
 KY-mesh  -3.1903363390334891     
 KY-mesh   3.1903363390334891     
 KY-mesh  -4.2537817853779849     
 KY-mesh   4.2537817853779849     
           4           4           4          -1           1           1           1
 nkmin, nkmax           4           4           4
 Occupied j-orbits
     1       0.000000000        0   0   0  -1   1 hole      
     2       0.000000000        0   0   0   1   1 hole      
     3       23.43400350       -1   0   0  -1   1 hole      
     4       23.43400350       -1   0   0   1   1 hole      
     5       23.43400350        0   0  -1  -1   1 hole      
     6       23.43400350        0   0  -1   1   1 hole      
     7       23.43400350        0  -1   0  -1   1 hole      
     8       23.43400350        0  -1   0   1   1 hole      
     9       23.43400350        0   1   0  -1   1 hole      
    10       23.43400350        0   1   0   1   1 hole      
    11       23.43400350        1   0   0  -1   1 hole      
    12       23.43400350        1   0   0   1   1 hole      
    13       23.43400350        0   0   1  -1   1 hole      
    14       23.43400350        0   0   1   1   1 hole      
    15       46.86800700        1   1   0  -1   1 hole      
    16       46.86800700        1   1   0   1   1 hole      
    17       46.86800700        0   1   1  -1   1 hole      
    18       46.86800700        0   1   1   1   1 hole      
    19       46.86800700        1  -1   0  -1   1 hole      
    20       46.86800700        1  -1   0   1   1 hole      
    21       46.86800700       -1   0  -1  -1   1 hole      
    22       46.86800700       -1   0  -1   1   1 hole      
    23       46.86800700       -1  -1   0  -1   1 hole      
    24       46.86800700       -1  -1   0   1   1 hole      
    25       46.86800700       -1   0   1  -1   1 hole      
    26       46.86800700       -1   0   1   1   1 hole      
    27       46.86800700       -1   1   0  -1   1 hole      
    28       46.86800700       -1   1   0   1   1 hole      
    29       46.86800700        0   1  -1  -1   1 hole      
    30       46.86800700        0   1  -1   1   1 hole      
    31       46.86800700        1   0   1  -1   1 hole      
    32       46.86800700        1   0   1   1   1 hole      
    33       46.86800700        0  -1   1  -1   1 hole      
    34       46.86800700        0  -1   1   1   1 hole      
    35       46.86800700        1   0  -1  -1   1 hole      
    36       46.86800700        1   0  -1   1   1 hole      
    37       46.86800700        0  -1  -1  -1   1 hole      
    38       46.86800700        0  -1  -1   1   1 hole      
    39       70.30201050        1  -1   1  -1   1 hole      
    40       70.30201050        1  -1   1   1   1 hole      
    41       70.30201050        1  -1  -1  -1   1 hole      
    42       70.30201050        1  -1  -1   1   1 hole      
    43       70.30201050       -1   1  -1  -1   1 hole      
    44       70.30201050       -1   1  -1   1   1 hole      
    45       70.30201050       -1   1   1  -1   1 hole      
    46       70.30201050       -1   1   1   1   1 hole      
    47       70.30201050       -1  -1  -1  -1   1 hole      
    48       70.30201050       -1  -1  -1   1   1 hole      
    49       70.30201050        1   1  -1  -1   1 hole      
    50       70.30201050        1   1  -1   1   1 hole      
    51       70.30201050        1   1   1  -1   1 hole      
    52       70.30201050        1   1   1   1   1 hole      
    53       70.30201050       -1  -1   1  -1   1 hole      
    54       70.30201050       -1  -1   1   1   1 hole      
    55       93.73601399        0   0  -2  -1   1 hole      
    56       93.73601399        0   0  -2   1   1 hole      
    57       93.73601399        2   0   0  -1   1 hole      
    58       93.73601399        2   0   0   1   1 hole      
    59       93.73601399        0   0   2  -1   1 hole      
    60       93.73601399        0   0   2   1   1 hole      
    61       93.73601399        0   2   0  -1   1 hole      
    62       93.73601399        0   2   0   1   1 hole      
    63       93.73601399        0  -2   0  -1   1 hole      
    64       93.73601399        0  -2   0   1   1 hole      
    65       93.73601399       -2   0   0  -1   1 hole      
    66       93.73601399       -2   0   0   1   1 hole      
 Unoccupied j-orbits
    67       117.1700175       -2   0  -1  -1   1 particle  
    68       117.1700175       -2   0  -1   1   1 particle  
    69       117.1700175       -1   0  -2  -1   1 particle  
    70       117.1700175       -1   0  -2   1   1 particle  
    71       117.1700175       -2   0   1  -1   1 particle  
    72       117.1700175       -2   0   1   1   1 particle  
    73       117.1700175       -2  -1   0  -1   1 particle  
    74       117.1700175       -2  -1   0   1   1 particle  
    75       117.1700175       -1   2   0  -1   1 particle  
    76       117.1700175       -1   2   0   1   1 particle  
    77       117.1700175       -2   1   0  -1   1 particle  
 Sz and Tz for vacuum state   0.0000000000000000        66.000000000000000     
          -8           8          -8           8          -8           8
 Total memory for lookup configs   5.6901119999999113E-003 GByte
 Total memory for channels   4.0880000000000002E-005 GByte
              8067968      252124         185
              8067968      252124        1816
 Setting up vnn for hhhh block
 Time to setup hhhh block  0.23706763400696218     
 Setting up vnn for hhhp block
 Time to setup hhhp block  0.43919378391001374     
 Setting up vnn for hhpp block
 Time to setup hhpp block   1.7803350880276412     
 Setting up vnn for hphp block
 Time to setup hphp block   1.0677735590143129     
 Setting up vnn for pppp block
 Time to setup pppp block   17.430256420047954     
 Total memory for vnn storage  0.31066944000000035      GByte
          -8           8          -8           8          -8           8
 Total memory for lookup ph configs   3.6748800000001611E-003 GByte
 Total memory for ph channels   8.7168000000000003E-005 GByte
              8067968      252124        1816
 Setting up vnn for ph hpph block
 Time to setup ph hpph block  0.15087123599369079     
 Total memory for vnn/t2 ph storage  0.25817497600000122      GByte
 kinetic energy =               (3655.7045457412332,0.0000000000000000)
 below_ef =          66
 Vacuum expectation value               (1875.4695512247647,0.0000000000000000)
 here we go...
 here we go...
 here we go...
 here we go...
 here we go...
 here we go...
 here we go...
 here we go...
 here we go...
 here we go...
 here we go...
 here we go...
 here we go...
 here we go...
 here we go...
 here we go...
 here we go...
 Total memory for t2 storage  0.25817497600000017      GByte
 here we go...
 here we go...
 here we go...
 here we go...
 here we go...
 here we go...
 here we go...
 here we go...
 here we go...
 here we go...
 here we go...
 here we go...
 here we go...
 here we go...
 here we go...
 CCD energy        (1802.2252097854555,-5.49171320425915911E-018)
 diis space     8067968
 Storage of diis vectors  0.90361241599999997      Gb
 CCD energy         (1807.3570844898734,7.15233738977195521E-018)
dener    0    1  0.51318747E+01
 CCD energy         (1810.6896435406306,5.95434905783315088E-018)
dener    0    2  0.33325591E+01
 CCD energy         (1812.8431023060471,1.30110720994709273E-018)
dener    0    3  0.21534588E+01
 CCD energy         (1814.2275524035888,3.85682737165412012E-018)
dener    0    4  0.13844501E+01
 CCD energy         (1815.1123472776494,6.42494350114575570E-018)
dener    0    5  0.88479487E+00
diis_mat    1    1  0.6021E-02
diis_mat    1    2  0.3923E-02
diis_mat    1    3  0.2560E-02
diis_mat    1    4  0.1676E-02
diis_mat    1    5  0.1103E-02
diis_mat    1    6 -0.1000E+01
diis_mat    2    1  0.3923E-02
diis_mat    2    2  0.2569E-02
diis_mat    2    3  0.1688E-02
diis_mat    2    4  0.1114E-02
diis_mat    2    5  0.7406E-03
diis_mat    2    6 -0.1000E+01
diis_mat    3    1  0.2560E-02
diis_mat    3    2  0.1688E-02
diis_mat    3    3  0.1118E-02
diis_mat    3    4  0.7453E-03
diis_mat    3    5  0.5011E-03
diis_mat    3    6 -0.1000E+01
diis_mat    4    1  0.1676E-02
diis_mat    4    2  0.1114E-02
diis_mat    4    3  0.7453E-03
diis_mat    4    4  0.5026E-03
diis_mat    4    5  0.3425E-03
diis_mat    4    6 -0.1000E+01
diis_mat    5    1  0.1103E-02
diis_mat    5    2  0.7406E-03
diis_mat    5    3  0.5011E-03
diis_mat    5    4  0.3425E-03
diis_mat    5    5  0.2370E-03
diis_mat    5    6 -0.1000E+01
diis_mat    6    1 -0.1000E+01
diis_mat    6    2 -0.1000E+01
diis_mat    6    3 -0.1000E+01
diis_mat    6    4 -0.1000E+01
diis_mat    6    5 -0.1000E+01
diis_mat    6    6  0.0000E+00
 csysv info           0
sol_vec    1  0.1144E+02  0.3092E-08
sol_vec    2 -0.7844E+02 -0.1612E-07
sol_vec    3  0.1950E+03  0.3133E-07
sol_vec    4 -0.2099E+03 -0.2684E-07
sol_vec    5  0.8290E+02  0.8545E-08
sol_vec    6  0.7915E-07 -0.4249E-16
 CCD energy        (1816.4681699434736,-1.41288921559926578E-011)
dener    0    6  0.13558227E+01
 CCD energy        (1816.4715660557413,-9.32955619906759853E-012)
dener    0    7  0.33961123E-02
 CCD energy        (1816.4740574248292,-6.17973458208080920E-012)
dener    0    8  0.24913691E-02
 CCD energy        (1816.4758967369903,-4.10813406755368833E-012)
dener    0    9  0.18393122E-02
 CCD energy        (1816.4772630980326,-2.74255840357931014E-012)
dener    0   10  0.13663610E-02
 CCD energy        (1816.4782840823866,-1.83997169844185351E-012)
dener    0   11  0.10209844E-02
diis_mat    1    1  0.5409E-07
diis_mat    1    2  0.4269E-07
diis_mat    1    3  0.3390E-07
diis_mat    1    4  0.2706E-07
diis_mat    1    5  0.2169E-07
diis_mat    1    6 -0.1000E+01
diis_mat    2    1  0.4269E-07
diis_mat    2    2  0.3387E-07
diis_mat    2    3  0.2702E-07
diis_mat    2    4  0.2165E-07
diis_mat    2    5  0.1742E-07
diis_mat    2    6 -0.1000E+01
diis_mat    3    1  0.3390E-07
diis_mat    3    2  0.2702E-07
diis_mat    3    3  0.2164E-07
diis_mat    3    4  0.1740E-07
diis_mat    3    5  0.1403E-07
diis_mat    3    6 -0.1000E+01
diis_mat    4    1  0.2706E-07
diis_mat    4    2  0.2165E-07
diis_mat    4    3  0.1740E-07
diis_mat    4    4  0.1402E-07
diis_mat    4    5  0.1134E-07
diis_mat    4    6 -0.1000E+01
diis_mat    5    1  0.2169E-07
diis_mat    5    2  0.1742E-07
diis_mat    5    3  0.1403E-07
diis_mat    5    4  0.1134E-07
diis_mat    5    5  0.9186E-08
diis_mat    5    6 -0.1000E+01
diis_mat    6    1 -0.1000E+01
diis_mat    6    2 -0.1000E+01
diis_mat    6    3 -0.1000E+01
diis_mat    6    4 -0.1000E+01
diis_mat    6    5 -0.1000E+01
diis_mat    6    6  0.0000E+00
 csysv info           0
sol_vec    1  0.7146E+02  0.1542E-05
sol_vec    2 -0.3937E+03 -0.7929E-05
sol_vec    3  0.8098E+03  0.1514E-04
sol_vec    4 -0.7371E+03 -0.1273E-04
sol_vec    5  0.2505E+03  0.3974E-05
sol_vec    6  0.2916E-12 -0.8806E-19
 CCD energy         (1816.4815361232929,9.95084145698663450E-013)
dener    0   12  0.32520409E-02
 CCD energy         (1816.4815122827576,1.84795744039649375E-013)
dener    0   13 -0.23840535E-04
 CCD energy        (1816.4814961162897,-2.45316593047543685E-013)
dener    0   14 -0.16166468E-04
 CCD energy        (1816.4814851024430,-4.49030721766875739E-013)
dener    0   15 -0.11013847E-04
 CCD energy        (1816.4814775587035,-5.21779221549920119E-013)
dener    0   16 -0.75437394E-05
 CCD energy        (1816.4814723600016,-5.22100069948251499E-013)
dener    0   17 -0.51987020E-05
diis_mat    1    1  0.1639E-12
diis_mat    1    2  0.1233E-12
diis_mat    1    3  0.9347E-13
diis_mat    1    4  0.7135E-13
diis_mat    1    5  0.5483E-13
diis_mat    1    6 -0.1000E+01
diis_mat    2    1  0.1233E-12
diis_mat    2    2  0.9344E-13
diis_mat    2    3  0.7130E-13
diis_mat    2    4  0.5477E-13
diis_mat    2    5  0.4233E-13
diis_mat    2    6 -0.1000E+01
diis_mat    3    1  0.9347E-13
diis_mat    3    2  0.7130E-13
diis_mat    3    3  0.5475E-13
diis_mat    3    4  0.4230E-13
diis_mat    3    5  0.3288E-13
diis_mat    3    6 -0.1000E+01
diis_mat    4    1  0.7135E-13
diis_mat    4    2  0.5477E-13
diis_mat    4    3  0.4230E-13
diis_mat    4    4  0.3287E-13
diis_mat    4    5  0.2567E-13
diis_mat    4    6 -0.1000E+01
diis_mat    5    1  0.5483E-13
diis_mat    5    2  0.4233E-13
diis_mat    5    3  0.3288E-13
diis_mat    5    4  0.2567E-13
diis_mat    5    5  0.2015E-13
diis_mat    5    6 -0.1000E+01
diis_mat    6    1 -0.1000E+01
diis_mat    6    2 -0.1000E+01
diis_mat    6    3 -0.1000E+01
diis_mat    6    4 -0.1000E+01
diis_mat    6    5 -0.1000E+01
diis_mat    6    6  0.0000E+00
 csysv info           0
sol_vec    1  0.7891E+02 -0.4030E-04
sol_vec    2 -0.4291E+03  0.1991E-03
sol_vec    3  0.8722E+03 -0.3665E-03
sol_vec    4 -0.7856E+03  0.2979E-03
sol_vec    5  0.2645E+03 -0.9024E-04
sol_vec    6  0.8762E-18 -0.5085E-24
 CCD energy        (1816.4814593680399,-3.43425487002844966E-013)
dener    0   18 -0.12991962E-04
 CCD energy        (1816.4814593856111,-2.07358830535014259E-013)
dener    0   19  0.17571409E-07
 Total execution time CCD   42.288663931074552     
 preparing to do CCD(T): 
          -8           8          -8           8          -8           8
 Total memory for lookup configs   1.1863487999999986E-002 GByte
 Total memory for channels   1.1892543999999986E-002 GByte
             89696544     2803017        1816
 Setting up vnn (NN) for hppp block
 Time to setup hppp block   6.7398216719739139     
 Total memory for vnn storage  0.72946489599999531      GByte
          12          12          12           3           3
 Total memory for lookup t3-confs   1.2188792640000019      Gbyte
 3NF with deltas: T
           9835169512   307349047         539

 proc number   0      % work  0.100000E+03

          Channel #:     1
    Row index start:     1
      Row index end:     2
 Column index start:     1
   Column index end:  ****

          Channel #:     2
    Row index start:     1
      Row index end:     2
 Column index start:     1
   Column index end:  ****

          Channel #:     3
    Row index start:     1
      Row index end:     2
 Column index start:     1
   Column index end:  ****

          Channel #:     4
    Row index start:     1
      Row index end:     2
 Column index start:     1
   Column index end:  ****

          Channel #:     5
    Row index start:     1
      Row index end:     2
 Column index start:     1
   Column index end:  ****

          Channel #:     6
    Row index start:     1
      Row index end:     2
 Column index start:     1
   Column index end:  ****

          Channel #:     7
    Row index start:     1
      Row index end:     2
 Column index start:     1
   Column index end:  ****

          Channel #:     8
    Row index start:     1
      Row index end:     2
 Column index start:     1
   Column index end:  ****

          Channel #:     9
    Row index start:     1
      Row index end:     2
 Column index start:     1
   Column index end:  ****

          Channel #:    10
    Row index start:     1
      Row index end:     2
 Column index start:     1
   Column index end:  ****

          Channel #:    11
    Row index start:     1
      Row index end:     8
 Column index start:     1
   Column index end:  ****

          Channel #:    12
    Row index start:     1
      Row index end:    12
 Column index start:     1
   Column index end:  ****

          Channel #:    13
    Row index start:     1
      Row index end:     8
 Column index start:     1
   Column index end:  ****

          Channel #:    14
    Row index start:     1
      Row index end:     2
 Column index start:     1
   Column index end:  ****

          Channel #:    15
    Row index start:     1
      Row index end:     8
 Column index start:     1
   Column index end:  ****

          Channel #:    16
    Row index start:     1
      Row index end:    18
 Column index start:     1
   Column index end:  ****

          Channel #:    17
    Row index start:     1
      Row index end:    26
 Column index start:     1
   Column index end:  ****

          Channel #:    18
    Row index start:     1
      Row index end:    18
 Column index start:     1
   Column index end:  ****

          Channel #:    19
    Row index start:     1
      Row index end:     8
 Column index start:     1
   Column index end:  ****

          Channel #:    20
    Row index start:     1
      Row index end:    12
 Column index start:     1
   Column index end:  ****

          Channel #:    21
    Row index start:     1
      Row index end:    26
 Column index start:     1
   Column index end:  ****

          Channel #:    22
    Row index start:     1
      Row index end:    36
 Column index start:     1
   Column index end:  ****

          Channel #:    23
    Row index start:     1
      Row index end:    26
 Column index start:     1
   Column index end:  ****

          Channel #:    24
    Row index start:     1
      Row index end:    12
 Column index start:     1
   Column index end:  ****

          Channel #:    25
    Row index start:     1
      Row index end:     8
 Column index start:     1
   Column index end:  ****

          Channel #:    26
    Row index start:     1
      Row index end:    18
 Column index start:     1
   Column index end:  ****

          Channel #:    27
    Row index start:     1
      Row index end:    26
 Column index start:     1
   Column index end:  ****

          Channel #:    28
    Row index start:     1
      Row index end:    18
 Column index start:     1
   Column index end:  ****

          Channel #:    29
    Row index start:     1
      Row index end:     8
 Column index start:     1
   Column index end:  ****

          Channel #:    30
    Row index start:     1
      Row index end:     2
 Column index start:     1
   Column index end:  ****

          Channel #:    31
    Row index start:     1
      Row index end:     8
 Column index start:     1
   Column index end:  ****

          Channel #:    32
    Row index start:     1
      Row index end:    12
 Column index start:     1
   Column index end:  ****

          Channel #:    33
    Row index start:     1
      Row index end:     8
 Column index start:     1
   Column index end:  ****

          Channel #:    34
    Row index start:     1
      Row index end:     2
 Column index start:     1
   Column index end:  ****

          Channel #:    35
    Row index start:     1
      Row index end:     2
 Column index start:     1
   Column index end:  ****

          Channel #:    36
    Row index start:     1
      Row index end:    12
 Column index start:     1
   Column index end:  ****

          Channel #:    37
    Row index start:     1
      Row index end:    16
 Column index start:     1
   Column index end:  ****

          Channel #:    38
    Row index start:     1
      Row index end:    12
 Column index start:     1
   Column index end:  ****

          Channel #:    39
    Row index start:     1
      Row index end:     2
 Column index start:     1
   Column index end:  ****

          Channel #:    40
    Row index start:     1
      Row index end:     2
 Column index start:     1
   Column index end:  ****

          Channel #:    41
    Row index start:     1
      Row index end:    18
 Column index start:     1
   Column index end:  ****

          Channel #:    42
    Row index start:     1
      Row index end:    44
 Column index start:     1
   Column index end:  ****

          Channel #:    43
    Row index start:     1
      Row index end:    58
 Column index start:     1
   Column index end:  ****

          Channel #:    44
    Row index start:     1
      Row index end:    44
 Column index start:     1
   Column index end:  ****

          Channel #:    45
    Row index start:     1
      Row index end:    18
 Column index start:     1
   Column index end:  ****

          Channel #:    46
    Row index start:     1
      Row index end:     2
 Column index start:     1
   Column index end:  ****

          Channel #:    47
    Row index start:     1
      Row index end:    12
 Column index start:     1
   Column index end:  ****

          Channel #:    48
    Row index start:     1
      Row index end:    44
 Column index start:     1
   Column index end:  ****

          Channel #:    49
    Row index start:     1
      Row index end:    90
 Column index start:     1
   Column index end:  ****

          Channel #:    50
    Row index start:     1
      Row index end:   110
 Column index start:     1
   Column index end:  ****

          Channel #:    51
    Row index start:     1
      Row index end:    90
 Column index start:     1
   Column index end:  ****

          Channel #:    52
    Row index start:     1
      Row index end:    44
 Column index start:     1
   Column index end:  ****

          Channel #:    53
    Row index start:     1
      Row index end:    12
 Column index start:     1
   Column index end:  ****

          Channel #:    54
    Row index start:     1
      Row index end:    16
 Column index start:     1
   Column index end:  ****

          Channel #:    55
    Row index start:     1
      Row index end:    58
 Column index start:     1
   Column index end:  ****

          Channel #:    56
    Row index start:     1
      Row index end:   110
 Column index start:     1
   Column index end:  ****

          Channel #:    57
    Row index start:     1
      Row index end:   138
 Column index start:     1
   Column index end:  ****

          Channel #:    58
    Row index start:     1
      Row index end:   110
 Column index start:     1
   Column index end:  ****

          Channel #:    59
    Row index start:     1
      Row index end:    58
 Column index start:     1
   Column index end:  ****

          Channel #:    60
    Row index start:     1
      Row index end:    16
 Column index start:     1
   Column index end:  ****

          Channel #:    61
    Row index start:     1
      Row index end:    12
 Column index start:     1
   Column index end:  ****

          Channel #:    62
    Row index start:     1
      Row index end:    44
 Column index start:     1
   Column index end:  ****

          Channel #:    63
    Row index start:     1
      Row index end:    90
 Column index start:     1
   Column index end:  ****
           1      140934           2
           2      142142           2
           3      140934           2
           4      142142           2
           5      143314           2
           6      142142           2
           7      140934           2
           8      142142           2
           9      140934           2
          10      165140           2
          11      171146           8
          12      172700          12
          13      171146           8
          14      165140           2
          15      171146           8
          16      177104          18
          17      178618          26
          18      177104          18
          19      171146           8
          20      172700          12
          21      178618          26
          22      180090          36
          23      178618          26
          24      172700          12
          25      171146           8
          26      177104          18
          27      178618          26
          28      177104          18
          29      171146           8
          30      165140           2
          31      171146           8
          32      172700          12
          33      171146           8
          34      165140           2
          35      175428           2
          36      181878          12
          37      183578          16
          38      181878          12
          39      175428           2
          40      175428           2
          41      189980          18
          42      196714          44
          43      198434          58
          44      196714          44
          45      189980          18
          46      175428           2
          47      181878          12
          48      196714          44
          49      203344          90
          50      205010         110
          51      203344          90
          52      196714          44
          53      181878          12
          54      183578          16
          55      198434          58
          56      205010         110
          57      206610         138
          58      205010         110
          59      198434          58
          60      183578          16
          61      181878          12
          62      196714          44
          63      203344          90
 EXECUTION TIME FOR CCD(T)   61.920939516974613     
Kf, Dens          2.11604           0.32000  CCSD(T)         -0.06816            0.00000


 ---------------------------------------------------------------------
 Boxsize   5.9083287523375061      Nmax           4
 A, Density, Kf          66  0.32000000000000001        2.1160389595796065     
 Twist averaged E0/N               (28.416205321587345,0.0000000000000000)
 Twist averaged mbpt2        (27.306442572506903,-8.32077758221084713E-020)
 Twist averaged CCSD        (27.522446354327439,-3.14180046265173129E-015)
 kinetic_TF   3674.1642184629159     
  0.32000000000000001                    (28.416205321587345,0.0000000000000000)        (1816.4814593856111,-2.07358830535014259E-013)

 E/N   2.11603904      0.319999993       28.416205321587345        27.306442572506903        27.522446354327439        27.454288105685023     
#Nmax, Nucleons, 3NFnexp, 3NFCutoff: 4  66 3 450
     0.00000     0.00000     2.11604     0.32000    28.41621    27.30644    27.52245    27.45429
 ---------------------------------------------------------------------
 Total execution time for CCD code   144.36860251496546     
