Boundary Conditions PBC                                                                                                 
CC approx CCD(T)                                                                                              
 TNF: F TNF-approx:           0
 3NF Cutoff:   450.00000000000000      Nexp_3NF:           3
 NN regulator Exponent:    3.0000000000000000     
 -----------
 NN ci's
   0.0000000000000000     
   0.0000000000000000     
   0.0000000000000000     
   0.0000000000000000     
 3NF ci's
   0.0000000000000000     
   0.0000000000000000     
   0.0000000000000000     
   0.0000000000000000     
 -----------
 --------
 c1s0(-1) -0.11292668234872000     
 c1s0(0) -0.11292668234872000     
 c1s0(1) -0.11292668234872000     
 c3s1(-1)  -8.7339820926559994E-002
 c3s1(0)  -8.7339820926559994E-002
 c3s1(1)  -8.7339820926559994E-002
 --------
 -----------
 NLO contacts PW
   0.0000000000000000     
   0.0000000000000000     
   0.0000000000000000     
   0.0000000000000000     
   0.0000000000000000     
   0.0000000000000000     
   0.0000000000000000     
 ----------
          C1            0.0000000000000000
          C2            0.0000000000000000
          C3           -0.0000000000000000
          C4           -0.0000000000000000
          C5           -0.0000000000000000
          C6            0.0000000000000000
          C7           -0.0000000000000000
          D1           -0.3771581126597507
          D2           -0.9305750209334183
          D3            2.1195254080520742
          D4           -2.1246309930064329
          D5           -0.0131882077354610
          D6            0.6645429882213397
          D7            0.7806033045976430
          D8           -0.4752342494327860
          D9            0.0920642557695526
         D10           -0.0312443369241453
         D11            0.0232036046033312
         D12           -0.3040203100732521
         D13           -0.2963726204319913
         D14            1.4856672935233888
         D15           -0.3992014237014200

   3NF LECs:
          C1            0.0000000000000000
          C3            0.0000000000000000
          C4            0.0000000000000000
          cE            0.0000000000000000
          cD            0.0000000000000000

 delta_chiral_order           0
 delta cutoff   450.00000000000000     
 Boxsize   6.5029572342569342     
 Density  0.23999999999999999     
 K_f   1.9225489843435992     
 Nmax           4
 Total number of states        1458
 K-mesh   0.0000000000000000     
 K-mesh -0.96620430995307527     
 K-mesh  0.96620430995307527     
 K-mesh  -1.9324086199061505     
 K-mesh   1.9324086199061505     
 K-mesh  -2.8986129298592260     
 K-mesh   2.8986129298592260     
 K-mesh  -3.8648172398123011     
 K-mesh   3.8648172398123011     
   0.0000000000000000        6.5029572342569342     
   0.0000000000000000        6.5029572342569342     
   0.0000000000000000        6.5029572342569342     
   0.0000000000000000        6.5029572342569342     
 Kz-mesh   0.0000000000000000     
 Kz-mesh -0.96620430995307527     
 Kz-mesh  0.96620430995307527     
 Kz-mesh  -1.9324086199061505     
 Kz-mesh   1.9324086199061505     
 Kz-mesh  -2.8986129298592260     
 Kz-mesh   2.8986129298592260     
 Kz-mesh  -3.8648172398123011     
 Kz-mesh   3.8648172398123011     
 KY-mesh   0.0000000000000000     
 KY-mesh -0.96620430995307527     
 KY-mesh  0.96620430995307527     
 KY-mesh  -1.9324086199061505     
 KY-mesh   1.9324086199061505     
 KY-mesh  -2.8986129298592260     
 KY-mesh   2.8986129298592260     
 KY-mesh  -3.8648172398123011     
 KY-mesh   3.8648172398123011     
           4           4           4          -1           1           1           1
 nkmin, nkmax           4           4           4
 Occupied j-orbits
     1       0.000000000        0   0   0  -1   1 hole      
     2       0.000000000        0   0   0   1   1 hole      
     3       19.34434368        0   0  -1  -1   1 hole      
     4       19.34434368        0   0  -1   1   1 hole      
     5       19.34434368        0   1   0  -1   1 hole      
     6       19.34434368        0   1   0   1   1 hole      
     7       19.34434368        0  -1   0  -1   1 hole      
     8       19.34434368        0  -1   0   1   1 hole      
     9       19.34434368        1   0   0  -1   1 hole      
    10       19.34434368        1   0   0   1   1 hole      
    11       19.34434368        0   0   1  -1   1 hole      
    12       19.34434368        0   0   1   1   1 hole      
    13       19.34434368       -1   0   0  -1   1 hole      
    14       19.34434368       -1   0   0   1   1 hole      
    15       38.68868735        0   1   1  -1   1 hole      
    16       38.68868735        0   1   1   1   1 hole      
    17       38.68868735       -1   1   0  -1   1 hole      
    18       38.68868735       -1   1   0   1   1 hole      
    19       38.68868735        1   0   1  -1   1 hole      
    20       38.68868735        1   0   1   1   1 hole      
    21       38.68868735        0   1  -1  -1   1 hole      
    22       38.68868735        0   1  -1   1   1 hole      
    23       38.68868735        1   1   0  -1   1 hole      
    24       38.68868735        1   1   0   1   1 hole      
    25       38.68868735        1   0  -1  -1   1 hole      
    26       38.68868735        1   0  -1   1   1 hole      
    27       38.68868735       -1   0  -1  -1   1 hole      
    28       38.68868735       -1   0  -1   1   1 hole      
    29       38.68868735        1  -1   0  -1   1 hole      
    30       38.68868735        1  -1   0   1   1 hole      
    31       38.68868735        0  -1  -1  -1   1 hole      
    32       38.68868735        0  -1  -1   1   1 hole      
    33       38.68868735       -1  -1   0  -1   1 hole      
    34       38.68868735       -1  -1   0   1   1 hole      
    35       38.68868735       -1   0   1  -1   1 hole      
    36       38.68868735       -1   0   1   1   1 hole      
    37       38.68868735        0  -1   1  -1   1 hole      
    38       38.68868735        0  -1   1   1   1 hole      
    39       58.03303103        1  -1   1  -1   1 hole      
    40       58.03303103        1  -1   1   1   1 hole      
    41       58.03303103        1   1  -1  -1   1 hole      
    42       58.03303103        1   1  -1   1   1 hole      
    43       58.03303103        1   1   1  -1   1 hole      
    44       58.03303103        1   1   1   1   1 hole      
    45       58.03303103        1  -1  -1  -1   1 hole      
    46       58.03303103        1  -1  -1   1   1 hole      
    47       58.03303103       -1   1   1  -1   1 hole      
    48       58.03303103       -1   1   1   1   1 hole      
    49       58.03303103       -1   1  -1  -1   1 hole      
    50       58.03303103       -1   1  -1   1   1 hole      
    51       58.03303103       -1  -1  -1  -1   1 hole      
    52       58.03303103       -1  -1  -1   1   1 hole      
    53       58.03303103       -1  -1   1  -1   1 hole      
    54       58.03303103       -1  -1   1   1   1 hole      
    55       77.37737470        2   0   0  -1   1 hole      
    56       77.37737470        2   0   0   1   1 hole      
    57       77.37737470        0   2   0  -1   1 hole      
    58       77.37737470        0   2   0   1   1 hole      
    59       77.37737470        0   0   2  -1   1 hole      
    60       77.37737470        0   0   2   1   1 hole      
    61       77.37737470        0  -2   0  -1   1 hole      
    62       77.37737470        0  -2   0   1   1 hole      
    63       77.37737470       -2   0   0  -1   1 hole      
    64       77.37737470       -2   0   0   1   1 hole      
    65       77.37737470        0   0  -2  -1   1 hole      
    66       77.37737470        0   0  -2   1   1 hole      
 Unoccupied j-orbits
    67       96.72171838       -1   0   2  -1   1 particle  
    68       96.72171838       -1   0   2   1   1 particle  
    69       96.72171838        0  -1   2  -1   1 particle  
    70       96.72171838        0  -1   2   1   1 particle  
    71       96.72171838       -2  -1   0  -1   1 particle  
    72       96.72171838       -2  -1   0   1   1 particle  
    73       96.72171838        0  -1  -2  -1   1 particle  
    74       96.72171838        0  -1  -2   1   1 particle  
    75       96.72171838        1   0   2  -1   1 particle  
    76       96.72171838        1   0   2   1   1 particle  
    77       96.72171838       -2   0   1  -1   1 particle  
 Sz and Tz for vacuum state   0.0000000000000000        66.000000000000000     
          -8           8          -8           8          -8           8
 Total memory for lookup configs   5.6901119999999113E-003 GByte
 Total memory for channels   4.0880000000000002E-005 GByte
              8067968      252124         185
              8067968      252124        1816
 Setting up vnn for hhhh block
 Time to setup hhhh block  0.22665063897147775     
 Setting up vnn for hhhp block
 Time to setup hhhp block  0.43833455606363714     
 Setting up vnn for hhpp block
 Time to setup hhpp block   1.7813851669197902     
 Setting up vnn for hphp block
 Time to setup hphp block   1.0851846550358459     
 Setting up vnn for pppp block
 Time to setup pppp block   17.482673229998909     
 Total memory for vnn storage  0.31066944000000035      GByte
          -8           8          -8           8          -8           8
 Total memory for lookup ph configs   3.6748800000001611E-003 GByte
 Total memory for ph channels   8.7168000000000003E-005 GByte
              8067968      252124        1816
 Setting up vnn for ph hpph block
 Time to setup ph hpph block  0.15047918201889843     
 Total memory for vnn/t2 ph storage  0.25817497600000122      GByte
 kinetic energy =               (3017.7176133727335,0.0000000000000000)
 below_ef =          66
 Vacuum expectation value               (1612.0032275396800,0.0000000000000000)
 here we go...
 here we go...
 here we go...
 here we go...
 here we go...
 here we go...
 here we go...
 here we go...
 here we go...
 here we go...
 here we go...
 here we go...
 here we go...
 here we go...
 here we go...
 here we go...
 here we go...
 here we go...
 here we go...
 here we go...
 here we go...
 here we go...
 here we go...
 Total memory for t2 storage  0.25817497600000017      GByte
 here we go...
 here we go...
 here we go...
 here we go...
 here we go...
 here we go...
 here we go...
 here we go...
 here we go...
 CCD energy        (1501.3012632324590,-4.58189050933153683E-019)
 diis space     8067968
 Storage of diis vectors  0.90361241599999997      Gb
 CCD energy        (1510.0477930537318,-9.18664588409855359E-018)
dener    0    1  0.87465298E+01
 CCD energy        (1515.7384928196766,-2.33824805418912671E-017)
dener    0    2  0.56906998E+01
 CCD energy        (1519.4189993767482,-1.17065614990380166E-017)
dener    0    3  0.36805066E+01
 CCD energy        (1521.7862801794329,-4.56134257983204010E-018)
dener    0    4  0.23672808E+01
 CCD energy        (1523.3001333373347,-1.80399191261142505E-017)
dener    0    5  0.15138532E+01
diis_mat    1    1  0.1157E-01
diis_mat    1    2  0.7559E-02
diis_mat    1    3  0.4930E-02
diis_mat    1    4  0.3219E-02
diis_mat    1    5  0.2106E-02
diis_mat    1    6 -0.1000E+01
diis_mat    2    1  0.7559E-02
diis_mat    2    2  0.4955E-02
diis_mat    2    3  0.3248E-02
diis_mat    2    4  0.2133E-02
diis_mat    2    5  0.1406E-02
diis_mat    2    6 -0.1000E+01
diis_mat    3    1  0.4930E-02
diis_mat    3    2  0.3248E-02
diis_mat    3    3  0.2141E-02
diis_mat    3    4  0.1417E-02
diis_mat    3    5  0.9422E-03
diis_mat    3    6 -0.1000E+01
diis_mat    4    1  0.3219E-02
diis_mat    4    2  0.2133E-02
diis_mat    4    3  0.1417E-02
diis_mat    4    4  0.9456E-03
diis_mat    4    5  0.6357E-03
diis_mat    4    6 -0.1000E+01
diis_mat    5    1  0.2106E-02
diis_mat    5    2  0.1406E-02
diis_mat    5    3  0.9422E-03
diis_mat    5    4  0.6357E-03
diis_mat    5    5  0.4328E-03
diis_mat    5    6 -0.1000E+01
diis_mat    6    1 -0.1000E+01
diis_mat    6    2 -0.1000E+01
diis_mat    6    3 -0.1000E+01
diis_mat    6    4 -0.1000E+01
diis_mat    6    5 -0.1000E+01
diis_mat    6    6  0.0000E+00
 csysv info           0
sol_vec    1  0.1236E+02 -0.1940E-08
sol_vec    2 -0.8395E+02  0.1038E-07
sol_vec    3  0.2070E+03 -0.2071E-07
sol_vec    4 -0.2213E+03  0.1820E-07
sol_vec    5  0.8681E+02 -0.5938E-08
sol_vec    6  0.1602E-06  0.1691E-15
 CCD energy         (1525.6889825371977,2.51284645043732137E-011)
dener    0    6  0.23888492E+01
 CCD energy         (1525.6919991906902,1.68684248184934523E-011)
dener    0    7  0.30166535E-02
 CCD energy         (1525.6944614139391,1.13905597537214716E-011)
dener    0    8  0.24622232E-02
 CCD energy         (1525.6964417456484,7.74466909240836034E-012)
dener    0    9  0.19803317E-02
 CCD energy         (1525.6980175024680,5.30784178736902673E-012)
dener    0   10  0.15757568E-02
 CCD energy         (1525.6992611583721,3.67108927574854983E-012)
dener    0   11  0.12436559E-02
diis_mat    1    1  0.1310E-06
diis_mat    1    2  0.1041E-06
diis_mat    1    3  0.8350E-07
diis_mat    1    4  0.6748E-07
diis_mat    1    5  0.5488E-07
diis_mat    1    6 -0.1000E+01
diis_mat    2    1  0.1041E-06
diis_mat    2    2  0.8343E-07
diis_mat    2    3  0.6739E-07
diis_mat    2    4  0.5478E-07
diis_mat    2    5  0.4477E-07
diis_mat    2    6 -0.1000E+01
diis_mat    3    1  0.8350E-07
diis_mat    3    2  0.6739E-07
diis_mat    3    3  0.5475E-07
diis_mat    3    4  0.4473E-07
diis_mat    3    5  0.3671E-07
diis_mat    3    6 -0.1000E+01
diis_mat    4    1  0.6748E-07
diis_mat    4    2  0.5478E-07
diis_mat    4    3  0.4473E-07
diis_mat    4    4  0.3669E-07
diis_mat    4    5  0.3021E-07
diis_mat    4    6 -0.1000E+01
diis_mat    5    1  0.5488E-07
diis_mat    5    2  0.4477E-07
diis_mat    5    3  0.3671E-07
diis_mat    5    4  0.3021E-07
diis_mat    5    5  0.2495E-07
diis_mat    5    6 -0.1000E+01
diis_mat    6    1 -0.1000E+01
diis_mat    6    2 -0.1000E+01
diis_mat    6    3 -0.1000E+01
diis_mat    6    4 -0.1000E+01
diis_mat    6    5 -0.1000E+01
diis_mat    6    6  0.0000E+00
 csysv info           0
sol_vec    1  0.8953E+02 -0.9007E-06
sol_vec    2 -0.4876E+03  0.4569E-05
sol_vec    3  0.9912E+03 -0.8610E-05
sol_vec    4 -0.8915E+03  0.7145E-05
sol_vec    5  0.2993E+03 -0.2203E-05
sol_vec    6  0.1069E-11  0.1603E-18
 CCD energy        (1525.7034779714247,-7.21413615187624737E-013)
dener    0   12  0.42168131E-02
 CCD energy        (1525.7034499499159,-1.50255115353837826E-013)
dener    0   13 -0.28021509E-04
 CCD energy         (1525.7034319378977,1.53854289977621537E-013)
dener    0   14 -0.18012018E-04
 CCD energy         (1525.7034204185866,2.99079979345282155E-013)
dener    0   15 -0.11519311E-04
 CCD energy         (1525.7034130970130,3.52335467608774392E-013)
dener    0   16 -0.73215736E-05
 CCD energy         (1525.7034084785321,3.54723398007212368E-013)
dener    0   17 -0.46184808E-05
diis_mat    1    1  0.6918E-12
diis_mat    1    2  0.5339E-12
diis_mat    1    3  0.4147E-12
diis_mat    1    4  0.3241E-12
diis_mat    1    5  0.2548E-12
diis_mat    1    6 -0.1000E+01
diis_mat    2    1  0.5339E-12
diis_mat    2    2  0.4145E-12
diis_mat    2    3  0.3238E-12
diis_mat    2    4  0.2544E-12
diis_mat    2    5  0.2009E-12
diis_mat    2    6 -0.1000E+01
diis_mat    3    1  0.4147E-12
diis_mat    3    2  0.3238E-12
diis_mat    3    3  0.2543E-12
diis_mat    3    4  0.2007E-12
diis_mat    3    5  0.1592E-12
diis_mat    3    6 -0.1000E+01
diis_mat    4    1  0.3241E-12
diis_mat    4    2  0.2544E-12
diis_mat    4    3  0.2007E-12
diis_mat    4    4  0.1591E-12
diis_mat    4    5  0.1267E-12
diis_mat    4    6 -0.1000E+01
diis_mat    5    1  0.2548E-12
diis_mat    5    2  0.2009E-12
diis_mat    5    3  0.1592E-12
diis_mat    5    4  0.1267E-12
diis_mat    5    5  0.1012E-12
diis_mat    5    6 -0.1000E+01
diis_mat    6    1 -0.1000E+01
diis_mat    6    2 -0.1000E+01
diis_mat    6    3 -0.1000E+01
diis_mat    6    4 -0.1000E+01
diis_mat    6    5 -0.1000E+01
diis_mat    6    6  0.0000E+00
 csysv info           0
sol_vec    1  0.1420E+03  0.3732E-03
sol_vec    2 -0.7453E+03 -0.1866E-02
sol_vec    3  0.1463E+04  0.3476E-02
sol_vec    4 -0.1272E+04 -0.2856E-02
sol_vec    5  0.4139E+03  0.8738E-03
sol_vec    6  0.2234E-17 -0.4531E-22
 CCD energy         (1525.7034013810844,1.65171561393169540E-012)
dener    0   18 -0.70974476E-05
 CCD energy         (1525.7034013058367,9.51320207634914963E-013)
dener    0   19 -0.75247755E-07
 Total execution time CCD   37.457338955951855     
 preparing to do CCD(T): 
          -8           8          -8           8          -8           8
 Total memory for lookup configs   1.1863487999999986E-002 GByte
 Total memory for channels   1.1892543999999986E-002 GByte
             89696544     2803017        1816
 Setting up vnn (NN) for hppp block
 Time to setup hppp block   6.7461393319536000     
 Total memory for vnn storage  0.72946489599999531      GByte
          12          12          12           3           3
 Total memory for lookup t3-confs   1.2188792640000019      Gbyte
 3NF with deltas: T
           9835169512   307349047         539

 proc number   0      % work  0.100000E+03

          Channel #:     1
    Row index start:     1
      Row index end:     2
 Column index start:     1
   Column index end:  ****

          Channel #:     2
    Row index start:     1
      Row index end:     2
 Column index start:     1
   Column index end:  ****

          Channel #:     3
    Row index start:     1
      Row index end:     2
 Column index start:     1
   Column index end:  ****

          Channel #:     4
    Row index start:     1
      Row index end:     2
 Column index start:     1
   Column index end:  ****

          Channel #:     5
    Row index start:     1
      Row index end:     2
 Column index start:     1
   Column index end:  ****

          Channel #:     6
    Row index start:     1
      Row index end:     2
 Column index start:     1
   Column index end:  ****

          Channel #:     7
    Row index start:     1
      Row index end:     2
 Column index start:     1
   Column index end:  ****

          Channel #:     8
    Row index start:     1
      Row index end:     2
 Column index start:     1
   Column index end:  ****

          Channel #:     9
    Row index start:     1
      Row index end:     2
 Column index start:     1
   Column index end:  ****

          Channel #:    10
    Row index start:     1
      Row index end:     2
 Column index start:     1
   Column index end:  ****

          Channel #:    11
    Row index start:     1
      Row index end:     8
 Column index start:     1
   Column index end:  ****

          Channel #:    12
    Row index start:     1
      Row index end:    12
 Column index start:     1
   Column index end:  ****

          Channel #:    13
    Row index start:     1
      Row index end:     8
 Column index start:     1
   Column index end:  ****

          Channel #:    14
    Row index start:     1
      Row index end:     2
 Column index start:     1
   Column index end:  ****

          Channel #:    15
    Row index start:     1
      Row index end:     8
 Column index start:     1
   Column index end:  ****

          Channel #:    16
    Row index start:     1
      Row index end:    18
 Column index start:     1
   Column index end:  ****

          Channel #:    17
    Row index start:     1
      Row index end:    26
 Column index start:     1
   Column index end:  ****

          Channel #:    18
    Row index start:     1
      Row index end:    18
 Column index start:     1
   Column index end:  ****

          Channel #:    19
    Row index start:     1
      Row index end:     8
 Column index start:     1
   Column index end:  ****

          Channel #:    20
    Row index start:     1
      Row index end:    12
 Column index start:     1
   Column index end:  ****

          Channel #:    21
    Row index start:     1
      Row index end:    26
 Column index start:     1
   Column index end:  ****

          Channel #:    22
    Row index start:     1
      Row index end:    36
 Column index start:     1
   Column index end:  ****

          Channel #:    23
    Row index start:     1
      Row index end:    26
 Column index start:     1
   Column index end:  ****

          Channel #:    24
    Row index start:     1
      Row index end:    12
 Column index start:     1
   Column index end:  ****

          Channel #:    25
    Row index start:     1
      Row index end:     8
 Column index start:     1
   Column index end:  ****

          Channel #:    26
    Row index start:     1
      Row index end:    18
 Column index start:     1
   Column index end:  ****

          Channel #:    27
    Row index start:     1
      Row index end:    26
 Column index start:     1
   Column index end:  ****

          Channel #:    28
    Row index start:     1
      Row index end:    18
 Column index start:     1
   Column index end:  ****

          Channel #:    29
    Row index start:     1
      Row index end:     8
 Column index start:     1
   Column index end:  ****

          Channel #:    30
    Row index start:     1
      Row index end:     2
 Column index start:     1
   Column index end:  ****

          Channel #:    31
    Row index start:     1
      Row index end:     8
 Column index start:     1
   Column index end:  ****

          Channel #:    32
    Row index start:     1
      Row index end:    12
 Column index start:     1
   Column index end:  ****

          Channel #:    33
    Row index start:     1
      Row index end:     8
 Column index start:     1
   Column index end:  ****

          Channel #:    34
    Row index start:     1
      Row index end:     2
 Column index start:     1
   Column index end:  ****

          Channel #:    35
    Row index start:     1
      Row index end:     2
 Column index start:     1
   Column index end:  ****

          Channel #:    36
    Row index start:     1
      Row index end:    12
 Column index start:     1
   Column index end:  ****

          Channel #:    37
    Row index start:     1
      Row index end:    16
 Column index start:     1
   Column index end:  ****

          Channel #:    38
    Row index start:     1
      Row index end:    12
 Column index start:     1
   Column index end:  ****

          Channel #:    39
    Row index start:     1
      Row index end:     2
 Column index start:     1
   Column index end:  ****

          Channel #:    40
    Row index start:     1
      Row index end:     2
 Column index start:     1
   Column index end:  ****

          Channel #:    41
    Row index start:     1
      Row index end:    18
 Column index start:     1
   Column index end:  ****

          Channel #:    42
    Row index start:     1
      Row index end:    44
 Column index start:     1
   Column index end:  ****

          Channel #:    43
    Row index start:     1
      Row index end:    58
 Column index start:     1
   Column index end:  ****

          Channel #:    44
    Row index start:     1
      Row index end:    44
 Column index start:     1
   Column index end:  ****

          Channel #:    45
    Row index start:     1
      Row index end:    18
 Column index start:     1
   Column index end:  ****

          Channel #:    46
    Row index start:     1
      Row index end:     2
 Column index start:     1
   Column index end:  ****

          Channel #:    47
    Row index start:     1
      Row index end:    12
 Column index start:     1
   Column index end:  ****

          Channel #:    48
    Row index start:     1
      Row index end:    44
 Column index start:     1
   Column index end:  ****

          Channel #:    49
    Row index start:     1
      Row index end:    90
 Column index start:     1
   Column index end:  ****

          Channel #:    50
    Row index start:     1
      Row index end:   110
 Column index start:     1
   Column index end:  ****

          Channel #:    51
    Row index start:     1
      Row index end:    90
 Column index start:     1
   Column index end:  ****

          Channel #:    52
    Row index start:     1
      Row index end:    44
 Column index start:     1
   Column index end:  ****

          Channel #:    53
    Row index start:     1
      Row index end:    12
 Column index start:     1
   Column index end:  ****

          Channel #:    54
    Row index start:     1
      Row index end:    16
 Column index start:     1
   Column index end:  ****

          Channel #:    55
    Row index start:     1
      Row index end:    58
 Column index start:     1
   Column index end:  ****

          Channel #:    56
    Row index start:     1
      Row index end:   110
 Column index start:     1
   Column index end:  ****

          Channel #:    57
    Row index start:     1
      Row index end:   138
 Column index start:     1
   Column index end:  ****

          Channel #:    58
    Row index start:     1
      Row index end:   110
 Column index start:     1
   Column index end:  ****

          Channel #:    59
    Row index start:     1
      Row index end:    58
 Column index start:     1
   Column index end:  ****

          Channel #:    60
    Row index start:     1
      Row index end:    16
 Column index start:     1
   Column index end:  ****

          Channel #:    61
    Row index start:     1
      Row index end:    12
 Column index start:     1
   Column index end:  ****

          Channel #:    62
    Row index start:     1
      Row index end:    44
 Column index start:     1
   Column index end:  ****

          Channel #:    63
    Row index start:     1
      Row index end:    90
 Column index start:     1
   Column index end:  ****
           1      140934           2
           2      142142           2
           3      140934           2
           4      142142           2
           5      143314           2
           6      142142           2
           7      140934           2
           8      142142           2
           9      140934           2
          10      165140           2
          11      171146           8
          12      172700          12
          13      171146           8
          14      165140           2
          15      171146           8
          16      177104          18
          17      178618          26
          18      177104          18
          19      171146           8
          20      172700          12
          21      178618          26
          22      180090          36
          23      178618          26
          24      172700          12
          25      171146           8
          26      177104          18
          27      178618          26
          28      177104          18
          29      171146           8
          30      165140           2
          31      171146           8
          32      172700          12
          33      171146           8
          34      165140           2
          35      175428           2
          36      181878          12
          37      183578          16
          38      181878          12
          39      175428           2
          40      175428           2
          41      189980          18
          42      196714          44
          43      198434          58
          44      196714          44
          45      189980          18
          46      175428           2
          47      181878          12
          48      196714          44
          49      203344          90
          50      205010         110
          51      203344          90
          52      196714          44
          53      181878          12
          54      183578          16
          55      198434          58
          56      205010         110
          57      206610         138
          58      205010         110
          59      198434          58
          60      183578          16
          61      181878          12
          62      196714          44
          63      203344          90
 EXECUTION TIME FOR CCD(T)   61.878294999012724     
Kf, Dens          1.92255           0.24000  CCSD(T)         -0.11655            0.00000


 ---------------------------------------------------------------------
 Boxsize   6.5029572342569342      Nmax           4
 A, Density, Kf          66  0.23999999999999999        1.9225489843435992     
 Twist averaged E0/N               (24.424291326358787,0.0000000000000000)
 Twist averaged mbpt2        (22.746988836855440,-6.94225834747202509E-021)
 Twist averaged CCSD         (23.116718201603586,1.44139425399229555E-014)
 kinetic_TF   3032.9557374640817     
  0.23999999999999999                    (24.424291326358787,0.0000000000000000)         (1525.7034013058367,9.51320207634914963E-013)

 E/N   1.92254901      0.239999995       24.424291326358787        22.746988836855440        23.116718201603586        23.000168694643630     
#Nmax, Nucleons, 3NFnexp, 3NFCutoff: 4  66 3 450
     0.00000     0.00000     1.92255     0.24000    24.42429    22.74699    23.11672    23.00017
 ---------------------------------------------------------------------
 Total execution time for CCD code   139.31457916903310     
