Boundary Conditions PBC                                                                                                 
CC approx CCD(T)                                                                                              
 TNF: F TNF-approx:           0
 3NF Cutoff:   450.00000000000000      Nexp_3NF:           3
 NN regulator Exponent:    3.0000000000000000     
 -----------
 NN ci's
   0.0000000000000000     
   0.0000000000000000     
   0.0000000000000000     
   0.0000000000000000     
 3NF ci's
   0.0000000000000000     
   0.0000000000000000     
   0.0000000000000000     
   0.0000000000000000     
 -----------
 --------
 c1s0(-1) -0.11292668234872000     
 c1s0(0) -0.11292668234872000     
 c1s0(1) -0.11292668234872000     
 c3s1(-1)  -8.7339820926559994E-002
 c3s1(0)  -8.7339820926559994E-002
 c3s1(1)  -8.7339820926559994E-002
 --------
 -----------
 NLO contacts PW
   0.0000000000000000     
   0.0000000000000000     
   0.0000000000000000     
   0.0000000000000000     
   0.0000000000000000     
   0.0000000000000000     
   0.0000000000000000     
 ----------
          C1            0.0000000000000000
          C2            0.0000000000000000
          C3           -0.0000000000000000
          C4           -0.0000000000000000
          C5           -0.0000000000000000
          C6            0.0000000000000000
          C7           -0.0000000000000000
          D1           -0.3771581126597507
          D2           -0.9305750209334183
          D3            2.1195254080520742
          D4           -2.1246309930064329
          D5           -0.0131882077354610
          D6            0.6645429882213397
          D7            0.7806033045976430
          D8           -0.4752342494327860
          D9            0.0920642557695526
         D10           -0.0312443369241453
         D11            0.0232036046033312
         D12           -0.3040203100732521
         D13           -0.2963726204319913
         D14            1.4856672935233888
         D15           -0.3992014237014200

   3NF LECs:
          C1            0.0000000000000000
          C3            0.0000000000000000
          C4            0.0000000000000000
          cE            0.0000000000000000
          cD            0.0000000000000000

 delta_chiral_order           0
 delta cutoff   450.00000000000000     
 Boxsize   5.7901303317490811     
 Density  0.34000000000000002     
 K_f   2.1592353038059944     
 Nmax           4
 Total number of states        1458
 K-mesh   0.0000000000000000     
 K-mesh  -1.0851543829206962     
 K-mesh   1.0851543829206962     
 K-mesh  -2.1703087658413924     
 K-mesh   2.1703087658413924     
 K-mesh  -3.2554631487620886     
 K-mesh   3.2554631487620886     
 K-mesh  -4.3406175316827849     
 K-mesh   4.3406175316827849     
   0.0000000000000000        5.7901303317490811     
   0.0000000000000000        5.7901303317490811     
   0.0000000000000000        5.7901303317490811     
   0.0000000000000000        5.7901303317490811     
 Kz-mesh   0.0000000000000000     
 Kz-mesh  -1.0851543829206962     
 Kz-mesh   1.0851543829206962     
 Kz-mesh  -2.1703087658413924     
 Kz-mesh   2.1703087658413924     
 Kz-mesh  -3.2554631487620886     
 Kz-mesh   3.2554631487620886     
 Kz-mesh  -4.3406175316827849     
 Kz-mesh   4.3406175316827849     
 KY-mesh   0.0000000000000000     
 KY-mesh  -1.0851543829206962     
 KY-mesh   1.0851543829206962     
 KY-mesh  -2.1703087658413924     
 KY-mesh   2.1703087658413924     
 KY-mesh  -3.2554631487620886     
 KY-mesh   3.2554631487620886     
 KY-mesh  -4.3406175316827849     
 KY-mesh   4.3406175316827849     
           4           4           4          -1           1           1           1
 nkmin, nkmax           4           4           4
 Occupied j-orbits
     1       0.000000000        0   0   0  -1   1 hole      
     2       0.000000000        0   0   0   1   1 hole      
     3       24.40052194        1   0   0  -1   1 hole      
     4       24.40052194        1   0   0   1   1 hole      
     5       24.40052194        0   0  -1  -1   1 hole      
     6       24.40052194        0   0  -1   1   1 hole      
     7       24.40052194        0  -1   0  -1   1 hole      
     8       24.40052194        0  -1   0   1   1 hole      
     9       24.40052194       -1   0   0  -1   1 hole      
    10       24.40052194       -1   0   0   1   1 hole      
    11       24.40052194        0   1   0  -1   1 hole      
    12       24.40052194        0   1   0   1   1 hole      
    13       24.40052194        0   0   1  -1   1 hole      
    14       24.40052194        0   0   1   1   1 hole      
    15       48.80104388        0  -1  -1  -1   1 hole      
    16       48.80104388        0  -1  -1   1   1 hole      
    17       48.80104388        1  -1   0  -1   1 hole      
    18       48.80104388        1  -1   0   1   1 hole      
    19       48.80104388        1   0  -1  -1   1 hole      
    20       48.80104388        1   0  -1   1   1 hole      
    21       48.80104388        0   1  -1  -1   1 hole      
    22       48.80104388        0   1  -1   1   1 hole      
    23       48.80104388        1   1   0  -1   1 hole      
    24       48.80104388        1   1   0   1   1 hole      
    25       48.80104388       -1   1   0  -1   1 hole      
    26       48.80104388       -1   1   0   1   1 hole      
    27       48.80104388        0   1   1  -1   1 hole      
    28       48.80104388        0   1   1   1   1 hole      
    29       48.80104388        1   0   1  -1   1 hole      
    30       48.80104388        1   0   1   1   1 hole      
    31       48.80104388        0  -1   1  -1   1 hole      
    32       48.80104388        0  -1   1   1   1 hole      
    33       48.80104388       -1   0   1  -1   1 hole      
    34       48.80104388       -1   0   1   1   1 hole      
    35       48.80104388       -1  -1   0  -1   1 hole      
    36       48.80104388       -1  -1   0   1   1 hole      
    37       48.80104388       -1   0  -1  -1   1 hole      
    38       48.80104388       -1   0  -1   1   1 hole      
    39       73.20156582        1  -1   1  -1   1 hole      
    40       73.20156582        1  -1   1   1   1 hole      
    41       73.20156582       -1   1   1  -1   1 hole      
    42       73.20156582       -1   1   1   1   1 hole      
    43       73.20156582        1   1   1  -1   1 hole      
    44       73.20156582        1   1   1   1   1 hole      
    45       73.20156582       -1   1  -1  -1   1 hole      
    46       73.20156582       -1   1  -1   1   1 hole      
    47       73.20156582       -1  -1   1  -1   1 hole      
    48       73.20156582       -1  -1   1   1   1 hole      
    49       73.20156582       -1  -1  -1  -1   1 hole      
    50       73.20156582       -1  -1  -1   1   1 hole      
    51       73.20156582        1  -1  -1  -1   1 hole      
    52       73.20156582        1  -1  -1   1   1 hole      
    53       73.20156582        1   1  -1  -1   1 hole      
    54       73.20156582        1   1  -1   1   1 hole      
    55       97.60208776        0   2   0  -1   1 hole      
    56       97.60208776        0   2   0   1   1 hole      
    57       97.60208776        0   0   2  -1   1 hole      
    58       97.60208776        0   0   2   1   1 hole      
    59       97.60208776       -2   0   0  -1   1 hole      
    60       97.60208776       -2   0   0   1   1 hole      
    61       97.60208776        0   0  -2  -1   1 hole      
    62       97.60208776        0   0  -2   1   1 hole      
    63       97.60208776        0  -2   0  -1   1 hole      
    64       97.60208776        0  -2   0   1   1 hole      
    65       97.60208776        2   0   0  -1   1 hole      
    66       97.60208776        2   0   0   1   1 hole      
 Unoccupied j-orbits
    67       122.0026097       -1  -2   0  -1   1 particle  
    68       122.0026097       -1  -2   0   1   1 particle  
    69       122.0026097        0  -2  -1  -1   1 particle  
    70       122.0026097        0  -2  -1   1   1 particle  
    71       122.0026097       -1   2   0  -1   1 particle  
    72       122.0026097       -1   2   0   1   1 particle  
    73       122.0026097        0   2   1  -1   1 particle  
    74       122.0026097        0   2   1   1   1 particle  
    75       122.0026097       -1   0  -2  -1   1 particle  
    76       122.0026097       -1   0  -2   1   1 particle  
    77       122.0026097        0  -1   2  -1   1 particle  
 Sz and Tz for vacuum state   0.0000000000000000        66.000000000000000     
          -8           8          -8           8          -8           8
 Total memory for lookup configs   5.6901119999999113E-003 GByte
 Total memory for channels   4.0880000000000002E-005 GByte
              8067968      252124         185
              8067968      252124        1816
 Setting up vnn for hhhh block
 Time to setup hhhh block  0.21311700902879238     
 Setting up vnn for hhhp block
 Time to setup hhhp block  0.43036105111241341     
 Setting up vnn for hhpp block
 Time to setup hhpp block   1.9111989269731566     
 Setting up vnn for hphp block
 Time to setup hphp block   1.0667614589910954     
 Setting up vnn for pppp block
 Time to setup pppp block   17.377984327031299     
 Total memory for vnn storage  0.31066944000000035      GByte
          -8           8          -8           8          -8           8
 Total memory for lookup ph configs   3.6748800000001611E-003 GByte
 Total memory for ph channels   8.7168000000000003E-005 GByte
              8067968      252124        1816
 Setting up vnn for ph hpph block
 Time to setup ph hpph block  0.15051937499083579     
 Total memory for vnn/t2 ph storage  0.25817497600000122      GByte
 kinetic energy =               (3806.4814227203879,0.0000000000000000)
 below_ef =          66
 Vacuum expectation value               (1938.5308185009264,0.0000000000000000)
 here we go...
 here we go...
 here we go...
 here we go...
 here we go...
 here we go...
 here we go...
 here we go...
 here we go...
 here we go...
 here we go...
 here we go...
 here we go...
 here we go...
 here we go...
 here we go...
 here we go...
 Total memory for t2 storage  0.25817497600000017      GByte
 here we go...
 here we go...
 here we go...
 here we go...
 here we go...
 here we go...
 here we go...
 here we go...
 here we go...
 here we go...
 here we go...
 here we go...
 here we go...
 here we go...
 here we go...
 CCD energy         (1872.4350743712321,1.02077358781443426E-017)
 diis space     8067968
 Storage of diis vectors  0.90361241599999997      Gb
 CCD energy         (1876.8940990689155,1.26332291035886839E-017)
dener    0    1  0.44590247E+01
 CCD energy        (1879.7904665519034,-1.54288765039020908E-018)
dener    0    2  0.28963675E+01
 CCD energy        (1881.6629283022071,-8.81024132540417232E-019)
dener    0    3  0.18724618E+01
 CCD energy        (1882.8673592501800,-7.17109726259844811E-018)
dener    0    4  0.12044309E+01
 CCD energy         (1883.6374566300342,2.51385954056722665E-018)
dener    0    5  0.77009738E+00
diis_mat    1    1  0.5072E-02
diis_mat    1    2  0.3307E-02
diis_mat    1    3  0.2161E-02
diis_mat    1    4  0.1418E-02
diis_mat    1    5  0.9353E-03
diis_mat    1    6 -0.1000E+01
diis_mat    2    1  0.3307E-02
diis_mat    2    2  0.2168E-02
diis_mat    2    3  0.1427E-02
diis_mat    2    4  0.9444E-03
diis_mat    2    5  0.6296E-03
diis_mat    2    6 -0.1000E+01
diis_mat    3    1  0.2161E-02
diis_mat    3    2  0.1427E-02
diis_mat    3    3  0.9473E-03
diis_mat    3    4  0.6334E-03
diis_mat    3    5  0.4275E-03
diis_mat    3    6 -0.1000E+01
diis_mat    4    1  0.1418E-02
diis_mat    4    2  0.9444E-03
diis_mat    4    3  0.6334E-03
diis_mat    4    4  0.4288E-03
diis_mat    4    5  0.2935E-03
diis_mat    4    6 -0.1000E+01
diis_mat    5    1  0.9353E-03
diis_mat    5    2  0.6296E-03
diis_mat    5    3  0.4275E-03
diis_mat    5    4  0.2935E-03
diis_mat    5    5  0.2042E-03
diis_mat    5    6 -0.1000E+01
diis_mat    6    1 -0.1000E+01
diis_mat    6    2 -0.1000E+01
diis_mat    6    3 -0.1000E+01
diis_mat    6    4 -0.1000E+01
diis_mat    6    5 -0.1000E+01
diis_mat    6    6  0.0000E+00
 csysv info           0
sol_vec    1  0.1168E+02 -0.2640E-07
sol_vec    2 -0.7970E+02  0.1374E-06
sol_vec    3  0.1975E+03 -0.2664E-06
sol_vec    4 -0.2121E+03  0.2276E-06
sol_vec    5  0.8361E+02 -0.7227E-07
sol_vec    6  0.6839E-07  0.1936E-15
 CCD energy         (1884.8097686231474,8.83570915693001032E-011)
dener    0    6  0.11723120E+01
 CCD energy         (1884.8130328186057,5.81630249114415694E-011)
dener    0    7  0.32641955E-02
 CCD energy         (1884.8153988338925,3.83820947365937707E-011)
dener    0    8  0.23660153E-02
 CCD energy         (1884.8171266681584,2.54002501613209698E-011)
dener    0    9  0.17278343E-02
 CCD energy         (1884.8183977587739,1.68642542636061055E-011)
dener    0   10  0.12710906E-02
 CCD energy         (1884.8193394274722,1.12398630209245238E-011)
dener    0   11  0.94166870E-03
diis_mat    1    1  0.4526E-07
diis_mat    1    2  0.3572E-07
diis_mat    1    3  0.2835E-07
diis_mat    1    4  0.2261E-07
diis_mat    1    5  0.1810E-07
diis_mat    1    6 -0.1000E+01
diis_mat    2    1  0.3572E-07
diis_mat    2    2  0.2833E-07
diis_mat    2    3  0.2257E-07
diis_mat    2    4  0.1807E-07
diis_mat    2    5  0.1451E-07
diis_mat    2    6 -0.1000E+01
diis_mat    3    1  0.2835E-07
diis_mat    3    2  0.2257E-07
diis_mat    3    3  0.1805E-07
diis_mat    3    4  0.1449E-07
diis_mat    3    5  0.1167E-07
diis_mat    3    6 -0.1000E+01
diis_mat    4    1  0.2261E-07
diis_mat    4    2  0.1807E-07
diis_mat    4    3  0.1449E-07
diis_mat    4    4  0.1166E-07
diis_mat    4    5  0.9414E-08
diis_mat    4    6 -0.1000E+01
diis_mat    5    1  0.1810E-07
diis_mat    5    2  0.1451E-07
diis_mat    5    3  0.1167E-07
diis_mat    5    4  0.9414E-08
diis_mat    5    5  0.7613E-08
diis_mat    5    6 -0.1000E+01
diis_mat    6    1 -0.1000E+01
diis_mat    6    2 -0.1000E+01
diis_mat    6    3 -0.1000E+01
diis_mat    6    4 -0.1000E+01
diis_mat    6    5 -0.1000E+01
diis_mat    6    6  0.0000E+00
 csysv info           0
sol_vec    1  0.7051E+02  0.1148E-05
sol_vec    2 -0.3887E+03 -0.5907E-05
sol_vec    3  0.8000E+03  0.1129E-04
sol_vec    4 -0.7286E+03 -0.9505E-05
sol_vec    5  0.2478E+03  0.2971E-05
sol_vec    6  0.2543E-12 -0.4787E-19
 CCD energy         (1884.8222847394611,6.37907778675028341E-013)
dener    0   12  0.29453120E-02
 CCD energy         (1884.8222627283374,1.09357507595868774E-013)
dener    0   13 -0.22011124E-04
 CCD energy        (1884.8222477622046,-1.71084330557113998E-013)
dener    0   14 -0.14966133E-04
 CCD energy        (1884.8222375359146,-3.03619061088091690E-013)
dener    0   15 -0.10226290E-04
 CCD energy        (1884.8222305091258,-3.50442059422682587E-013)
dener    0   16 -0.70267888E-05
 CCD energy        (1884.8222256501240,-3.49823871129891145E-013)
dener    0   17 -0.48590018E-05
diis_mat    1    1  0.1439E-12
diis_mat    1    2  0.1081E-12
diis_mat    1    3  0.8188E-13
diis_mat    1    4  0.6245E-13
diis_mat    1    5  0.4797E-13
diis_mat    1    6 -0.1000E+01
diis_mat    2    1  0.1081E-12
diis_mat    2    2  0.8184E-13
diis_mat    2    3  0.6240E-13
diis_mat    2    4  0.4790E-13
diis_mat    2    5  0.3702E-13
diis_mat    2    6 -0.1000E+01
diis_mat    3    1  0.8188E-13
diis_mat    3    2  0.6240E-13
diis_mat    3    3  0.4788E-13
diis_mat    3    4  0.3698E-13
diis_mat    3    5  0.2874E-13
diis_mat    3    6 -0.1000E+01
diis_mat    4    1  0.6245E-13
diis_mat    4    2  0.4790E-13
diis_mat    4    3  0.3698E-13
diis_mat    4    4  0.2873E-13
diis_mat    4    5  0.2244E-13
diis_mat    4    6 -0.1000E+01
diis_mat    5    1  0.4797E-13
diis_mat    5    2  0.3702E-13
diis_mat    5    3  0.2874E-13
diis_mat    5    4  0.2244E-13
diis_mat    5    5  0.1761E-13
diis_mat    5    6 -0.1000E+01
diis_mat    6    1 -0.1000E+01
diis_mat    6    2 -0.1000E+01
diis_mat    6    3 -0.1000E+01
diis_mat    6    4 -0.1000E+01
diis_mat    6    5 -0.1000E+01
diis_mat    6    6  0.0000E+00
 csysv info           0
sol_vec    1  0.7780E+02 -0.2380E-04
sol_vec    2 -0.4236E+03  0.1166E-03
sol_vec    3  0.8621E+03 -0.2129E-03
sol_vec    4 -0.7773E+03  0.1718E-03
sol_vec    5  0.2620E+03 -0.5167E-04
sol_vec    6  0.6997E-18 -0.2736E-23
 CCD energy        (1884.8222133555164,-4.26477809221666760E-013)
dener    0   18 -0.12294608E-04
 CCD energy        (1884.8222133752593,-2.73542094115930345E-013)
dener    0   19  0.19743048E-07
 Total execution time CCD   42.058784460066818     
 preparing to do CCD(T): 
          -8           8          -8           8          -8           8
 Total memory for lookup configs   1.1863487999999986E-002 GByte
 Total memory for channels   1.1892543999999986E-002 GByte
             89696544     2803017        1816
 Setting up vnn (NN) for hppp block
 Time to setup hppp block   6.7996471399674192     
 Total memory for vnn storage  0.72946489599999531      GByte
          12          12          12           3           3
 Total memory for lookup t3-confs   1.2188792640000019      Gbyte
 3NF with deltas: T
           9835169512   307349047         539

 proc number   0      % work  0.100000E+03

          Channel #:     1
    Row index start:     1
      Row index end:     2
 Column index start:     1
   Column index end:  ****

          Channel #:     2
    Row index start:     1
      Row index end:     2
 Column index start:     1
   Column index end:  ****

          Channel #:     3
    Row index start:     1
      Row index end:     2
 Column index start:     1
   Column index end:  ****

          Channel #:     4
    Row index start:     1
      Row index end:     2
 Column index start:     1
   Column index end:  ****

          Channel #:     5
    Row index start:     1
      Row index end:     2
 Column index start:     1
   Column index end:  ****

          Channel #:     6
    Row index start:     1
      Row index end:     2
 Column index start:     1
   Column index end:  ****

          Channel #:     7
    Row index start:     1
      Row index end:     2
 Column index start:     1
   Column index end:  ****

          Channel #:     8
    Row index start:     1
      Row index end:     2
 Column index start:     1
   Column index end:  ****

          Channel #:     9
    Row index start:     1
      Row index end:     2
 Column index start:     1
   Column index end:  ****

          Channel #:    10
    Row index start:     1
      Row index end:     2
 Column index start:     1
   Column index end:  ****

          Channel #:    11
    Row index start:     1
      Row index end:     8
 Column index start:     1
   Column index end:  ****

          Channel #:    12
    Row index start:     1
      Row index end:    12
 Column index start:     1
   Column index end:  ****

          Channel #:    13
    Row index start:     1
      Row index end:     8
 Column index start:     1
   Column index end:  ****

          Channel #:    14
    Row index start:     1
      Row index end:     2
 Column index start:     1
   Column index end:  ****

          Channel #:    15
    Row index start:     1
      Row index end:     8
 Column index start:     1
   Column index end:  ****

          Channel #:    16
    Row index start:     1
      Row index end:    18
 Column index start:     1
   Column index end:  ****

          Channel #:    17
    Row index start:     1
      Row index end:    26
 Column index start:     1
   Column index end:  ****

          Channel #:    18
    Row index start:     1
      Row index end:    18
 Column index start:     1
   Column index end:  ****

          Channel #:    19
    Row index start:     1
      Row index end:     8
 Column index start:     1
   Column index end:  ****

          Channel #:    20
    Row index start:     1
      Row index end:    12
 Column index start:     1
   Column index end:  ****

          Channel #:    21
    Row index start:     1
      Row index end:    26
 Column index start:     1
   Column index end:  ****

          Channel #:    22
    Row index start:     1
      Row index end:    36
 Column index start:     1
   Column index end:  ****

          Channel #:    23
    Row index start:     1
      Row index end:    26
 Column index start:     1
   Column index end:  ****

          Channel #:    24
    Row index start:     1
      Row index end:    12
 Column index start:     1
   Column index end:  ****

          Channel #:    25
    Row index start:     1
      Row index end:     8
 Column index start:     1
   Column index end:  ****

          Channel #:    26
    Row index start:     1
      Row index end:    18
 Column index start:     1
   Column index end:  ****

          Channel #:    27
    Row index start:     1
      Row index end:    26
 Column index start:     1
   Column index end:  ****

          Channel #:    28
    Row index start:     1
      Row index end:    18
 Column index start:     1
   Column index end:  ****

          Channel #:    29
    Row index start:     1
      Row index end:     8
 Column index start:     1
   Column index end:  ****

          Channel #:    30
    Row index start:     1
      Row index end:     2
 Column index start:     1
   Column index end:  ****

          Channel #:    31
    Row index start:     1
      Row index end:     8
 Column index start:     1
   Column index end:  ****

          Channel #:    32
    Row index start:     1
      Row index end:    12
 Column index start:     1
   Column index end:  ****

          Channel #:    33
    Row index start:     1
      Row index end:     8
 Column index start:     1
   Column index end:  ****

          Channel #:    34
    Row index start:     1
      Row index end:     2
 Column index start:     1
   Column index end:  ****

          Channel #:    35
    Row index start:     1
      Row index end:     2
 Column index start:     1
   Column index end:  ****

          Channel #:    36
    Row index start:     1
      Row index end:    12
 Column index start:     1
   Column index end:  ****

          Channel #:    37
    Row index start:     1
      Row index end:    16
 Column index start:     1
   Column index end:  ****

          Channel #:    38
    Row index start:     1
      Row index end:    12
 Column index start:     1
   Column index end:  ****

          Channel #:    39
    Row index start:     1
      Row index end:     2
 Column index start:     1
   Column index end:  ****

          Channel #:    40
    Row index start:     1
      Row index end:     2
 Column index start:     1
   Column index end:  ****

          Channel #:    41
    Row index start:     1
      Row index end:    18
 Column index start:     1
   Column index end:  ****

          Channel #:    42
    Row index start:     1
      Row index end:    44
 Column index start:     1
   Column index end:  ****

          Channel #:    43
    Row index start:     1
      Row index end:    58
 Column index start:     1
   Column index end:  ****

          Channel #:    44
    Row index start:     1
      Row index end:    44
 Column index start:     1
   Column index end:  ****

          Channel #:    45
    Row index start:     1
      Row index end:    18
 Column index start:     1
   Column index end:  ****

          Channel #:    46
    Row index start:     1
      Row index end:     2
 Column index start:     1
   Column index end:  ****

          Channel #:    47
    Row index start:     1
      Row index end:    12
 Column index start:     1
   Column index end:  ****

          Channel #:    48
    Row index start:     1
      Row index end:    44
 Column index start:     1
   Column index end:  ****

          Channel #:    49
    Row index start:     1
      Row index end:    90
 Column index start:     1
   Column index end:  ****

          Channel #:    50
    Row index start:     1
      Row index end:   110
 Column index start:     1
   Column index end:  ****

          Channel #:    51
    Row index start:     1
      Row index end:    90
 Column index start:     1
   Column index end:  ****

          Channel #:    52
    Row index start:     1
      Row index end:    44
 Column index start:     1
   Column index end:  ****

          Channel #:    53
    Row index start:     1
      Row index end:    12
 Column index start:     1
   Column index end:  ****

          Channel #:    54
    Row index start:     1
      Row index end:    16
 Column index start:     1
   Column index end:  ****

          Channel #:    55
    Row index start:     1
      Row index end:    58
 Column index start:     1
   Column index end:  ****

          Channel #:    56
    Row index start:     1
      Row index end:   110
 Column index start:     1
   Column index end:  ****

          Channel #:    57
    Row index start:     1
      Row index end:   138
 Column index start:     1
   Column index end:  ****

          Channel #:    58
    Row index start:     1
      Row index end:   110
 Column index start:     1
   Column index end:  ****

          Channel #:    59
    Row index start:     1
      Row index end:    58
 Column index start:     1
   Column index end:  ****

          Channel #:    60
    Row index start:     1
      Row index end:    16
 Column index start:     1
   Column index end:  ****

          Channel #:    61
    Row index start:     1
      Row index end:    12
 Column index start:     1
   Column index end:  ****

          Channel #:    62
    Row index start:     1
      Row index end:    44
 Column index start:     1
   Column index end:  ****

          Channel #:    63
    Row index start:     1
      Row index end:    90
 Column index start:     1
   Column index end:  ****
           1      140934           2
           2      142142           2
           3      140934           2
           4      142142           2
           5      143314           2
           6      142142           2
           7      140934           2
           8      142142           2
           9      140934           2
          10      165140           2
          11      171146           8
          12      172700          12
          13      171146           8
          14      165140           2
          15      171146           8
          16      177104          18
          17      178618          26
          18      177104          18
          19      171146           8
          20      172700          12
          21      178618          26
          22      180090          36
          23      178618          26
          24      172700          12
          25      171146           8
          26      177104          18
          27      178618          26
          28      177104          18
          29      171146           8
          30      165140           2
          31      171146           8
          32      172700          12
          33      171146           8
          34      165140           2
          35      175428           2
          36      181878          12
          37      183578          16
          38      181878          12
          39      175428           2
          40      175428           2
          41      189980          18
          42      196714          44
          43      198434          58
          44      196714          44
          45      189980          18
          46      175428           2
          47      181878          12
          48      196714          44
          49      203344          90
          50      205010         110
          51      203344          90
          52      196714          44
          53      181878          12
          54      183578          16
          55      198434          58
          56      205010         110
          57      206610         138
          58      205010         110
          59      198434          58
          60      183578          16
          61      181878          12
          62      196714          44
          63      203344          90
 EXECUTION TIME FOR CCD(T)   61.497864829958417     
Kf, Dens          2.15924           0.34000  CCSD(T)         -0.05907            0.00000


 ---------------------------------------------------------------------
 Boxsize   5.7901303317490811      Nmax           4
 A, Density, Kf          66  0.34000000000000002        2.1592353038059944     
 Twist averaged E0/N               (29.371679068195856,0.0000000000000000)
 Twist averaged mbpt2         (28.370228399564123,1.54662664820368815E-019)
 Twist averaged CCSD        (28.557912323867566,-4.14457718357470239E-015)
 kinetic_TF   3825.7024512267558     
  0.34000000000000002                    (29.371679068195856,0.0000000000000000)        (1884.8222133752593,-2.73542094115930345E-013)

 E/N   2.15923524      0.340000004       29.371679068195856        28.370228399564123        28.557912323867566        28.498842079774011     
#Nmax, Nucleons, 3NFnexp, 3NFCutoff: 4  66 3 450
     0.00000     0.00000     2.15924     0.34000    29.37168    28.37023    28.55791    28.49884
 ---------------------------------------------------------------------
 Total execution time for CCD code   143.62865659897216     
