Boundary Conditions PBC                                                                                                 
CC approx CCD(T)                                                                                              
 TNF: F TNF-approx:           0
 3NF Cutoff:   450.00000000000000      Nexp_3NF:           3
 NN regulator Exponent:    3.0000000000000000     
 -----------
 NN ci's
   0.0000000000000000     
   0.0000000000000000     
   0.0000000000000000     
   0.0000000000000000     
 3NF ci's
   0.0000000000000000     
   0.0000000000000000     
   0.0000000000000000     
   0.0000000000000000     
 -----------
 --------
 c1s0(-1) -0.11292668234872000     
 c1s0(0) -0.11292668234872000     
 c1s0(1) -0.11292668234872000     
 c3s1(-1)  -8.7339820926559994E-002
 c3s1(0)  -8.7339820926559994E-002
 c3s1(1)  -8.7339820926559994E-002
 --------
 -----------
 NLO contacts PW
   0.0000000000000000     
   0.0000000000000000     
   0.0000000000000000     
   0.0000000000000000     
   0.0000000000000000     
   0.0000000000000000     
   0.0000000000000000     
 ----------
          C1            0.0000000000000000
          C2            0.0000000000000000
          C3           -0.0000000000000000
          C4           -0.0000000000000000
          C5           -0.0000000000000000
          C6            0.0000000000000000
          C7           -0.0000000000000000
          D1           -0.3771581126597507
          D2           -0.9305750209334183
          D3            2.1195254080520742
          D4           -2.1246309930064329
          D5           -0.0131882077354610
          D6            0.6645429882213397
          D7            0.7806033045976430
          D8           -0.4752342494327860
          D9            0.0920642557695526
         D10           -0.0312443369241453
         D11            0.0232036046033312
         D12           -0.3040203100732521
         D13           -0.2963726204319913
         D14            1.4856672935233888
         D15           -0.3992014237014200

   3NF LECs:
          C1            0.0000000000000000
          C3            0.0000000000000000
          C4            0.0000000000000000
          cE            0.0000000000000000
          cD            0.0000000000000000

 delta_chiral_order           0
 delta cutoff   450.00000000000000     
 Boxsize   8.1932127060064577     
 Density  0.12000000000000000     
 K_f   1.5259281401037115     
 Nmax           4
 Total number of states        1458
 K-mesh   0.0000000000000000     
 K-mesh -0.76687686901785990     
 K-mesh  0.76687686901785990     
 K-mesh  -1.5337537380357198     
 K-mesh   1.5337537380357198     
 K-mesh  -2.3006306070535798     
 K-mesh   2.3006306070535798     
 K-mesh  -3.0675074760714396     
 K-mesh   3.0675074760714396     
   0.0000000000000000        8.1932127060064577     
   0.0000000000000000        8.1932127060064577     
   0.0000000000000000        8.1932127060064577     
   0.0000000000000000        8.1932127060064577     
 Kz-mesh   0.0000000000000000     
 Kz-mesh -0.76687686901785990     
 Kz-mesh  0.76687686901785990     
 Kz-mesh  -1.5337537380357198     
 Kz-mesh   1.5337537380357198     
 Kz-mesh  -2.3006306070535798     
 Kz-mesh   2.3006306070535798     
 Kz-mesh  -3.0675074760714396     
 Kz-mesh   3.0675074760714396     
 KY-mesh   0.0000000000000000     
 KY-mesh -0.76687686901785990     
 KY-mesh  0.76687686901785990     
 KY-mesh  -1.5337537380357198     
 KY-mesh   1.5337537380357198     
 KY-mesh  -2.3006306070535798     
 KY-mesh   2.3006306070535798     
 KY-mesh  -3.0675074760714396     
 KY-mesh   3.0675074760714396     
           4           4           4          -1           1           1           1
 nkmin, nkmax           4           4           4
 Occupied j-orbits
     1       0.000000000        0   0   0  -1   1 hole      
     2       0.000000000        0   0   0   1   1 hole      
     3       12.18617290       -1   0   0  -1   1 hole      
     4       12.18617290       -1   0   0   1   1 hole      
     5       12.18617290        0   0  -1  -1   1 hole      
     6       12.18617290        0   0  -1   1   1 hole      
     7       12.18617290        0  -1   0  -1   1 hole      
     8       12.18617290        0  -1   0   1   1 hole      
     9       12.18617290        0   1   0  -1   1 hole      
    10       12.18617290        0   1   0   1   1 hole      
    11       12.18617290        1   0   0  -1   1 hole      
    12       12.18617290        1   0   0   1   1 hole      
    13       12.18617290        0   0   1  -1   1 hole      
    14       12.18617290        0   0   1   1   1 hole      
    15       24.37234579        1   1   0  -1   1 hole      
    16       24.37234579        1   1   0   1   1 hole      
    17       24.37234579        0   1   1  -1   1 hole      
    18       24.37234579        0   1   1   1   1 hole      
    19       24.37234579        1  -1   0  -1   1 hole      
    20       24.37234579        1  -1   0   1   1 hole      
    21       24.37234579       -1   0  -1  -1   1 hole      
    22       24.37234579       -1   0  -1   1   1 hole      
    23       24.37234579       -1  -1   0  -1   1 hole      
    24       24.37234579       -1  -1   0   1   1 hole      
    25       24.37234579       -1   0   1  -1   1 hole      
    26       24.37234579       -1   0   1   1   1 hole      
    27       24.37234579       -1   1   0  -1   1 hole      
    28       24.37234579       -1   1   0   1   1 hole      
    29       24.37234579        0   1  -1  -1   1 hole      
    30       24.37234579        0   1  -1   1   1 hole      
    31       24.37234579        1   0   1  -1   1 hole      
    32       24.37234579        1   0   1   1   1 hole      
    33       24.37234579        0  -1  -1  -1   1 hole      
    34       24.37234579        0  -1  -1   1   1 hole      
    35       24.37234579        0  -1   1  -1   1 hole      
    36       24.37234579        0  -1   1   1   1 hole      
    37       24.37234579        1   0  -1  -1   1 hole      
    38       24.37234579        1   0  -1   1   1 hole      
    39       36.55851869        1  -1   1  -1   1 hole      
    40       36.55851869        1  -1   1   1   1 hole      
    41       36.55851869       -1   1   1  -1   1 hole      
    42       36.55851869       -1   1   1   1   1 hole      
    43       36.55851869       -1  -1   1  -1   1 hole      
    44       36.55851869       -1  -1   1   1   1 hole      
    45       36.55851869        1  -1  -1  -1   1 hole      
    46       36.55851869        1  -1  -1   1   1 hole      
    47       36.55851869       -1   1  -1  -1   1 hole      
    48       36.55851869       -1   1  -1   1   1 hole      
    49       36.55851869       -1  -1  -1  -1   1 hole      
    50       36.55851869       -1  -1  -1   1   1 hole      
    51       36.55851869        1   1   1  -1   1 hole      
    52       36.55851869        1   1   1   1   1 hole      
    53       36.55851869        1   1  -1  -1   1 hole      
    54       36.55851869        1   1  -1   1   1 hole      
    55       48.74469159        0   0   2  -1   1 hole      
    56       48.74469159        0   0   2   1   1 hole      
    57       48.74469159       -2   0   0  -1   1 hole      
    58       48.74469159       -2   0   0   1   1 hole      
    59       48.74469159        0   2   0  -1   1 hole      
    60       48.74469159        0   2   0   1   1 hole      
    61       48.74469159        0   0  -2  -1   1 hole      
    62       48.74469159        0   0  -2   1   1 hole      
    63       48.74469159        2   0   0  -1   1 hole      
    64       48.74469159        2   0   0   1   1 hole      
    65       48.74469159        0  -2   0  -1   1 hole      
    66       48.74469159        0  -2   0   1   1 hole      
 Unoccupied j-orbits
    67       60.93086448       -2   0   1  -1   1 particle  
    68       60.93086448       -2   0   1   1   1 particle  
    69       60.93086448       -1   2   0  -1   1 particle  
    70       60.93086448       -1   2   0   1   1 particle  
    71       60.93086448       -1   0  -2  -1   1 particle  
    72       60.93086448       -1   0  -2   1   1 particle  
    73       60.93086448       -2   0  -1  -1   1 particle  
    74       60.93086448       -2   0  -1   1   1 particle  
    75       60.93086448        2  -1   0  -1   1 particle  
    76       60.93086448        2  -1   0   1   1 particle  
    77       60.93086448        2   0  -1  -1   1 particle  
 Sz and Tz for vacuum state   0.0000000000000000        66.000000000000000     
          -8           8          -8           8          -8           8
 Total memory for lookup configs   5.6901119999999113E-003 GByte
 Total memory for channels   4.0880000000000002E-005 GByte
              8067968      252124         185
              8067968      252124        1816
 Setting up vnn for hhhh block
 Time to setup hhhh block  0.22703051799908280     
 Setting up vnn for hhhp block
 Time to setup hhhp block  0.43386168498545885     
 Setting up vnn for hhpp block
 Time to setup hhpp block   1.8808981199981645     
 Setting up vnn for hphp block
 Time to setup hphp block   1.1236581199336797     
 Setting up vnn for pppp block
 Time to setup pppp block   17.480354147963226     
 Total memory for vnn storage  0.31066944000000035      GByte
          -8           8          -8           8          -8           8
 Total memory for lookup ph configs   3.6748800000001611E-003 GByte
 Total memory for ph channels   8.7168000000000003E-005 GByte
              8067968      252124        1816
 Setting up vnn for ph hpph block
 Time to setup ph hpph block  0.15139205008745193     
 Total memory for vnn/t2 ph storage  0.25817497600000122      GByte
 kinetic energy =               (1901.0429718634123,0.0000000000000000)
 below_ef =          66
 Vacuum expectation value               (1129.9412940573857,0.0000000000000000)
 here we go...
 here we go...
 here we go...
 here we go...
 here we go...
 here we go...
 here we go...
 here we go...
 here we go...
 here we go...
 here we go...
 here we go...
 here we go...
 here we go...
 here we go...
 here we go...
 here we go...
 here we go...
 here we go...
 here we go...
 Total memory for t2 storage  0.25817497600000017      GByte
 here we go...
 here we go...
 here we go...
 here we go...
 here we go...
 here we go...
 here we go...
 here we go...
 here we go...
 here we go...
 here we go...
 here we go...
 CCD energy         (957.53252357898737,7.92473995406909574E-018)
 diis space     8067968
 Storage of diis vectors  0.90361241599999997      Gb
 CCD energy         (969.93356577252018,6.59167336465709584E-018)
dener    0    1  0.12401042E+02
 CCD energy        (978.10779299061767,-2.77082457885447012E-018)
dener    0    2  0.81742272E+01
 CCD energy        (983.44957822911942,-9.10906986295517269E-018)
dener    0    3  0.53417852E+01
 CCD energy         (986.90923669480867,1.29300902887349032E-018)
dener    0    4  0.34596585E+01
 CCD energy         (989.12628009626656,9.47386499169233657E-018)
dener    0    5  0.22170434E+01
diis_mat    1    1  0.2041E-01
diis_mat    1    2  0.1381E-01
diis_mat    1    3  0.9374E-02
diis_mat    1    4  0.6402E-02
diis_mat    1    5  0.4420E-02
diis_mat    1    6 -0.1000E+01
diis_mat    2    1  0.1381E-01
diis_mat    2    2  0.9460E-02
diis_mat    2    3  0.6521E-02
diis_mat    2    4  0.4547E-02
diis_mat    2    5  0.3224E-02
diis_mat    2    6 -0.1000E+01
diis_mat    3    1  0.9374E-02
diis_mat    3    2  0.6521E-02
diis_mat    3    3  0.4588E-02
diis_mat    3    4  0.3285E-02
diis_mat    3    5  0.2404E-02
diis_mat    3    6 -0.1000E+01
diis_mat    4    1  0.6402E-02
diis_mat    4    2  0.4547E-02
diis_mat    4    3  0.3285E-02
diis_mat    4    4  0.2427E-02
diis_mat    4    5  0.1842E-02
diis_mat    4    6 -0.1000E+01
diis_mat    5    1  0.4420E-02
diis_mat    5    2  0.3224E-02
diis_mat    5    3  0.2404E-02
diis_mat    5    4  0.1842E-02
diis_mat    5    5  0.1454E-02
diis_mat    5    6 -0.1000E+01
diis_mat    6    1 -0.1000E+01
diis_mat    6    2 -0.1000E+01
diis_mat    6    3 -0.1000E+01
diis_mat    6    4 -0.1000E+01
diis_mat    6    5 -0.1000E+01
diis_mat    6    6  0.0000E+00
 csysv info           0
sol_vec    1  0.6432E+02  0.4357E-07
sol_vec    2 -0.4458E+03 -0.2335E-06
sol_vec    3  0.1072E+04  0.4644E-06
sol_vec    4 -0.1088E+04 -0.4053E-06
sol_vec    5  0.3981E+03  0.1309E-06
sol_vec    6  0.5668E-05 -0.3371E-13
 CCD energy        (991.56440527887708,-9.11578854563294996E-010)
dener    0    6  0.24381252E+01
 CCD energy        (991.23354120725071,-6.65139616433933393E-010)
dener    0    7 -0.33086407E+00
 CCD energy        (991.02970212006176,-4.99016928717494689E-010)
dener    0    8 -0.20383909E+00
 CCD energy        (990.90402229469578,-3.86539785616327275E-010)
dener    0    9 -0.12567983E+00
 CCD energy        (990.82608293869998,-3.09932389794244283E-010)
dener    0   10 -0.77939356E-01
 CCD energy        (990.77702354365488,-2.57330552136408739E-010)
dener    0   11 -0.49059395E-01
diis_mat    1    1  0.7249E-04
diis_mat    1    2  0.5949E-04
diis_mat    1    3  0.5070E-04
diis_mat    1    4  0.4461E-04
diis_mat    1    5  0.4025E-04
diis_mat    1    6 -0.1000E+01
diis_mat    2    1  0.5949E-04
diis_mat    2    2  0.5018E-04
diis_mat    2    3  0.4375E-04
diis_mat    2    4  0.3919E-04
diis_mat    2    5  0.3583E-04
diis_mat    2    6 -0.1000E+01
diis_mat    3    1  0.5070E-04
diis_mat    3    2  0.4375E-04
diis_mat    3    3  0.3885E-04
diis_mat    3    4  0.3528E-04
diis_mat    3    5  0.3259E-04
diis_mat    3    6 -0.1000E+01
diis_mat    4    1  0.4461E-04
diis_mat    4    2  0.3919E-04
diis_mat    4    3  0.3528E-04
diis_mat    4    4  0.3237E-04
diis_mat    4    5  0.3012E-04
diis_mat    4    6 -0.1000E+01
diis_mat    5    1  0.4025E-04
diis_mat    5    2  0.3583E-04
diis_mat    5    3  0.3259E-04
diis_mat    5    4  0.3012E-04
diis_mat    5    5  0.2817E-04
diis_mat    5    6 -0.1000E+01
diis_mat    6    1 -0.1000E+01
diis_mat    6    2 -0.1000E+01
diis_mat    6    3 -0.1000E+01
diis_mat    6    4 -0.1000E+01
diis_mat    6    5 -0.1000E+01
diis_mat    6    6  0.0000E+00
 csysv info           0
sol_vec    1  0.2089E+04 -0.6667E-04
sol_vec    2 -0.1050E+05  0.3310E-03
sol_vec    3  0.1959E+05 -0.6095E-03
sol_vec    4 -0.1611E+05  0.4936E-03
sol_vec    5  0.4925E+04 -0.1485E-03
sol_vec    6 -0.1717E-05  0.1500E-12
 CCD energy         (990.00851679919219,1.34853615982315085E-008)
dener    0   12 -0.76850674E+00
 CCD energy         (990.04897167507920,1.19772216571659490E-008)
dener    0   13  0.40454876E-01
 CCD energy         (990.06645082286332,1.11612187095144515E-008)
dener    0   14  0.17479148E-01
 CCD energy         (990.07175987368350,1.07103556321686856E-008)
dener    0   15  0.53090508E-02
 CCD energy         (990.07107947188194,1.04399122289133783E-008)
dener    0   16 -0.68040180E-03
 CCD energy         (990.06784131355062,1.02490087510010391E-008)
dener    0   17 -0.32381583E-02
diis_mat    1    1 -0.5982E-06
diis_mat    1    2 -0.3955E-06
diis_mat    1    3 -0.2610E-06
diis_mat    1    4 -0.1720E-06
diis_mat    1    5 -0.1133E-06
diis_mat    1    6 -0.1000E+01
diis_mat    2    1 -0.3955E-06
diis_mat    2    2 -0.2424E-06
diis_mat    2    3 -0.1456E-06
diis_mat    2    4 -0.8499E-07
diis_mat    2    5 -0.4741E-07
diis_mat    2    6 -0.1000E+01
diis_mat    3    1 -0.2610E-06
diis_mat    3    2 -0.1456E-06
diis_mat    3    3 -0.7538E-07
diis_mat    3    4 -0.3340E-07
diis_mat    3    5 -0.8925E-08
diis_mat    3    6 -0.1000E+01
diis_mat    4    1 -0.1720E-06
diis_mat    4    2 -0.8499E-07
diis_mat    4    3 -0.3340E-07
diis_mat    4    4 -0.3656E-08
diis_mat    4    5  0.1281E-07
diis_mat    4    6 -0.1000E+01
diis_mat    5    1 -0.1133E-06
diis_mat    5    2 -0.4741E-07
diis_mat    5    3 -0.8925E-08
diis_mat    5    4  0.1281E-07
diis_mat    5    5  0.2443E-07
diis_mat    5    6 -0.1000E+01
diis_mat    6    1 -0.1000E+01
diis_mat    6    2 -0.1000E+01
diis_mat    6    3 -0.1000E+01
diis_mat    6    4 -0.1000E+01
diis_mat    6    5 -0.1000E+01
diis_mat    6    6  0.0000E+00
 csysv info           0
sol_vec    1  0.1427E+03 -0.1004E-04
sol_vec    2 -0.7550E+03  0.5331E-04
sol_vec    3  0.1489E+04 -0.1052E-03
sol_vec    4 -0.1297E+04  0.9127E-04
sol_vec    5  0.4216E+03 -0.2931E-04
sol_vec    6  0.3227E-07 -0.1209E-13
 CCD energy         (990.05970511522833,5.83161047951605545E-009)
dener    0   18 -0.81361983E-02
 CCD energy         (990.05824205351257,5.77184251695259823E-009)
dener    0   19 -0.14630617E-02
 CCD energy         (990.05721497287936,5.79412695701712408E-009)
dener    0   20 -0.10270806E-02
 CCD energy         (990.05656499165889,5.83583610312199054E-009)
dener    0   21 -0.64998122E-03
 CCD energy         (990.05622456175831,5.86707639846525081E-009)
dener    0   22 -0.34042990E-03
 CCD energy         (990.05612930614461,5.87590783696371995E-009)
dener    0   23 -0.95255614E-04
diis_mat    1    1  0.3070E-07
diis_mat    1    2  0.3007E-07
diis_mat    1    3  0.2951E-07
diis_mat    1    4  0.2900E-07
diis_mat    1    5  0.2851E-07
diis_mat    1    6 -0.1000E+01
diis_mat    2    1  0.3007E-07
diis_mat    2    2  0.2964E-07
diis_mat    2    3  0.2924E-07
diis_mat    2    4  0.2884E-07
diis_mat    2    5  0.2844E-07
diis_mat    2    6 -0.1000E+01
diis_mat    3    1  0.2951E-07
diis_mat    3    2  0.2924E-07
diis_mat    3    3  0.2895E-07
diis_mat    3    4  0.2864E-07
diis_mat    3    5  0.2830E-07
diis_mat    3    6 -0.1000E+01
diis_mat    4    1  0.2900E-07
diis_mat    4    2  0.2884E-07
diis_mat    4    3  0.2864E-07
diis_mat    4    4  0.2839E-07
diis_mat    4    5  0.2810E-07
diis_mat    4    6 -0.1000E+01
diis_mat    5    1  0.2851E-07
diis_mat    5    2  0.2844E-07
diis_mat    5    3  0.2830E-07
diis_mat    5    4  0.2810E-07
diis_mat    5    5  0.2786E-07
diis_mat    5    6 -0.1000E+01
diis_mat    6    1 -0.1000E+01
diis_mat    6    2 -0.1000E+01
diis_mat    6    3 -0.1000E+01
diis_mat    6    4 -0.1000E+01
diis_mat    6    5 -0.1000E+01
diis_mat    6    6  0.0000E+00
 csysv info           0
sol_vec    1  0.1094E+04  0.2189E-04
sol_vec    2 -0.5746E+04 -0.1025E-03
sol_vec    3  0.1118E+05  0.1810E-03
sol_vec    4 -0.9555E+04 -0.1414E-03
sol_vec    5  0.3030E+04  0.4106E-04
sol_vec    6 -0.3651E-10  0.3262E-15
 CCD energy        (990.08924501911588,-1.30852571168378192E-009)
dener    0   24  0.33115713E-01
 CCD energy        (990.08917638079981,-8.12742286443715931E-010)
dener    0   25 -0.68638316E-04
 CCD energy        (990.08931323889988,-5.77217851601912944E-010)
dener    0   26  0.13685810E-03
 CCD energy        (990.08953179978516,-4.82073597849957494E-010)
dener    0   27  0.21856089E-03
 CCD energy        (990.08976667887896,-4.58338466221250261E-010)
dener    0   28  0.23487909E-03
 CCD energy        (990.08998593900969,-4.67367044542010960E-010)
dener    0   29  0.21926013E-03
diis_mat    1    1  0.2439E-10
diis_mat    1    2  0.4329E-10
diis_mat    1    3  0.5174E-10
diis_mat    1    4  0.5402E-10
diis_mat    1    5  0.5281E-10
diis_mat    1    6 -0.1000E+01
diis_mat    2    1  0.4329E-10
diis_mat    2    2  0.6396E-10
diis_mat    2    3  0.7270E-10
diis_mat    2    4  0.7445E-10
diis_mat    2    5  0.7229E-10
diis_mat    2    6 -0.1000E+01
diis_mat    3    1  0.5174E-10
diis_mat    3    2  0.7270E-10
diis_mat    3    3  0.8165E-10
diis_mat    3    4  0.8353E-10
diis_mat    3    5  0.8140E-10
diis_mat    3    6 -0.1000E+01
diis_mat    4    1  0.5402E-10
diis_mat    4    2  0.7445E-10
diis_mat    4    3  0.8353E-10
diis_mat    4    4  0.8583E-10
diis_mat    4    5  0.8421E-10
diis_mat    4    6 -0.1000E+01
diis_mat    5    1  0.5281E-10
diis_mat    5    2  0.7229E-10
diis_mat    5    3  0.8140E-10
diis_mat    5    4  0.8421E-10
diis_mat    5    5  0.8329E-10
diis_mat    5    6 -0.1000E+01
diis_mat    6    1 -0.1000E+01
diis_mat    6    2 -0.1000E+01
diis_mat    6    3 -0.1000E+01
diis_mat    6    4 -0.1000E+01
diis_mat    6    5 -0.1000E+01
diis_mat    6    6  0.0000E+00
 csysv info           0
sol_vec    1  0.2189E+03 -0.1737E-03
sol_vec    2 -0.1150E+04  0.8844E-03
sol_vec    3  0.2250E+04 -0.1669E-02
sol_vec    4 -0.1942E+04  0.1384E-02
sol_vec    5  0.6241E+03 -0.4258E-03
sol_vec    6  0.2919E-10 -0.1866E-16
 CCD energy        (990.09027728114347,-3.26381673182255281E-010)
dener    0   30  0.29134213E-03
 CCD energy        (990.09033837875461,-3.50979561715389025E-010)
dener    0   31  0.61097611E-04
 CCD energy        (990.09039829208621,-3.58268508820913620E-010)
dener    0   32  0.59913332E-04
 CCD energy        (990.09045012306137,-3.55927183757316849E-010)
dener    0   33  0.51830975E-04
 CCD energy        (990.09049151404452,-3.48503581692625783E-010)
dener    0   34  0.41390983E-04
 CCD energy        (990.09052242942403,-3.38644756318935523E-010)
dener    0   35  0.30915380E-04
diis_mat    1    1  0.2701E-10
diis_mat    1    2  0.2634E-10
diis_mat    1    3  0.2575E-10
diis_mat    1    4  0.2521E-10
diis_mat    1    5  0.2471E-10
diis_mat    1    6 -0.1000E+01
diis_mat    2    1  0.2634E-10
diis_mat    2    2  0.2599E-10
diis_mat    2    3  0.2562E-10
diis_mat    2    4  0.2524E-10
diis_mat    2    5  0.2484E-10
diis_mat    2    6 -0.1000E+01
diis_mat    3    1  0.2575E-10
diis_mat    3    2  0.2562E-10
diis_mat    3    3  0.2542E-10
diis_mat    3    4  0.2517E-10
diis_mat    3    5  0.2487E-10
diis_mat    3    6 -0.1000E+01
diis_mat    4    1  0.2521E-10
diis_mat    4    2  0.2524E-10
diis_mat    4    3  0.2517E-10
diis_mat    4    4  0.2501E-10
diis_mat    4    5  0.2479E-10
diis_mat    4    6 -0.1000E+01
diis_mat    5    1  0.2471E-10
diis_mat    5    2  0.2484E-10
diis_mat    5    3  0.2487E-10
diis_mat    5    4  0.2479E-10
diis_mat    5    5  0.2463E-10
diis_mat    5    6 -0.1000E+01
diis_mat    6    1 -0.1000E+01
diis_mat    6    2 -0.1000E+01
diis_mat    6    3 -0.1000E+01
diis_mat    6    4 -0.1000E+01
diis_mat    6    5 -0.1000E+01
diis_mat    6    6  0.0000E+00
 csysv info           0
sol_vec    1  0.1580E+04  0.6313E-03
sol_vec    2 -0.8155E+04 -0.3283E-02
sol_vec    3  0.1561E+05  0.6299E-02
sol_vec    4 -0.1314E+05 -0.5306E-02
sol_vec    5  0.4106E+04  0.1659E-02
sol_vec    6 -0.2344E-11 -0.7150E-17
 CCD energy        (990.08970918529371,-9.53341242022091067E-011)
dener    0   36 -0.81324413E-03
 CCD energy        (990.08971243260180,-8.63481521549412012E-011)
dener    0   37  0.32473081E-05
 CCD energy        (990.08969557744626,-1.15702969990688138E-010)
dener    0   38 -0.16855155E-04
 CCD energy        (990.08967114319626,-1.59355792377293317E-010)
dener    0   39 -0.24434250E-04
 CCD energy        (990.08964566089253,-2.04807586354601863E-010)
dener    0   40 -0.25482304E-04
 CCD energy        (990.08962225158064,-2.46120160620898997E-010)
dener    0   41 -0.23409312E-04
diis_mat    1    1 -0.9160E-12
diis_mat    1    2 -0.4706E-12
diis_mat    1    3 -0.1886E-12
diis_mat    1    4 -0.1078E-13
diis_mat    1    5  0.1010E-12
diis_mat    1    6 -0.1000E+01
diis_mat    2    1 -0.4706E-12
diis_mat    2    2 -0.7656E-13
diis_mat    2    3  0.1596E-12
diis_mat    2    4  0.2972E-12
diis_mat    2    5  0.3739E-12
diis_mat    2    6 -0.1000E+01
diis_mat    3    1 -0.1886E-12
diis_mat    3    2  0.1596E-12
diis_mat    3    3  0.3628E-12
diis_mat    3    4  0.4757E-12
diis_mat    3    5  0.5331E-12
diis_mat    3    6 -0.1000E+01
diis_mat    4    1 -0.1078E-13
diis_mat    4    2  0.2972E-12
diis_mat    4    3  0.4757E-12
diis_mat    4    4  0.5731E-12
diis_mat    4    5  0.6202E-12
diis_mat    4    6 -0.1000E+01
diis_mat    5    1  0.1010E-12
diis_mat    5    2  0.3739E-12
diis_mat    5    3  0.5331E-12
diis_mat    5    4  0.6202E-12
diis_mat    5    5  0.6621E-12
diis_mat    5    6 -0.1000E+01
diis_mat    6    1 -0.1000E+01
diis_mat    6    2 -0.1000E+01
diis_mat    6    3 -0.1000E+01
diis_mat    6    4 -0.1000E+01
diis_mat    6    5 -0.1000E+01
diis_mat    6    6  0.0000E+00
 csysv info           0
sol_vec    1  0.3333E+03  0.2019E-03
sol_vec    2 -0.1733E+04 -0.1020E-02
sol_vec    3  0.3352E+04  0.1914E-02
sol_vec    4 -0.2858E+04 -0.1576E-02
sol_vec    5  0.9064E+03  0.4806E-03
sol_vec    6  0.3174E-12  0.1773E-17
 CCD energy        (990.08960875550315,-1.29449873792187022E-010)
dener    0   42 -0.13496077E-04
 CCD energy        (990.08960035913663,-1.49669832886254665E-010)
dener    0   43 -0.83963666E-05
 CCD energy        (990.08959259843743,-1.71283194731290499E-010)
dener    0   44 -0.77606992E-05
 CCD energy        (990.08958605428677,-1.90966720808161747E-010)
dener    0   45 -0.65441506E-05
 CCD energy        (990.08958087019664,-2.07389268743994792E-010)
dener    0   46 -0.51840901E-05
 CCD energy        (990.08957697485926,-2.20267534691945931E-010)
dener    0   47 -0.38953374E-05
diis_mat    1    1  0.2801E-12
diis_mat    1    2  0.2695E-12
diis_mat    1    3  0.2610E-12
diis_mat    1    4  0.2539E-12
diis_mat    1    5  0.2478E-12
diis_mat    1    6 -0.1000E+01
diis_mat    2    1  0.2695E-12
diis_mat    2    2  0.2634E-12
diis_mat    2    3  0.2579E-12
diis_mat    2    4  0.2530E-12
diis_mat    2    5  0.2483E-12
diis_mat    2    6 -0.1000E+01
diis_mat    3    1  0.2610E-12
diis_mat    3    2  0.2579E-12
diis_mat    3    3  0.2547E-12
diis_mat    3    4  0.2513E-12
diis_mat    3    5  0.2477E-12
diis_mat    3    6 -0.1000E+01
diis_mat    4    1  0.2539E-12
diis_mat    4    2  0.2530E-12
diis_mat    4    3  0.2513E-12
diis_mat    4    4  0.2491E-12
diis_mat    4    5  0.2463E-12
diis_mat    4    6 -0.1000E+01
diis_mat    5    1  0.2478E-12
diis_mat    5    2  0.2483E-12
diis_mat    5    3  0.2477E-12
diis_mat    5    4  0.2463E-12
diis_mat    5    5  0.2442E-12
diis_mat    5    6 -0.1000E+01
diis_mat    6    1 -0.1000E+01
diis_mat    6    2 -0.1000E+01
diis_mat    6    3 -0.1000E+01
diis_mat    6    4 -0.1000E+01
diis_mat    6    5 -0.1000E+01
diis_mat    6    6  0.0000E+00
 csysv info           0
sol_vec    1  0.1447E+04  0.2565E-03
sol_vec    2 -0.7471E+04 -0.1306E-02
sol_vec    3  0.1431E+05  0.2465E-02
sol_vec    4 -0.1206E+05 -0.2048E-02
sol_vec    5  0.3776E+04  0.6328E-03
sol_vec    6 -0.1113E-13 -0.9617E-19
 CCD energy        (990.08965002400998,-1.32839528222093460E-011)
dener    0   48  0.73049151E-04
 CCD energy        (990.08964954103169,-1.78426000411820284E-011)
dener    0   49 -0.48297832E-06
 Total execution time CCD   95.153804013971239     
 preparing to do CCD(T): 
          -8           8          -8           8          -8           8
 Total memory for lookup configs   1.1863487999999986E-002 GByte
 Total memory for channels   1.1892543999999986E-002 GByte
             89696544     2803017        1816
 Setting up vnn (NN) for hppp block
 Time to setup hppp block   6.7578249940415844     
 Total memory for vnn storage  0.72946489599999531      GByte
          12          12          12           3           3
 Total memory for lookup t3-confs   1.2188792640000019      Gbyte
 3NF with deltas: T
           9835169512   307349047         539

 proc number   0      % work  0.100000E+03

          Channel #:     1
    Row index start:     1
      Row index end:     2
 Column index start:     1
   Column index end:  ****

          Channel #:     2
    Row index start:     1
      Row index end:     2
 Column index start:     1
   Column index end:  ****

          Channel #:     3
    Row index start:     1
      Row index end:     2
 Column index start:     1
   Column index end:  ****

          Channel #:     4
    Row index start:     1
      Row index end:     2
 Column index start:     1
   Column index end:  ****

          Channel #:     5
    Row index start:     1
      Row index end:     2
 Column index start:     1
   Column index end:  ****

          Channel #:     6
    Row index start:     1
      Row index end:     2
 Column index start:     1
   Column index end:  ****

          Channel #:     7
    Row index start:     1
      Row index end:     2
 Column index start:     1
   Column index end:  ****

          Channel #:     8
    Row index start:     1
      Row index end:     2
 Column index start:     1
   Column index end:  ****

          Channel #:     9
    Row index start:     1
      Row index end:     2
 Column index start:     1
   Column index end:  ****

          Channel #:    10
    Row index start:     1
      Row index end:     2
 Column index start:     1
   Column index end:  ****

          Channel #:    11
    Row index start:     1
      Row index end:     8
 Column index start:     1
   Column index end:  ****

          Channel #:    12
    Row index start:     1
      Row index end:    12
 Column index start:     1
   Column index end:  ****

          Channel #:    13
    Row index start:     1
      Row index end:     8
 Column index start:     1
   Column index end:  ****

          Channel #:    14
    Row index start:     1
      Row index end:     2
 Column index start:     1
   Column index end:  ****

          Channel #:    15
    Row index start:     1
      Row index end:     8
 Column index start:     1
   Column index end:  ****

          Channel #:    16
    Row index start:     1
      Row index end:    18
 Column index start:     1
   Column index end:  ****

          Channel #:    17
    Row index start:     1
      Row index end:    26
 Column index start:     1
   Column index end:  ****

          Channel #:    18
    Row index start:     1
      Row index end:    18
 Column index start:     1
   Column index end:  ****

          Channel #:    19
    Row index start:     1
      Row index end:     8
 Column index start:     1
   Column index end:  ****

          Channel #:    20
    Row index start:     1
      Row index end:    12
 Column index start:     1
   Column index end:  ****

          Channel #:    21
    Row index start:     1
      Row index end:    26
 Column index start:     1
   Column index end:  ****

          Channel #:    22
    Row index start:     1
      Row index end:    36
 Column index start:     1
   Column index end:  ****

          Channel #:    23
    Row index start:     1
      Row index end:    26
 Column index start:     1
   Column index end:  ****

          Channel #:    24
    Row index start:     1
      Row index end:    12
 Column index start:     1
   Column index end:  ****

          Channel #:    25
    Row index start:     1
      Row index end:     8
 Column index start:     1
   Column index end:  ****

          Channel #:    26
    Row index start:     1
      Row index end:    18
 Column index start:     1
   Column index end:  ****

          Channel #:    27
    Row index start:     1
      Row index end:    26
 Column index start:     1
   Column index end:  ****

          Channel #:    28
    Row index start:     1
      Row index end:    18
 Column index start:     1
   Column index end:  ****

          Channel #:    29
    Row index start:     1
      Row index end:     8
 Column index start:     1
   Column index end:  ****

          Channel #:    30
    Row index start:     1
      Row index end:     2
 Column index start:     1
   Column index end:  ****

          Channel #:    31
    Row index start:     1
      Row index end:     8
 Column index start:     1
   Column index end:  ****

          Channel #:    32
    Row index start:     1
      Row index end:    12
 Column index start:     1
   Column index end:  ****

          Channel #:    33
    Row index start:     1
      Row index end:     8
 Column index start:     1
   Column index end:  ****

          Channel #:    34
    Row index start:     1
      Row index end:     2
 Column index start:     1
   Column index end:  ****

          Channel #:    35
    Row index start:     1
      Row index end:     2
 Column index start:     1
   Column index end:  ****

          Channel #:    36
    Row index start:     1
      Row index end:    12
 Column index start:     1
   Column index end:  ****

          Channel #:    37
    Row index start:     1
      Row index end:    16
 Column index start:     1
   Column index end:  ****

          Channel #:    38
    Row index start:     1
      Row index end:    12
 Column index start:     1
   Column index end:  ****

          Channel #:    39
    Row index start:     1
      Row index end:     2
 Column index start:     1
   Column index end:  ****

          Channel #:    40
    Row index start:     1
      Row index end:     2
 Column index start:     1
   Column index end:  ****

          Channel #:    41
    Row index start:     1
      Row index end:    18
 Column index start:     1
   Column index end:  ****

          Channel #:    42
    Row index start:     1
      Row index end:    44
 Column index start:     1
   Column index end:  ****

          Channel #:    43
    Row index start:     1
      Row index end:    58
 Column index start:     1
   Column index end:  ****

          Channel #:    44
    Row index start:     1
      Row index end:    44
 Column index start:     1
   Column index end:  ****

          Channel #:    45
    Row index start:     1
      Row index end:    18
 Column index start:     1
   Column index end:  ****

          Channel #:    46
    Row index start:     1
      Row index end:     2
 Column index start:     1
   Column index end:  ****

          Channel #:    47
    Row index start:     1
      Row index end:    12
 Column index start:     1
   Column index end:  ****

          Channel #:    48
    Row index start:     1
      Row index end:    44
 Column index start:     1
   Column index end:  ****

          Channel #:    49
    Row index start:     1
      Row index end:    90
 Column index start:     1
   Column index end:  ****

          Channel #:    50
    Row index start:     1
      Row index end:   110
 Column index start:     1
   Column index end:  ****

          Channel #:    51
    Row index start:     1
      Row index end:    90
 Column index start:     1
   Column index end:  ****

          Channel #:    52
    Row index start:     1
      Row index end:    44
 Column index start:     1
   Column index end:  ****

          Channel #:    53
    Row index start:     1
      Row index end:    12
 Column index start:     1
   Column index end:  ****

          Channel #:    54
    Row index start:     1
      Row index end:    16
 Column index start:     1
   Column index end:  ****

          Channel #:    55
    Row index start:     1
      Row index end:    58
 Column index start:     1
   Column index end:  ****

          Channel #:    56
    Row index start:     1
      Row index end:   110
 Column index start:     1
   Column index end:  ****

          Channel #:    57
    Row index start:     1
      Row index end:   138
 Column index start:     1
   Column index end:  ****

          Channel #:    58
    Row index start:     1
      Row index end:   110
 Column index start:     1
   Column index end:  ****

          Channel #:    59
    Row index start:     1
      Row index end:    58
 Column index start:     1
   Column index end:  ****

          Channel #:    60
    Row index start:     1
      Row index end:    16
 Column index start:     1
   Column index end:  ****

          Channel #:    61
    Row index start:     1
      Row index end:    12
 Column index start:     1
   Column index end:  ****

          Channel #:    62
    Row index start:     1
      Row index end:    44
 Column index start:     1
   Column index end:  ****

          Channel #:    63
    Row index start:     1
      Row index end:    90
 Column index start:     1
   Column index end:  ****
           1      140934           2
           2      142142           2
           3      140934           2
           4      142142           2
           5      143314           2
           6      142142           2
           7      140934           2
           8      142142           2
           9      140934           2
          10      165140           2
          11      171146           8
          12      172700          12
          13      171146           8
          14      165140           2
          15      171146           8
          16      177104          18
          17      178618          26
          18      177104          18
          19      171146           8
          20      172700          12
          21      178618          26
          22      180090          36
          23      178618          26
          24      172700          12
          25      171146           8
          26      177104          18
          27      178618          26
          28      177104          18
          29      171146           8
          30      165140           2
          31      171146           8
          32      172700          12
          33      171146           8
          34      165140           2
          35      175428           2
          36      181878          12
          37      183578          16
          38      181878          12
          39      175428           2
          40      175428           2
          41      189980          18
          42      196714          44
          43      198434          58
          44      196714          44
          45      189980          18
          46      175428           2
          47      181878          12
          48      196714          44
          49      203344          90
          50      205010         110
          51      203344          90
          52      196714          44
          53      181878          12
          54      183578          16
          55      198434          58
          56      205010         110
          57      206610         138
          58      205010         110
          59      198434          58
          60      183578          16
          61      181878          12
          62      196714          44
          63      203344          90
 EXECUTION TIME FOR CCD(T)   61.346521451952867     
Kf, Dens          1.52593           0.12000  CCSD(T)         -0.22115            0.00000


 ---------------------------------------------------------------------
 Boxsize   8.1932127060064577      Nmax           4
 A, Density, Kf          66  0.12000000000000000        1.5259281401037115     
 Twist averaged E0/N               (17.120322637233116,0.0000000000000000)
 Twist averaged mbpt2         (14.508068539075566,1.20071817485895401E-019)
 Twist averaged CCSD        (15.001358326379268,-2.70342424866394350E-013)
 kinetic_TF   1910.6423885152130     
  0.12000000000000000                    (17.120322637233116,0.0000000000000000)        (990.08964954103169,-1.78426000411820284E-011)

 E/N   1.52592814      0.119999997       17.120322637233116        14.508068539075566        15.001358326379268        14.780212098013886     
#Nmax, Nucleons, 3NFnexp, 3NFCutoff: 4  66 3 450
     0.00000     0.00000     1.52593     0.12000    17.12032    14.50807    15.00136    14.78021
 ---------------------------------------------------------------------
 Total execution time for CCD code   196.81051873101387     
