Boundary Conditions PBC                                                                                                 
CC approx CCD(T)                                                                                              
 TNF: F TNF-approx:           0
 3NF Cutoff:   450.00000000000000      Nexp_3NF:           3
 NN regulator Exponent:    3.0000000000000000     
 -----------
 NN ci's
   0.0000000000000000     
   0.0000000000000000     
   0.0000000000000000     
   0.0000000000000000     
 3NF ci's
   0.0000000000000000     
   0.0000000000000000     
   0.0000000000000000     
   0.0000000000000000     
 -----------
 --------
 c1s0(-1) -0.11292668234872000     
 c1s0(0) -0.11292668234872000     
 c1s0(1) -0.11292668234872000     
 c3s1(-1)  -8.7339820926559994E-002
 c3s1(0)  -8.7339820926559994E-002
 c3s1(1)  -8.7339820926559994E-002
 --------
 -----------
 NLO contacts PW
   0.0000000000000000     
   0.0000000000000000     
   0.0000000000000000     
   0.0000000000000000     
   0.0000000000000000     
   0.0000000000000000     
   0.0000000000000000     
 ----------
          C1            0.0000000000000000
          C2            0.0000000000000000
          C3           -0.0000000000000000
          C4           -0.0000000000000000
          C5           -0.0000000000000000
          C6            0.0000000000000000
          C7           -0.0000000000000000
          D1           -0.3771581126597507
          D2           -0.9305750209334183
          D3            2.1195254080520742
          D4           -2.1246309930064329
          D5           -0.0131882077354610
          D6            0.6645429882213397
          D7            0.7806033045976430
          D8           -0.4752342494327860
          D9            0.0920642557695526
         D10           -0.0312443369241453
         D11            0.0232036046033312
         D12           -0.3040203100732521
         D13           -0.2963726204319913
         D14            1.4856672935233888
         D15           -0.3992014237014200

   3NF LECs:
          C1            0.0000000000000000
          C3            0.0000000000000000
          C4            0.0000000000000000
          cE            0.0000000000000000
          cD            0.0000000000000000

 delta_chiral_order           0
 delta cutoff   450.00000000000000     
 Boxsize   5.5793907700023500     
 Density  0.38000000000000000     
 K_f   2.2407919325473711     
 Nmax           4
 Total number of states        1458
 K-mesh   0.0000000000000000     
 K-mesh  -1.1261418255486224     
 K-mesh   1.1261418255486224     
 K-mesh  -2.2522836510972448     
 K-mesh   2.2522836510972448     
 K-mesh  -3.3784254766458672     
 K-mesh   3.3784254766458672     
 K-mesh  -4.5045673021944896     
 K-mesh   4.5045673021944896     
   0.0000000000000000        5.5793907700023500     
   0.0000000000000000        5.5793907700023500     
   0.0000000000000000        5.5793907700023500     
   0.0000000000000000        5.5793907700023500     
 Kz-mesh   0.0000000000000000     
 Kz-mesh  -1.1261418255486224     
 Kz-mesh   1.1261418255486224     
 Kz-mesh  -2.2522836510972448     
 Kz-mesh   2.2522836510972448     
 Kz-mesh  -3.3784254766458672     
 Kz-mesh   3.3784254766458672     
 Kz-mesh  -4.5045673021944896     
 Kz-mesh   4.5045673021944896     
 KY-mesh   0.0000000000000000     
 KY-mesh  -1.1261418255486224     
 KY-mesh   1.1261418255486224     
 KY-mesh  -2.2522836510972448     
 KY-mesh   2.2522836510972448     
 KY-mesh  -3.3784254766458672     
 KY-mesh   3.3784254766458672     
 KY-mesh  -4.5045673021944896     
 KY-mesh   4.5045673021944896     
           4           4           4          -1           1           1           1
 nkmin, nkmax           4           4           4
 Occupied j-orbits
     1       0.000000000        0   0   0  -1   1 hole      
     2       0.000000000        0   0   0   1   1 hole      
     3       26.27860070        0   0  -1  -1   1 hole      
     4       26.27860070        0   0  -1   1   1 hole      
     5       26.27860070        0   1   0  -1   1 hole      
     6       26.27860070        0   1   0   1   1 hole      
     7       26.27860070        0  -1   0  -1   1 hole      
     8       26.27860070        0  -1   0   1   1 hole      
     9       26.27860070        1   0   0  -1   1 hole      
    10       26.27860070        1   0   0   1   1 hole      
    11       26.27860070        0   0   1  -1   1 hole      
    12       26.27860070        0   0   1   1   1 hole      
    13       26.27860070       -1   0   0  -1   1 hole      
    14       26.27860070       -1   0   0   1   1 hole      
    15       52.55720141        0   1   1  -1   1 hole      
    16       52.55720141        0   1   1   1   1 hole      
    17       52.55720141       -1   1   0  -1   1 hole      
    18       52.55720141       -1   1   0   1   1 hole      
    19       52.55720141        1   0   1  -1   1 hole      
    20       52.55720141        1   0   1   1   1 hole      
    21       52.55720141        0   1  -1  -1   1 hole      
    22       52.55720141        0   1  -1   1   1 hole      
    23       52.55720141        1   1   0  -1   1 hole      
    24       52.55720141        1   1   0   1   1 hole      
    25       52.55720141        1   0  -1  -1   1 hole      
    26       52.55720141        1   0  -1   1   1 hole      
    27       52.55720141       -1   0  -1  -1   1 hole      
    28       52.55720141       -1   0  -1   1   1 hole      
    29       52.55720141        1  -1   0  -1   1 hole      
    30       52.55720141        1  -1   0   1   1 hole      
    31       52.55720141        0  -1  -1  -1   1 hole      
    32       52.55720141        0  -1  -1   1   1 hole      
    33       52.55720141       -1  -1   0  -1   1 hole      
    34       52.55720141       -1  -1   0   1   1 hole      
    35       52.55720141       -1   0   1  -1   1 hole      
    36       52.55720141       -1   0   1   1   1 hole      
    37       52.55720141        0  -1   1  -1   1 hole      
    38       52.55720141        0  -1   1   1   1 hole      
    39       78.83580211        1  -1   1  -1   1 hole      
    40       78.83580211        1  -1   1   1   1 hole      
    41       78.83580211        1   1  -1  -1   1 hole      
    42       78.83580211        1   1  -1   1   1 hole      
    43       78.83580211        1   1   1  -1   1 hole      
    44       78.83580211        1   1   1   1   1 hole      
    45       78.83580211        1  -1  -1  -1   1 hole      
    46       78.83580211        1  -1  -1   1   1 hole      
    47       78.83580211       -1   1   1  -1   1 hole      
    48       78.83580211       -1   1   1   1   1 hole      
    49       78.83580211       -1   1  -1  -1   1 hole      
    50       78.83580211       -1   1  -1   1   1 hole      
    51       78.83580211       -1  -1  -1  -1   1 hole      
    52       78.83580211       -1  -1  -1   1   1 hole      
    53       78.83580211       -1  -1   1  -1   1 hole      
    54       78.83580211       -1  -1   1   1   1 hole      
    55       105.1144028        2   0   0  -1   1 hole      
    56       105.1144028        2   0   0   1   1 hole      
    57       105.1144028        0   2   0  -1   1 hole      
    58       105.1144028        0   2   0   1   1 hole      
    59       105.1144028        0   0   2  -1   1 hole      
    60       105.1144028        0   0   2   1   1 hole      
    61       105.1144028        0  -2   0  -1   1 hole      
    62       105.1144028        0  -2   0   1   1 hole      
    63       105.1144028       -2   0   0  -1   1 hole      
    64       105.1144028       -2   0   0   1   1 hole      
    65       105.1144028        0   0  -2  -1   1 hole      
    66       105.1144028        0   0  -2   1   1 hole      
 Unoccupied j-orbits
    67       131.3930035       -1   0   2  -1   1 particle  
    68       131.3930035       -1   0   2   1   1 particle  
    69       131.3930035        0  -1   2  -1   1 particle  
    70       131.3930035        0  -1   2   1   1 particle  
    71       131.3930035       -2  -1   0  -1   1 particle  
    72       131.3930035       -2  -1   0   1   1 particle  
    73       131.3930035        0  -1  -2  -1   1 particle  
    74       131.3930035        0  -1  -2   1   1 particle  
    75       131.3930035        1   0   2  -1   1 particle  
    76       131.3930035        1   0   2   1   1 particle  
    77       131.3930035       -2   0   1  -1   1 particle  
 Sz and Tz for vacuum state   0.0000000000000000        66.000000000000000     
          -8           8          -8           8          -8           8
 Total memory for lookup configs   5.6901119999999113E-003 GByte
 Total memory for channels   4.0880000000000002E-005 GByte
              8067968      252124         185
              8067968      252124        1816
 Setting up vnn for hhhh block
 Time to setup hhhh block  0.22563555394299328     
 Setting up vnn for hhhp block
 Time to setup hhhp block  0.43194971699267626     
 Setting up vnn for hhpp block
 Time to setup hhpp block   1.8167995359981433     
 Setting up vnn for hphp block
 Time to setup hphp block   1.0806732890196145     
 Setting up vnn for pppp block
 Time to setup pppp block   17.367395059089176     
 Total memory for vnn storage  0.31066944000000035      GByte
          -8           8          -8           8          -8           8
 Total memory for lookup ph configs   3.6748800000001611E-003 GByte
 Total memory for ph channels   8.7168000000000003E-005 GByte
              8067968      252124        1816
 Setting up vnn for ph hpph block
 Time to setup ph hpph block  0.14928316697478294     
 Total memory for vnn/t2 ph storage  0.25817497600000122      GByte
 kinetic energy =               (4099.4617095993690,0.0000000000000000)
 below_ef =          66
 Vacuum expectation value               (2062.9764629589267,0.0000000000000000)
 here we go...
 here we go...
 here we go...
 here we go...
 here we go...
 here we go...
 here we go...
 here we go...
 here we go...
 here we go...
 here we go...
 here we go...
 here we go...
 here we go...
 here we go...
 here we go...
 here we go...
 here we go...
 here we go...
 here we go...
 Total memory for t2 storage  0.25817497600000017      GByte
 here we go...
 here we go...
 here we go...
 here we go...
 here we go...
 here we go...
 here we go...
 here we go...
 here we go...
 here we go...
 here we go...
 here we go...
 CCD energy        (2008.7837309453721,-1.66232712060658253E-018)
 diis space     8067968
 Storage of diis vectors  0.90361241599999997      Gb
 CCD energy         (2012.1585531496530,1.16851367183780851E-017)
dener    0    1  0.33748222E+01
 CCD energy         (2014.3533519011273,1.41311123818759630E-017)
dener    0    2  0.21947988E+01
 CCD energy         (2015.7744777683818,1.15426140979706679E-017)
dener    0    3  0.14211259E+01
 CCD energy         (2016.6901138684880,1.23510106472663829E-017)
dener    0    4  0.91563610E+00
 CCD energy         (2017.2764598757283,1.35046300486178525E-017)
dener    0    5  0.58634601E+00
diis_mat    1    1  0.3601E-02
diis_mat    1    2  0.2353E-02
diis_mat    1    3  0.1543E-02
diis_mat    1    4  0.1017E-02
diis_mat    1    5  0.6751E-03
diis_mat    1    6 -0.1000E+01
diis_mat    2    1  0.2353E-02
diis_mat    2    2  0.1548E-02
diis_mat    2    3  0.1023E-02
diis_mat    2    4  0.6811E-03
diis_mat    2    5  0.4572E-03
diis_mat    2    6 -0.1000E+01
diis_mat    3    1  0.1543E-02
diis_mat    3    2  0.1023E-02
diis_mat    3    3  0.6831E-03
diis_mat    3    4  0.4598E-03
diis_mat    3    5  0.3128E-03
diis_mat    3    6 -0.1000E+01
diis_mat    4    1  0.1017E-02
diis_mat    4    2  0.6811E-03
diis_mat    4    3  0.4598E-03
diis_mat    4    4  0.3137E-03
diis_mat    4    5  0.2167E-03
diis_mat    4    6 -0.1000E+01
diis_mat    5    1  0.6751E-03
diis_mat    5    2  0.4572E-03
diis_mat    5    3  0.3128E-03
diis_mat    5    4  0.2167E-03
diis_mat    5    5  0.1522E-03
diis_mat    5    6 -0.1000E+01
diis_mat    6    1 -0.1000E+01
diis_mat    6    2 -0.1000E+01
diis_mat    6    3 -0.1000E+01
diis_mat    6    4 -0.1000E+01
diis_mat    6    5 -0.1000E+01
diis_mat    6    6  0.0000E+00
 csysv info           0
sol_vec    1  0.1294E+02  0.5643E-07
sol_vec    2 -0.8633E+02 -0.2943E-06
sol_vec    3  0.2105E+03  0.5713E-06
sol_vec    4 -0.2233E+03 -0.4886E-06
sol_vec    5  0.8719E+02  0.1552E-06
sol_vec    6  0.4760E-07 -0.1908E-15
 CCD energy        (2018.1602740317455,-1.07573422520521334E-010)
dener    0    6  0.88381416E+00
 CCD energy        (2018.1632951628455,-7.09298683539985305E-011)
dener    0    7  0.30211311E-02
 CCD energy        (2018.1654370691456,-4.68626483651251258E-011)
dener    0    8  0.21419063E-02
 CCD energy        (2018.1669687015972,-3.10304097485783745E-011)
dener    0    9  0.15316325E-02
 CCD energy        (2018.1680734767785,-2.05984472998934591E-011)
dener    0   10  0.11047752E-02
 CCD energy        (2018.1688771906313,-1.37130195091746691E-011)
dener    0   11  0.80371385E-03
diis_mat    1    1  0.2960E-07
diis_mat    1    2  0.2328E-07
diis_mat    1    3  0.1840E-07
diis_mat    1    4  0.1461E-07
diis_mat    1    5  0.1164E-07
diis_mat    1    6 -0.1000E+01
diis_mat    2    1  0.2328E-07
diis_mat    2    2  0.1838E-07
diis_mat    2    3  0.1458E-07
diis_mat    2    4  0.1161E-07
diis_mat    2    5  0.9281E-08
diis_mat    2    6 -0.1000E+01
diis_mat    3    1  0.1840E-07
diis_mat    3    2  0.1458E-07
diis_mat    3    3  0.1161E-07
diis_mat    3    4  0.9269E-08
diis_mat    3    5  0.7426E-08
diis_mat    3    6 -0.1000E+01
diis_mat    4    1  0.1461E-07
diis_mat    4    2  0.1161E-07
diis_mat    4    3  0.9269E-08
diis_mat    4    4  0.7421E-08
diis_mat    4    5  0.5958E-08
diis_mat    4    6 -0.1000E+01
diis_mat    5    1  0.1164E-07
diis_mat    5    2  0.9281E-08
diis_mat    5    3  0.7426E-08
diis_mat    5    4  0.5958E-08
diis_mat    5    5  0.4793E-08
diis_mat    5    6 -0.1000E+01
diis_mat    6    1 -0.1000E+01
diis_mat    6    2 -0.1000E+01
diis_mat    6    3 -0.1000E+01
diis_mat    6    4 -0.1000E+01
diis_mat    6    5 -0.1000E+01
diis_mat    6    6  0.0000E+00
 csysv info           0
sol_vec    1  0.6754E+02  0.2426E-06
sol_vec    2 -0.3728E+03 -0.1234E-05
sol_vec    3  0.7687E+03  0.2335E-05
sol_vec    4 -0.7015E+03 -0.1949E-05
sol_vec    5  0.2391E+03  0.6051E-06
sol_vec    6  0.1854E-12 -0.7557E-20
 CCD energy        (2018.1712741939380,-7.89095649461407530E-014)
dener    0   12  0.23970033E-02
 CCD energy        (2018.1712581300064,-9.95881963280070940E-014)
dener    0   13 -0.16063932E-04
 CCD energy        (2018.1712470636762,-1.02323267706842278E-013)
dener    0   14 -0.11066330E-04
 CCD energy        (2018.1712393920006,-9.59047893834319799E-014)
dener    0   15 -0.76716755E-05
 CCD energy        (2018.1712340368640,-8.54373287988895754E-014)
dener    0   16 -0.53551367E-05
 CCD energy        (2018.1712302705969,-7.37564844501961106E-014)
dener    0   17 -0.37662671E-05
diis_mat    1    1  0.1008E-12
diis_mat    1    2  0.7605E-13
diis_mat    1    3  0.5786E-13
diis_mat    1    4  0.4437E-13
diis_mat    1    5  0.3427E-13
diis_mat    1    6 -0.1000E+01
diis_mat    2    1  0.7605E-13
diis_mat    2    2  0.5780E-13
diis_mat    2    3  0.4428E-13
diis_mat    2    4  0.3417E-13
diis_mat    2    5  0.2655E-13
diis_mat    2    6 -0.1000E+01
diis_mat    3    1  0.5786E-13
diis_mat    3    2  0.4428E-13
diis_mat    3    3  0.3414E-13
diis_mat    3    4  0.2650E-13
diis_mat    3    5  0.2070E-13
diis_mat    3    6 -0.1000E+01
diis_mat    4    1  0.4437E-13
diis_mat    4    2  0.3417E-13
diis_mat    4    3  0.2650E-13
diis_mat    4    4  0.2068E-13
diis_mat    4    5  0.1623E-13
diis_mat    4    6 -0.1000E+01
diis_mat    5    1  0.3427E-13
diis_mat    5    2  0.2655E-13
diis_mat    5    3  0.2070E-13
diis_mat    5    4  0.1623E-13
diis_mat    5    5  0.1280E-13
diis_mat    5    6 -0.1000E+01
diis_mat    6    1 -0.1000E+01
diis_mat    6    2 -0.1000E+01
diis_mat    6    3 -0.1000E+01
diis_mat    6    4 -0.1000E+01
diis_mat    6    5 -0.1000E+01
diis_mat    6    6  0.0000E+00
 csysv info           0
sol_vec    1  0.7629E+02 -0.5491E-04
sol_vec    2 -0.4164E+03  0.2820E-03
sol_vec    3  0.8492E+03 -0.5383E-03
sol_vec    4 -0.7672E+03  0.4524E-03
sol_vec    5  0.2591E+03 -0.1412E-03
sol_vec    6  0.4755E-18  0.3182E-23
 CCD energy         (2018.1712200690988,3.36919645384843760E-013)
dener    0   18 -0.10201498E-04
 CCD energy         (2018.1712200883298,2.36209706132069301E-013)
dener    0   19  0.19231059E-07
 Total execution time CCD   44.110352279967628     
 preparing to do CCD(T): 
          -8           8          -8           8          -8           8
 Total memory for lookup configs   1.1863487999999986E-002 GByte
 Total memory for channels   1.1892543999999986E-002 GByte
             89696544     2803017        1816
 Setting up vnn (NN) for hppp block
 Time to setup hppp block   6.8869187380187213     
 Total memory for vnn storage  0.72946489599999531      GByte
          12          12          12           3           3
 Total memory for lookup t3-confs   1.2188792640000019      Gbyte
 3NF with deltas: T
           9835169512   307349047         539

 proc number   0      % work  0.100000E+03

          Channel #:     1
    Row index start:     1
      Row index end:     2
 Column index start:     1
   Column index end:  ****

          Channel #:     2
    Row index start:     1
      Row index end:     2
 Column index start:     1
   Column index end:  ****

          Channel #:     3
    Row index start:     1
      Row index end:     2
 Column index start:     1
   Column index end:  ****

          Channel #:     4
    Row index start:     1
      Row index end:     2
 Column index start:     1
   Column index end:  ****

          Channel #:     5
    Row index start:     1
      Row index end:     2
 Column index start:     1
   Column index end:  ****

          Channel #:     6
    Row index start:     1
      Row index end:     2
 Column index start:     1
   Column index end:  ****

          Channel #:     7
    Row index start:     1
      Row index end:     2
 Column index start:     1
   Column index end:  ****

          Channel #:     8
    Row index start:     1
      Row index end:     2
 Column index start:     1
   Column index end:  ****

          Channel #:     9
    Row index start:     1
      Row index end:     2
 Column index start:     1
   Column index end:  ****

          Channel #:    10
    Row index start:     1
      Row index end:     2
 Column index start:     1
   Column index end:  ****

          Channel #:    11
    Row index start:     1
      Row index end:     8
 Column index start:     1
   Column index end:  ****

          Channel #:    12
    Row index start:     1
      Row index end:    12
 Column index start:     1
   Column index end:  ****

          Channel #:    13
    Row index start:     1
      Row index end:     8
 Column index start:     1
   Column index end:  ****

          Channel #:    14
    Row index start:     1
      Row index end:     2
 Column index start:     1
   Column index end:  ****

          Channel #:    15
    Row index start:     1
      Row index end:     8
 Column index start:     1
   Column index end:  ****

          Channel #:    16
    Row index start:     1
      Row index end:    18
 Column index start:     1
   Column index end:  ****

          Channel #:    17
    Row index start:     1
      Row index end:    26
 Column index start:     1
   Column index end:  ****

          Channel #:    18
    Row index start:     1
      Row index end:    18
 Column index start:     1
   Column index end:  ****

          Channel #:    19
    Row index start:     1
      Row index end:     8
 Column index start:     1
   Column index end:  ****

          Channel #:    20
    Row index start:     1
      Row index end:    12
 Column index start:     1
   Column index end:  ****

          Channel #:    21
    Row index start:     1
      Row index end:    26
 Column index start:     1
   Column index end:  ****

          Channel #:    22
    Row index start:     1
      Row index end:    36
 Column index start:     1
   Column index end:  ****

          Channel #:    23
    Row index start:     1
      Row index end:    26
 Column index start:     1
   Column index end:  ****

          Channel #:    24
    Row index start:     1
      Row index end:    12
 Column index start:     1
   Column index end:  ****

          Channel #:    25
    Row index start:     1
      Row index end:     8
 Column index start:     1
   Column index end:  ****

          Channel #:    26
    Row index start:     1
      Row index end:    18
 Column index start:     1
   Column index end:  ****

          Channel #:    27
    Row index start:     1
      Row index end:    26
 Column index start:     1
   Column index end:  ****

          Channel #:    28
    Row index start:     1
      Row index end:    18
 Column index start:     1
   Column index end:  ****

          Channel #:    29
    Row index start:     1
      Row index end:     8
 Column index start:     1
   Column index end:  ****

          Channel #:    30
    Row index start:     1
      Row index end:     2
 Column index start:     1
   Column index end:  ****

          Channel #:    31
    Row index start:     1
      Row index end:     8
 Column index start:     1
   Column index end:  ****

          Channel #:    32
    Row index start:     1
      Row index end:    12
 Column index start:     1
   Column index end:  ****

          Channel #:    33
    Row index start:     1
      Row index end:     8
 Column index start:     1
   Column index end:  ****

          Channel #:    34
    Row index start:     1
      Row index end:     2
 Column index start:     1
   Column index end:  ****

          Channel #:    35
    Row index start:     1
      Row index end:     2
 Column index start:     1
   Column index end:  ****

          Channel #:    36
    Row index start:     1
      Row index end:    12
 Column index start:     1
   Column index end:  ****

          Channel #:    37
    Row index start:     1
      Row index end:    16
 Column index start:     1
   Column index end:  ****

          Channel #:    38
    Row index start:     1
      Row index end:    12
 Column index start:     1
   Column index end:  ****

          Channel #:    39
    Row index start:     1
      Row index end:     2
 Column index start:     1
   Column index end:  ****

          Channel #:    40
    Row index start:     1
      Row index end:     2
 Column index start:     1
   Column index end:  ****

          Channel #:    41
    Row index start:     1
      Row index end:    18
 Column index start:     1
   Column index end:  ****

          Channel #:    42
    Row index start:     1
      Row index end:    44
 Column index start:     1
   Column index end:  ****

          Channel #:    43
    Row index start:     1
      Row index end:    58
 Column index start:     1
   Column index end:  ****

          Channel #:    44
    Row index start:     1
      Row index end:    44
 Column index start:     1
   Column index end:  ****

          Channel #:    45
    Row index start:     1
      Row index end:    18
 Column index start:     1
   Column index end:  ****

          Channel #:    46
    Row index start:     1
      Row index end:     2
 Column index start:     1
   Column index end:  ****

          Channel #:    47
    Row index start:     1
      Row index end:    12
 Column index start:     1
   Column index end:  ****

          Channel #:    48
    Row index start:     1
      Row index end:    44
 Column index start:     1
   Column index end:  ****

          Channel #:    49
    Row index start:     1
      Row index end:    90
 Column index start:     1
   Column index end:  ****

          Channel #:    50
    Row index start:     1
      Row index end:   110
 Column index start:     1
   Column index end:  ****

          Channel #:    51
    Row index start:     1
      Row index end:    90
 Column index start:     1
   Column index end:  ****

          Channel #:    52
    Row index start:     1
      Row index end:    44
 Column index start:     1
   Column index end:  ****

          Channel #:    53
    Row index start:     1
      Row index end:    12
 Column index start:     1
   Column index end:  ****

          Channel #:    54
    Row index start:     1
      Row index end:    16
 Column index start:     1
   Column index end:  ****

          Channel #:    55
    Row index start:     1
      Row index end:    58
 Column index start:     1
   Column index end:  ****

          Channel #:    56
    Row index start:     1
      Row index end:   110
 Column index start:     1
   Column index end:  ****

          Channel #:    57
    Row index start:     1
      Row index end:   138
 Column index start:     1
   Column index end:  ****

          Channel #:    58
    Row index start:     1
      Row index end:   110
 Column index start:     1
   Column index end:  ****

          Channel #:    59
    Row index start:     1
      Row index end:    58
 Column index start:     1
   Column index end:  ****

          Channel #:    60
    Row index start:     1
      Row index end:    16
 Column index start:     1
   Column index end:  ****

          Channel #:    61
    Row index start:     1
      Row index end:    12
 Column index start:     1
   Column index end:  ****

          Channel #:    62
    Row index start:     1
      Row index end:    44
 Column index start:     1
   Column index end:  ****

          Channel #:    63
    Row index start:     1
      Row index end:    90
 Column index start:     1
   Column index end:  ****
           1      140934           2
           2      142142           2
           3      140934           2
           4      142142           2
           5      143314           2
           6      142142           2
           7      140934           2
           8      142142           2
           9      140934           2
          10      165140           2
          11      171146           8
          12      172700          12
          13      171146           8
          14      165140           2
          15      171146           8
          16      177104          18
          17      178618          26
          18      177104          18
          19      171146           8
          20      172700          12
          21      178618          26
          22      180090          36
          23      178618          26
          24      172700          12
          25      171146           8
          26      177104          18
          27      178618          26
          28      177104          18
          29      171146           8
          30      165140           2
          31      171146           8
          32      172700          12
          33      171146           8
          34      165140           2
          35      175428           2
          36      181878          12
          37      183578          16
          38      181878          12
          39      175428           2
          40      175428           2
          41      189980          18
          42      196714          44
          43      198434          58
          44      196714          44
          45      189980          18
          46      175428           2
          47      181878          12
          48      196714          44
          49      203344          90
          50      205010         110
          51      203344          90
          52      196714          44
          53      181878          12
          54      183578          16
          55      198434          58
          56      205010         110
          57      206610         138
          58      205010         110
          59      198434          58
          60      183578          16
          61      181878          12
          62      196714          44
          63      203344          90
 EXECUTION TIME FOR CCD(T)   62.111998890060931     
Kf, Dens          2.24079           0.38000  CCSD(T)         -0.04419            0.00000


 ---------------------------------------------------------------------
 Boxsize   5.5793907700023500      Nmax           4
 A, Density, Kf          66  0.38000000000000000        2.2407919325473711     
 Twist averaged E0/N               (31.257219135741312,0.0000000000000000)
 Twist averaged mbpt2        (30.436117135535941,-2.51867745546451908E-020)
 Twist averaged CCSD         (30.578351819520151,3.57893494139498914E-015)
 kinetic_TF   4120.1621575013760     
  0.38000000000000000                    (31.257219135741312,0.0000000000000000)         (2018.1712200883298,2.36209706132069301E-013)

 E/N   2.24079204      0.379999995       31.257219135741312        30.436117135535941        30.578351819520151        30.534166422693616     
#Nmax, Nucleons, 3NFnexp, 3NFCutoff: 4  66 3 450
     0.00000     0.00000     2.24079     0.38000    31.25722    30.43612    30.57835    30.53417
 ---------------------------------------------------------------------
 Total execution time for CCD code   147.04355945205316     
