Boundary Conditions PBC                                                                                                 
CC approx CCD(T)                                                                                              
 TNF: F TNF-approx:           0
 3NF Cutoff:   450.00000000000000      Nexp_3NF:           3
 NN regulator Exponent:    3.0000000000000000     
 -----------
 NN ci's
   0.0000000000000000     
   0.0000000000000000     
   0.0000000000000000     
   0.0000000000000000     
 3NF ci's
   0.0000000000000000     
   0.0000000000000000     
   0.0000000000000000     
   0.0000000000000000     
 -----------
 --------
 c1s0(-1) -0.11292668234872000     
 c1s0(0) -0.11292668234872000     
 c1s0(1) -0.11292668234872000     
 c3s1(-1)  -8.7339820926559994E-002
 c3s1(0)  -8.7339820926559994E-002
 c3s1(1)  -8.7339820926559994E-002
 --------
 -----------
 NLO contacts PW
   0.0000000000000000     
   0.0000000000000000     
   0.0000000000000000     
   0.0000000000000000     
   0.0000000000000000     
   0.0000000000000000     
   0.0000000000000000     
 ----------
          C1            0.0000000000000000
          C2            0.0000000000000000
          C3           -0.0000000000000000
          C4           -0.0000000000000000
          C5           -0.0000000000000000
          C6            0.0000000000000000
          C7           -0.0000000000000000
          D1           -0.3771581126597507
          D2           -0.9305750209334183
          D3            2.1195254080520742
          D4           -2.1246309930064329
          D5           -0.0131882077354610
          D6            0.6645429882213397
          D7            0.7806033045976430
          D8           -0.4752342494327860
          D9            0.0920642557695526
         D10           -0.0312443369241453
         D11            0.0232036046033312
         D12           -0.3040203100732521
         D13           -0.2963726204319913
         D14            1.4856672935233888
         D15           -0.3992014237014200

   3NF LECs:
          C1            0.0000000000000000
          C3            0.0000000000000000
          C4            0.0000000000000000
          cE            0.0000000000000000
          cD            0.0000000000000000

 delta_chiral_order           0
 delta cutoff   450.00000000000000     
 Boxsize   6.1772517543204382     
 Density  0.28000000000000003     
 K_f   2.0239184548705360     
 Nmax           4
 Total number of states        1458
 K-mesh   0.0000000000000000     
 K-mesh  -1.0171489777448444     
 K-mesh   1.0171489777448444     
 K-mesh  -2.0342979554896887     
 K-mesh   2.0342979554896887     
 K-mesh  -3.0514469332345331     
 K-mesh   3.0514469332345331     
 K-mesh  -4.0685959109793775     
 K-mesh   4.0685959109793775     
   0.0000000000000000        6.1772517543204382     
   0.0000000000000000        6.1772517543204382     
   0.0000000000000000        6.1772517543204382     
   0.0000000000000000        6.1772517543204382     
 Kz-mesh   0.0000000000000000     
 Kz-mesh  -1.0171489777448444     
 Kz-mesh   1.0171489777448444     
 Kz-mesh  -2.0342979554896887     
 Kz-mesh   2.0342979554896887     
 Kz-mesh  -3.0514469332345331     
 Kz-mesh   3.0514469332345331     
 Kz-mesh  -4.0685959109793775     
 Kz-mesh   4.0685959109793775     
 KY-mesh   0.0000000000000000     
 KY-mesh  -1.0171489777448444     
 KY-mesh   1.0171489777448444     
 KY-mesh  -2.0342979554896887     
 KY-mesh   2.0342979554896887     
 KY-mesh  -3.0514469332345331     
 KY-mesh   3.0514469332345331     
 KY-mesh  -4.0685959109793775     
 KY-mesh   4.0685959109793775     
           4           4           4          -1           1           1           1
 nkmin, nkmax           4           4           4
 Occupied j-orbits
     1       0.000000000        0   0   0  -1   1 hole      
     2       0.000000000        0   0   0   1   1 hole      
     3       21.43804570        1   0   0  -1   1 hole      
     4       21.43804570        1   0   0   1   1 hole      
     5       21.43804570        0   0  -1  -1   1 hole      
     6       21.43804570        0   0  -1   1   1 hole      
     7       21.43804570        0  -1   0  -1   1 hole      
     8       21.43804570        0  -1   0   1   1 hole      
     9       21.43804570       -1   0   0  -1   1 hole      
    10       21.43804570       -1   0   0   1   1 hole      
    11       21.43804570        0   1   0  -1   1 hole      
    12       21.43804570        0   1   0   1   1 hole      
    13       21.43804570        0   0   1  -1   1 hole      
    14       21.43804570        0   0   1   1   1 hole      
    15       42.87609141        0  -1  -1  -1   1 hole      
    16       42.87609141        0  -1  -1   1   1 hole      
    17       42.87609141        1  -1   0  -1   1 hole      
    18       42.87609141        1  -1   0   1   1 hole      
    19       42.87609141        1   0  -1  -1   1 hole      
    20       42.87609141        1   0  -1   1   1 hole      
    21       42.87609141        0   1  -1  -1   1 hole      
    22       42.87609141        0   1  -1   1   1 hole      
    23       42.87609141        1   1   0  -1   1 hole      
    24       42.87609141        1   1   0   1   1 hole      
    25       42.87609141       -1   1   0  -1   1 hole      
    26       42.87609141       -1   1   0   1   1 hole      
    27       42.87609141        0   1   1  -1   1 hole      
    28       42.87609141        0   1   1   1   1 hole      
    29       42.87609141        1   0   1  -1   1 hole      
    30       42.87609141        1   0   1   1   1 hole      
    31       42.87609141        0  -1   1  -1   1 hole      
    32       42.87609141        0  -1   1   1   1 hole      
    33       42.87609141       -1   0   1  -1   1 hole      
    34       42.87609141       -1   0   1   1   1 hole      
    35       42.87609141       -1  -1   0  -1   1 hole      
    36       42.87609141       -1  -1   0   1   1 hole      
    37       42.87609141       -1   0  -1  -1   1 hole      
    38       42.87609141       -1   0  -1   1   1 hole      
    39       64.31413711        1  -1   1  -1   1 hole      
    40       64.31413711        1  -1   1   1   1 hole      
    41       64.31413711       -1   1   1  -1   1 hole      
    42       64.31413711       -1   1   1   1   1 hole      
    43       64.31413711        1   1   1  -1   1 hole      
    44       64.31413711        1   1   1   1   1 hole      
    45       64.31413711       -1   1  -1  -1   1 hole      
    46       64.31413711       -1   1  -1   1   1 hole      
    47       64.31413711       -1  -1   1  -1   1 hole      
    48       64.31413711       -1  -1   1   1   1 hole      
    49       64.31413711       -1  -1  -1  -1   1 hole      
    50       64.31413711       -1  -1  -1   1   1 hole      
    51       64.31413711        1  -1  -1  -1   1 hole      
    52       64.31413711        1  -1  -1   1   1 hole      
    53       64.31413711        1   1  -1  -1   1 hole      
    54       64.31413711        1   1  -1   1   1 hole      
    55       85.75218281        0   2   0  -1   1 hole      
    56       85.75218281        0   2   0   1   1 hole      
    57       85.75218281        0   0   2  -1   1 hole      
    58       85.75218281        0   0   2   1   1 hole      
    59       85.75218281       -2   0   0  -1   1 hole      
    60       85.75218281       -2   0   0   1   1 hole      
    61       85.75218281        0   0  -2  -1   1 hole      
    62       85.75218281        0   0  -2   1   1 hole      
    63       85.75218281        0  -2   0  -1   1 hole      
    64       85.75218281        0  -2   0   1   1 hole      
    65       85.75218281        2   0   0  -1   1 hole      
    66       85.75218281        2   0   0   1   1 hole      
 Unoccupied j-orbits
    67       107.1902285       -1  -2   0  -1   1 particle  
    68       107.1902285       -1  -2   0   1   1 particle  
    69       107.1902285        0  -2  -1  -1   1 particle  
    70       107.1902285        0  -2  -1   1   1 particle  
    71       107.1902285       -1   2   0  -1   1 particle  
    72       107.1902285       -1   2   0   1   1 particle  
    73       107.1902285        0   2   1  -1   1 particle  
    74       107.1902285        0   2   1   1   1 particle  
    75       107.1902285       -1   0  -2  -1   1 particle  
    76       107.1902285       -1   0  -2   1   1 particle  
    77       107.1902285        0  -1   2  -1   1 particle  
 Sz and Tz for vacuum state   0.0000000000000000        66.000000000000000     
          -8           8          -8           8          -8           8
 Total memory for lookup configs   5.6901119999999113E-003 GByte
 Total memory for channels   4.0880000000000002E-005 GByte
              8067968      252124         185
              8067968      252124        1816
 Setting up vnn for hhhh block
 Time to setup hhhh block  0.22297254798468202     
 Setting up vnn for hhhp block
 Time to setup hhhp block  0.43456366600003093     
 Setting up vnn for hhpp block
 Time to setup hhpp block   1.8879825039766729     
 Setting up vnn for hphp block
 Time to setup hphp block   1.1034609290072694     
 Setting up vnn for pppp block
 Time to setup pppp block   17.612211585976183     
 Total memory for vnn storage  0.31066944000000035      GByte
          -8           8          -8           8          -8           8
 Total memory for lookup ph configs   3.6748800000001611E-003 GByte
 Total memory for ph channels   8.7168000000000003E-005 GByte
              8067968      252124        1816
 Setting up vnn for ph hpph block
 Time to setup ph hpph block  0.15080331894569099     
 Total memory for vnn/t2 ph storage  0.25817497600000122      GByte
 kinetic energy =               (3344.3351295969610,0.0000000000000000)
 below_ef =          66
 Vacuum expectation value               (1746.5858752530921,0.0000000000000000)
 here we go...
 here we go...
 here we go...
 here we go...
 here we go...
 here we go...
 here we go...
 here we go...
 here we go...
 here we go...
 here we go...
 here we go...
 here we go...
 here we go...
 here we go...
 here we go...
 here we go...
 here we go...
 here we go...
 here we go...
 here we go...
 Total memory for t2 storage  0.25817497600000017      GByte
 here we go...
 here we go...
 here we go...
 here we go...
 here we go...
 here we go...
 here we go...
 here we go...
 here we go...
 here we go...
 here we go...
 CCD energy         (1656.3780400325095,3.13073578849610143E-018)
 diis space     8067968
 Storage of diis vectors  0.90361241599999997      Gb
 CCD energy        (1663.1448562529415,-1.43104870661833496E-017)
dener    0    1  0.67668162E+01
 CCD energy        (1667.5405938031386,-1.37915953559661657E-017)
dener    0    2  0.43957376E+01
 CCD energy        (1670.3806963408904,-5.31318629483053975E-018)
dener    0    3  0.28401025E+01
 CCD energy        (1672.2060649208713,-1.38711738338570828E-017)
dener    0    4  0.18253686E+01
 CCD energy        (1673.3724781076914,-1.31958712899427931E-017)
dener    0    5  0.11664132E+01
diis_mat    1    1  0.8433E-02
diis_mat    1    2  0.5495E-02
diis_mat    1    3  0.3581E-02
diis_mat    1    4  0.2339E-02
diis_mat    1    5  0.1533E-02
diis_mat    1    6 -0.1000E+01
diis_mat    2    1  0.5495E-02
diis_mat    2    2  0.3597E-02
diis_mat    2    3  0.2357E-02
diis_mat    2    4  0.1550E-02
diis_mat    2    5  0.1025E-02
diis_mat    2    6 -0.1000E+01
diis_mat    3    1  0.3581E-02
diis_mat    3    2  0.2357E-02
diis_mat    3    3  0.1555E-02
diis_mat    3    4  0.1032E-02
diis_mat    3    5  0.6887E-03
diis_mat    3    6 -0.1000E+01
diis_mat    4    1  0.2339E-02
diis_mat    4    2  0.1550E-02
diis_mat    4    3  0.1032E-02
diis_mat    4    4  0.6910E-03
diis_mat    4    5  0.4669E-03
diis_mat    4    6 -0.1000E+01
diis_mat    5    1  0.1533E-02
diis_mat    5    2  0.1025E-02
diis_mat    5    3  0.6887E-03
diis_mat    5    4  0.4669E-03
diis_mat    5    5  0.3199E-03
diis_mat    5    6 -0.1000E+01
diis_mat    6    1 -0.1000E+01
diis_mat    6    2 -0.1000E+01
diis_mat    6    3 -0.1000E+01
diis_mat    6    4 -0.1000E+01
diis_mat    6    5 -0.1000E+01
diis_mat    6    6  0.0000E+00
 csysv info           0
sol_vec    1  0.1154E+02 -0.3616E-08
sol_vec    2 -0.7896E+02  0.1898E-07
sol_vec    3  0.1961E+03 -0.3715E-07
sol_vec    4 -0.2108E+03  0.3208E-07
sol_vec    5  0.8317E+02 -0.1029E-07
sol_vec    6  0.9869E-07  0.1240E-15
 CCD energy         (1675.1887293471821,2.92429321050263275E-011)
dener    0    6  0.18162512E+01
 CCD energy         (1675.1922415567085,1.94228242822318287E-011)
dener    0    7  0.35122095E-02
 CCD energy         (1675.1948908947093,1.29551058032029905E-011)
dener    0    8  0.26493380E-02
 CCD energy         (1675.1968949105344,8.68399304870549847E-012)
dener    0    9  0.20040158E-02
 CCD energy         (1675.1984150963463,5.85472250485269237E-012)
dener    0   10  0.15201858E-02
 CCD energy         (1675.1995713949370,3.97388576374826050E-012)
dener    0   11  0.11562986E-02
diis_mat    1    1  0.7285E-07
diis_mat    1    2  0.5738E-07
diis_mat    1    3  0.4553E-07
diis_mat    1    4  0.3635E-07
diis_mat    1    5  0.2917E-07
diis_mat    1    6 -0.1000E+01
diis_mat    2    1  0.5738E-07
diis_mat    2    2  0.4550E-07
diis_mat    2    3  0.3630E-07
diis_mat    2    4  0.2912E-07
diis_mat    2    5  0.2345E-07
diis_mat    2    6 -0.1000E+01
diis_mat    3    1  0.4553E-07
diis_mat    3    2  0.3630E-07
diis_mat    3    3  0.2910E-07
diis_mat    3    4  0.2343E-07
diis_mat    3    5  0.1894E-07
diis_mat    3    6 -0.1000E+01
diis_mat    4    1  0.3635E-07
diis_mat    4    2  0.2912E-07
diis_mat    4    3  0.2343E-07
diis_mat    4    4  0.1893E-07
diis_mat    4    5  0.1534E-07
diis_mat    4    6 -0.1000E+01
diis_mat    5    1  0.2917E-07
diis_mat    5    2  0.2345E-07
diis_mat    5    3  0.1894E-07
diis_mat    5    4  0.1534E-07
diis_mat    5    5  0.1246E-07
diis_mat    5    6 -0.1000E+01
diis_mat    6    1 -0.1000E+01
diis_mat    6    2 -0.1000E+01
diis_mat    6    3 -0.1000E+01
diis_mat    6    4 -0.1000E+01
diis_mat    6    5 -0.1000E+01
diis_mat    6    6  0.0000E+00
 csysv info           0
sol_vec    1  0.7286E+02 -0.1480E-06
sol_vec    2 -0.4010E+03  0.7534E-06
sol_vec    3  0.8239E+03 -0.1425E-05
sol_vec    4 -0.7491E+03  0.1188E-05
sol_vec    5  0.2543E+03 -0.3679E-06
sol_vec    6  0.3903E-12  0.9268E-21
 CCD energy        (1675.2033753628582,-1.59880714224890998E-013)
dener    0   12  0.38039679E-02
 CCD energy        (1675.2033500292962,-6.25829930575641213E-014)
dener    0   13 -0.25333562E-04
 CCD energy        (1675.2033328695902,-8.59823040346133471E-015)
dener    0   14 -0.17159706E-04
 CCD energy         (1675.2033211907933,1.93842059782181890E-014)
dener    0   15 -0.11678797E-04
 CCD energy         (1675.2033131979767,3.21371506966339947E-014)
dener    0   16 -0.79928166E-05
 CCD energy         (1675.2033076924456,3.62418964900471263E-014)
dener    0   17 -0.55055311E-05
diis_mat    1    1  0.2110E-12
diis_mat    1    2  0.1598E-12
diis_mat    1    3  0.1218E-12
diis_mat    1    4  0.9349E-13
diis_mat    1    5  0.7217E-13
diis_mat    1    6 -0.1000E+01
diis_mat    2    1  0.1598E-12
diis_mat    2    2  0.1218E-12
diis_mat    2    3  0.9338E-13
diis_mat    2    4  0.7204E-13
diis_mat    2    5  0.5589E-13
diis_mat    2    6 -0.1000E+01
diis_mat    3    1  0.1218E-12
diis_mat    3    2  0.9338E-13
diis_mat    3    3  0.7200E-13
diis_mat    3    4  0.5584E-13
diis_mat    3    5  0.4353E-13
diis_mat    3    6 -0.1000E+01
diis_mat    4    1  0.9349E-13
diis_mat    4    2  0.7204E-13
diis_mat    4    3  0.5584E-13
diis_mat    4    4  0.4351E-13
diis_mat    4    5  0.3407E-13
diis_mat    4    6 -0.1000E+01
diis_mat    5    1  0.7217E-13
diis_mat    5    2  0.5589E-13
diis_mat    5    3  0.4353E-13
diis_mat    5    4  0.3407E-13
diis_mat    5    5  0.2679E-13
diis_mat    5    6 -0.1000E+01
diis_mat    6    1 -0.1000E+01
diis_mat    6    2 -0.1000E+01
diis_mat    6    3 -0.1000E+01
diis_mat    6    4 -0.1000E+01
diis_mat    6    5 -0.1000E+01
diis_mat    6    6  0.0000E+00
 csysv info           0
sol_vec    1  0.8627E+02 -0.9296E-04
sol_vec    2 -0.4659E+03  0.4664E-03
sol_vec    3  0.9409E+03 -0.8718E-03
sol_vec    4 -0.8421E+03  0.7192E-03
sol_vec    5  0.2818E+03 -0.2209E-03
sol_vec    6  0.1178E-17  0.1100E-23
 CCD energy        (1675.2032938565010,-5.50829631135393455E-013)
dener    0   18 -0.13835945E-04
 CCD energy        (1675.2032938597802,-3.27403726287781049E-013)
dener    0   19  0.32792684E-08
 Total execution time CCD   39.911201676004566     
 preparing to do CCD(T): 
          -8           8          -8           8          -8           8
 Total memory for lookup configs   1.1863487999999986E-002 GByte
 Total memory for channels   1.1892543999999986E-002 GByte
             89696544     2803017        1816
 Setting up vnn (NN) for hppp block
 Time to setup hppp block   6.7771678459830582     
 Total memory for vnn storage  0.72946489599999531      GByte
          12          12          12           3           3
 Total memory for lookup t3-confs   1.2188792640000019      Gbyte
 3NF with deltas: T
           9835169512   307349047         539

 proc number   0      % work  0.100000E+03

          Channel #:     1
    Row index start:     1
      Row index end:     2
 Column index start:     1
   Column index end:  ****

          Channel #:     2
    Row index start:     1
      Row index end:     2
 Column index start:     1
   Column index end:  ****

          Channel #:     3
    Row index start:     1
      Row index end:     2
 Column index start:     1
   Column index end:  ****

          Channel #:     4
    Row index start:     1
      Row index end:     2
 Column index start:     1
   Column index end:  ****

          Channel #:     5
    Row index start:     1
      Row index end:     2
 Column index start:     1
   Column index end:  ****

          Channel #:     6
    Row index start:     1
      Row index end:     2
 Column index start:     1
   Column index end:  ****

          Channel #:     7
    Row index start:     1
      Row index end:     2
 Column index start:     1
   Column index end:  ****

          Channel #:     8
    Row index start:     1
      Row index end:     2
 Column index start:     1
   Column index end:  ****

          Channel #:     9
    Row index start:     1
      Row index end:     2
 Column index start:     1
   Column index end:  ****

          Channel #:    10
    Row index start:     1
      Row index end:     2
 Column index start:     1
   Column index end:  ****

          Channel #:    11
    Row index start:     1
      Row index end:     8
 Column index start:     1
   Column index end:  ****

          Channel #:    12
    Row index start:     1
      Row index end:    12
 Column index start:     1
   Column index end:  ****

          Channel #:    13
    Row index start:     1
      Row index end:     8
 Column index start:     1
   Column index end:  ****

          Channel #:    14
    Row index start:     1
      Row index end:     2
 Column index start:     1
   Column index end:  ****

          Channel #:    15
    Row index start:     1
      Row index end:     8
 Column index start:     1
   Column index end:  ****

          Channel #:    16
    Row index start:     1
      Row index end:    18
 Column index start:     1
   Column index end:  ****

          Channel #:    17
    Row index start:     1
      Row index end:    26
 Column index start:     1
   Column index end:  ****

          Channel #:    18
    Row index start:     1
      Row index end:    18
 Column index start:     1
   Column index end:  ****

          Channel #:    19
    Row index start:     1
      Row index end:     8
 Column index start:     1
   Column index end:  ****

          Channel #:    20
    Row index start:     1
      Row index end:    12
 Column index start:     1
   Column index end:  ****

          Channel #:    21
    Row index start:     1
      Row index end:    26
 Column index start:     1
   Column index end:  ****

          Channel #:    22
    Row index start:     1
      Row index end:    36
 Column index start:     1
   Column index end:  ****

          Channel #:    23
    Row index start:     1
      Row index end:    26
 Column index start:     1
   Column index end:  ****

          Channel #:    24
    Row index start:     1
      Row index end:    12
 Column index start:     1
   Column index end:  ****

          Channel #:    25
    Row index start:     1
      Row index end:     8
 Column index start:     1
   Column index end:  ****

          Channel #:    26
    Row index start:     1
      Row index end:    18
 Column index start:     1
   Column index end:  ****

          Channel #:    27
    Row index start:     1
      Row index end:    26
 Column index start:     1
   Column index end:  ****

          Channel #:    28
    Row index start:     1
      Row index end:    18
 Column index start:     1
   Column index end:  ****

          Channel #:    29
    Row index start:     1
      Row index end:     8
 Column index start:     1
   Column index end:  ****

          Channel #:    30
    Row index start:     1
      Row index end:     2
 Column index start:     1
   Column index end:  ****

          Channel #:    31
    Row index start:     1
      Row index end:     8
 Column index start:     1
   Column index end:  ****

          Channel #:    32
    Row index start:     1
      Row index end:    12
 Column index start:     1
   Column index end:  ****

          Channel #:    33
    Row index start:     1
      Row index end:     8
 Column index start:     1
   Column index end:  ****

          Channel #:    34
    Row index start:     1
      Row index end:     2
 Column index start:     1
   Column index end:  ****

          Channel #:    35
    Row index start:     1
      Row index end:     2
 Column index start:     1
   Column index end:  ****

          Channel #:    36
    Row index start:     1
      Row index end:    12
 Column index start:     1
   Column index end:  ****

          Channel #:    37
    Row index start:     1
      Row index end:    16
 Column index start:     1
   Column index end:  ****

          Channel #:    38
    Row index start:     1
      Row index end:    12
 Column index start:     1
   Column index end:  ****

          Channel #:    39
    Row index start:     1
      Row index end:     2
 Column index start:     1
   Column index end:  ****

          Channel #:    40
    Row index start:     1
      Row index end:     2
 Column index start:     1
   Column index end:  ****

          Channel #:    41
    Row index start:     1
      Row index end:    18
 Column index start:     1
   Column index end:  ****

          Channel #:    42
    Row index start:     1
      Row index end:    44
 Column index start:     1
   Column index end:  ****

          Channel #:    43
    Row index start:     1
      Row index end:    58
 Column index start:     1
   Column index end:  ****

          Channel #:    44
    Row index start:     1
      Row index end:    44
 Column index start:     1
   Column index end:  ****

          Channel #:    45
    Row index start:     1
      Row index end:    18
 Column index start:     1
   Column index end:  ****

          Channel #:    46
    Row index start:     1
      Row index end:     2
 Column index start:     1
   Column index end:  ****

          Channel #:    47
    Row index start:     1
      Row index end:    12
 Column index start:     1
   Column index end:  ****

          Channel #:    48
    Row index start:     1
      Row index end:    44
 Column index start:     1
   Column index end:  ****

          Channel #:    49
    Row index start:     1
      Row index end:    90
 Column index start:     1
   Column index end:  ****

          Channel #:    50
    Row index start:     1
      Row index end:   110
 Column index start:     1
   Column index end:  ****

          Channel #:    51
    Row index start:     1
      Row index end:    90
 Column index start:     1
   Column index end:  ****

          Channel #:    52
    Row index start:     1
      Row index end:    44
 Column index start:     1
   Column index end:  ****

          Channel #:    53
    Row index start:     1
      Row index end:    12
 Column index start:     1
   Column index end:  ****

          Channel #:    54
    Row index start:     1
      Row index end:    16
 Column index start:     1
   Column index end:  ****

          Channel #:    55
    Row index start:     1
      Row index end:    58
 Column index start:     1
   Column index end:  ****

          Channel #:    56
    Row index start:     1
      Row index end:   110
 Column index start:     1
   Column index end:  ****

          Channel #:    57
    Row index start:     1
      Row index end:   138
 Column index start:     1
   Column index end:  ****

          Channel #:    58
    Row index start:     1
      Row index end:   110
 Column index start:     1
   Column index end:  ****

          Channel #:    59
    Row index start:     1
      Row index end:    58
 Column index start:     1
   Column index end:  ****

          Channel #:    60
    Row index start:     1
      Row index end:    16
 Column index start:     1
   Column index end:  ****

          Channel #:    61
    Row index start:     1
      Row index end:    12
 Column index start:     1
   Column index end:  ****

          Channel #:    62
    Row index start:     1
      Row index end:    44
 Column index start:     1
   Column index end:  ****

          Channel #:    63
    Row index start:     1
      Row index end:    90
 Column index start:     1
   Column index end:  ****
           1      140934           2
           2      142142           2
           3      140934           2
           4      142142           2
           5      143314           2
           6      142142           2
           7      140934           2
           8      142142           2
           9      140934           2
          10      165140           2
          11      171146           8
          12      172700          12
          13      171146           8
          14      165140           2
          15      171146           8
          16      177104          18
          17      178618          26
          18      177104          18
          19      171146           8
          20      172700          12
          21      178618          26
          22      180090          36
          23      178618          26
          24      172700          12
          25      171146           8
          26      177104          18
          27      178618          26
          28      177104          18
          29      171146           8
          30      165140           2
          31      171146           8
          32      172700          12
          33      171146           8
          34      165140           2
          35      175428           2
          36      181878          12
          37      183578          16
          38      181878          12
          39      175428           2
          40      175428           2
          41      189980          18
          42      196714          44
          43      198434          58
          44      196714          44
          45      189980          18
          46      175428           2
          47      181878          12
          48      196714          44
          49      203344          90
          50      205010         110
          51      203344          90
          52      196714          44
          53      181878          12
          54      183578          16
          55      198434          58
          56      205010         110
          57      206610         138
          58      205010         110
          59      198434          58
          60      183578          16
          61      181878          12
          62      196714          44
          63      203344          90
 EXECUTION TIME FOR CCD(T)   61.060708291013725     
Kf, Dens          2.02392           0.28000  CCSD(T)         -0.08995            0.00000


 ---------------------------------------------------------------------
 Boxsize   6.1772517543204382      Nmax           4
 A, Density, Kf          66  0.28000000000000003        2.0239184548705360     
 Twist averaged E0/N               (26.463422352319579,0.0000000000000000)
 Twist averaged mbpt2         (25.096636970189536,4.74353907347894165E-020)
 Twist averaged CCSD        (25.381868088784547,-4.96066251951183391E-015)
 kinetic_TF   3361.2225260458590     
  0.28000000000000003                    (26.463422352319579,0.0000000000000000)        (1675.2032938597802,-3.27403726287781049E-013)

 E/N   2.02391839      0.280000001       26.463422352319579        25.096636970189536        25.381868088784547        25.291919838434687     
#Nmax, Nucleons, 3NFnexp, 3NFCutoff: 4  66 3 450
     0.00000     0.00000     2.02392     0.28000    26.46342    25.09664    25.38187    25.29192
 ---------------------------------------------------------------------
 Total execution time for CCD code   142.21161989599932     
