Boundary Conditions PBC                                                                                                 
CC approx CCD(T)                                                                                              
 TNF: F TNF-approx:           0
 3NF Cutoff:   450.00000000000000      Nexp_3NF:           3
 NN regulator Exponent:    3.0000000000000000     
 -----------
 NN ci's
   0.0000000000000000     
   0.0000000000000000     
   0.0000000000000000     
   0.0000000000000000     
 3NF ci's
   0.0000000000000000     
   0.0000000000000000     
   0.0000000000000000     
   0.0000000000000000     
 -----------
 --------
 c1s0(-1) -0.11292668234872000     
 c1s0(0) -0.11292668234872000     
 c1s0(1) -0.11292668234872000     
 c3s1(-1)  -8.7339820926559994E-002
 c3s1(0)  -8.7339820926559994E-002
 c3s1(1)  -8.7339820926559994E-002
 --------
 -----------
 NLO contacts PW
   0.0000000000000000     
   0.0000000000000000     
   0.0000000000000000     
   0.0000000000000000     
   0.0000000000000000     
   0.0000000000000000     
   0.0000000000000000     
 ----------
          C1            0.0000000000000000
          C2            0.0000000000000000
          C3           -0.0000000000000000
          C4           -0.0000000000000000
          C5           -0.0000000000000000
          C6            0.0000000000000000
          C7           -0.0000000000000000
          D1           -0.3771581126597507
          D2           -0.9305750209334183
          D3            2.1195254080520742
          D4           -2.1246309930064329
          D5           -0.0131882077354610
          D6            0.6645429882213397
          D7            0.7806033045976430
          D8           -0.4752342494327860
          D9            0.0920642557695526
         D10           -0.0312443369241453
         D11            0.0232036046033312
         D12           -0.3040203100732521
         D13           -0.2963726204319913
         D14            1.4856672935233888
         D15           -0.3992014237014200

   3NF LECs:
          C1            0.0000000000000000
          C3            0.0000000000000000
          C4            0.0000000000000000
          cE            0.0000000000000000
          cD            0.0000000000000000

 delta_chiral_order           0
 delta cutoff   450.00000000000000     
 Boxsize   6.9104232300111832     
 Density  0.20000000000000001     
 K_f   1.8091878615559553     
 Nmax           4
 Total number of states        1458
 K-mesh   0.0000000000000000     
 K-mesh -0.90923306692597639     
 K-mesh  0.90923306692597639     
 K-mesh  -1.8184661338519528     
 K-mesh   1.8184661338519528     
 K-mesh  -2.7276992007779293     
 K-mesh   2.7276992007779293     
 K-mesh  -3.6369322677039055     
 K-mesh   3.6369322677039055     
   0.0000000000000000        6.9104232300111832     
   0.0000000000000000        6.9104232300111832     
   0.0000000000000000        6.9104232300111832     
   0.0000000000000000        6.9104232300111832     
 Kz-mesh   0.0000000000000000     
 Kz-mesh -0.90923306692597639     
 Kz-mesh  0.90923306692597639     
 Kz-mesh  -1.8184661338519528     
 Kz-mesh   1.8184661338519528     
 Kz-mesh  -2.7276992007779293     
 Kz-mesh   2.7276992007779293     
 Kz-mesh  -3.6369322677039055     
 Kz-mesh   3.6369322677039055     
 KY-mesh   0.0000000000000000     
 KY-mesh -0.90923306692597639     
 KY-mesh  0.90923306692597639     
 KY-mesh  -1.8184661338519528     
 KY-mesh   1.8184661338519528     
 KY-mesh  -2.7276992007779293     
 KY-mesh   2.7276992007779293     
 KY-mesh  -3.6369322677039055     
 KY-mesh   3.6369322677039055     
           4           4           4          -1           1           1           1
 nkmin, nkmax           4           4           4
 Occupied j-orbits
     1       0.000000000        0   0   0  -1   1 hole      
     2       0.000000000        0   0   0   1   1 hole      
     3       17.13036048        1   0   0  -1   1 hole      
     4       17.13036048        1   0   0   1   1 hole      
     5       17.13036048        0   0  -1  -1   1 hole      
     6       17.13036048        0   0  -1   1   1 hole      
     7       17.13036048        0  -1   0  -1   1 hole      
     8       17.13036048        0  -1   0   1   1 hole      
     9       17.13036048       -1   0   0  -1   1 hole      
    10       17.13036048       -1   0   0   1   1 hole      
    11       17.13036048        0   1   0  -1   1 hole      
    12       17.13036048        0   1   0   1   1 hole      
    13       17.13036048        0   0   1  -1   1 hole      
    14       17.13036048        0   0   1   1   1 hole      
    15       34.26072095        0  -1  -1  -1   1 hole      
    16       34.26072095        0  -1  -1   1   1 hole      
    17       34.26072095        1  -1   0  -1   1 hole      
    18       34.26072095        1  -1   0   1   1 hole      
    19       34.26072095        1   0  -1  -1   1 hole      
    20       34.26072095        1   0  -1   1   1 hole      
    21       34.26072095        0   1  -1  -1   1 hole      
    22       34.26072095        0   1  -1   1   1 hole      
    23       34.26072095        1   1   0  -1   1 hole      
    24       34.26072095        1   1   0   1   1 hole      
    25       34.26072095       -1   1   0  -1   1 hole      
    26       34.26072095       -1   1   0   1   1 hole      
    27       34.26072095        0   1   1  -1   1 hole      
    28       34.26072095        0   1   1   1   1 hole      
    29       34.26072095        1   0   1  -1   1 hole      
    30       34.26072095        1   0   1   1   1 hole      
    31       34.26072095        0  -1   1  -1   1 hole      
    32       34.26072095        0  -1   1   1   1 hole      
    33       34.26072095       -1   0   1  -1   1 hole      
    34       34.26072095       -1   0   1   1   1 hole      
    35       34.26072095       -1  -1   0  -1   1 hole      
    36       34.26072095       -1  -1   0   1   1 hole      
    37       34.26072095       -1   0  -1  -1   1 hole      
    38       34.26072095       -1   0  -1   1   1 hole      
    39       51.39108143        1  -1   1  -1   1 hole      
    40       51.39108143        1  -1   1   1   1 hole      
    41       51.39108143       -1   1   1  -1   1 hole      
    42       51.39108143       -1   1   1   1   1 hole      
    43       51.39108143        1   1   1  -1   1 hole      
    44       51.39108143        1   1   1   1   1 hole      
    45       51.39108143       -1   1  -1  -1   1 hole      
    46       51.39108143       -1   1  -1   1   1 hole      
    47       51.39108143       -1  -1   1  -1   1 hole      
    48       51.39108143       -1  -1   1   1   1 hole      
    49       51.39108143       -1  -1  -1  -1   1 hole      
    50       51.39108143       -1  -1  -1   1   1 hole      
    51       51.39108143        1  -1  -1  -1   1 hole      
    52       51.39108143        1  -1  -1   1   1 hole      
    53       51.39108143        1   1  -1  -1   1 hole      
    54       51.39108143        1   1  -1   1   1 hole      
    55       68.52144191        0   2   0  -1   1 hole      
    56       68.52144191        0   2   0   1   1 hole      
    57       68.52144191        0   0   2  -1   1 hole      
    58       68.52144191        0   0   2   1   1 hole      
    59       68.52144191       -2   0   0  -1   1 hole      
    60       68.52144191       -2   0   0   1   1 hole      
    61       68.52144191        0   0  -2  -1   1 hole      
    62       68.52144191        0   0  -2   1   1 hole      
    63       68.52144191        0  -2   0  -1   1 hole      
    64       68.52144191        0  -2   0   1   1 hole      
    65       68.52144191        2   0   0  -1   1 hole      
    66       68.52144191        2   0   0   1   1 hole      
 Unoccupied j-orbits
    67       85.65180238       -1  -2   0  -1   1 particle  
    68       85.65180238       -1  -2   0   1   1 particle  
    69       85.65180238        0  -2  -1  -1   1 particle  
    70       85.65180238        0  -2  -1   1   1 particle  
    71       85.65180238       -1   2   0  -1   1 particle  
    72       85.65180238       -1   2   0   1   1 particle  
    73       85.65180238        0   2   1  -1   1 particle  
    74       85.65180238        0   2   1   1   1 particle  
    75       85.65180238       -1   0  -2  -1   1 particle  
    76       85.65180238       -1   0  -2   1   1 particle  
    77       85.65180238        0  -1   2  -1   1 particle  
 Sz and Tz for vacuum state   0.0000000000000000        66.000000000000000     
          -8           8          -8           8          -8           8
 Total memory for lookup configs   5.6901119999999113E-003 GByte
 Total memory for channels   4.0880000000000002E-005 GByte
              8067968      252124         185
              8067968      252124        1816
 Setting up vnn for hhhh block
 Time to setup hhhh block  0.21652057103347033     
 Setting up vnn for hhhp block
 Time to setup hhhp block  0.43693733995314687     
 Setting up vnn for hhpp block
 Time to setup hhpp block   1.8641457919729874     
 Setting up vnn for hphp block
 Time to setup hphp block   1.0482621720293537     
 Setting up vnn for pppp block
 Time to setup pppp block   17.380879692966118     
 Total memory for vnn storage  0.31066944000000035      GByte
          -8           8          -8           8          -8           8
 Total memory for lookup ph configs   3.6748800000001611E-003 GByte
 Total memory for ph channels   8.7168000000000003E-005 GByte
              8067968      252124        1816
 Setting up vnn for ph hpph block
 Time to setup ph hpph block  0.15078356594312936     
 Total memory for vnn/t2 ph storage  0.25817497600000122      GByte
 kinetic energy =               (2672.3362343531999,0.0000000000000000)
 below_ef =          66
 Vacuum expectation value               (1468.3129526881003,0.0000000000000000)
 here we go...
 here we go...
 here we go...
 here we go...
 here we go...
 here we go...
 here we go...
 here we go...
 here we go...
 here we go...
 here we go...
 here we go...
 here we go...
 here we go...
 here we go...
 here we go...
 Total memory for t2 storage  0.25817497600000017      GByte
 here we go...
 here we go...
 here we go...
 here we go...
 here we go...
 here we go...
 here we go...
 here we go...
 here we go...
 here we go...
 here we go...
 here we go...
 here we go...
 here we go...
 here we go...
 here we go...
 CCD energy        (1334.5795586763372,-5.63199055851925788E-018)
 diis space     8067968
 Storage of diis vectors  0.90361241599999997      Gb
 CCD energy         (1345.4112406594097,2.87109219425838363E-017)
dener    0    1  0.10831682E+02
 CCD energy         (1352.4791211636202,2.19945721472860932E-017)
dener    0    2  0.70678805E+01
 CCD energy         (1357.0604130008398,2.27000380132931761E-017)
dener    0    3  0.45812918E+01
 CCD energy         (1360.0119625900320,1.36150034903955424E-017)
dener    0    4  0.29515496E+01
 CCD energy        (1361.9017421980157,-1.70955052820501373E-017)
dener    0    5  0.18897796E+01
diis_mat    1    1  0.1525E-01
diis_mat    1    2  0.1002E-01
diis_mat    1    3  0.6564E-02
diis_mat    1    4  0.4303E-02
diis_mat    1    5  0.2826E-02
diis_mat    1    6 -0.1000E+01
diis_mat    2    1  0.1002E-01
diis_mat    2    2  0.6603E-02
diis_mat    2    3  0.4349E-02
diis_mat    2    4  0.2869E-02
diis_mat    2    5  0.1899E-02
diis_mat    2    6 -0.1000E+01
diis_mat    3    1  0.6564E-02
diis_mat    3    2  0.4349E-02
diis_mat    3    3  0.2883E-02
diis_mat    3    4  0.1917E-02
diis_mat    3    5  0.1282E-02
diis_mat    3    6 -0.1000E+01
diis_mat    4    1  0.4303E-02
diis_mat    4    2  0.2869E-02
diis_mat    4    3  0.1917E-02
diis_mat    4    4  0.1287E-02
diis_mat    4    5  0.8713E-03
diis_mat    4    6 -0.1000E+01
diis_mat    5    1  0.2826E-02
diis_mat    5    2  0.1899E-02
diis_mat    5    3  0.1282E-02
diis_mat    5    4  0.8713E-03
diis_mat    5    5  0.5984E-03
diis_mat    5    6 -0.1000E+01
diis_mat    6    1 -0.1000E+01
diis_mat    6    2 -0.1000E+01
diis_mat    6    3 -0.1000E+01
diis_mat    6    4 -0.1000E+01
diis_mat    6    5 -0.1000E+01
diis_mat    6    6  0.0000E+00
 csysv info           0
sol_vec    1  0.1603E+02  0.6329E-08
sol_vec    2 -0.1084E+03 -0.3429E-07
sol_vec    3  0.2648E+03  0.6916E-07
sol_vec    4 -0.2791E+03 -0.6134E-07
sol_vec    5  0.1077E+03  0.2015E-07
sol_vec    6  0.9188E-06 -0.1019E-14
 CCD energy        (1364.8502414373311,-1.09543726160063413E-010)
dener    0    6  0.29484992E+01
 CCD energy        (1364.8506059841993,-7.41306339458605744E-011)
dener    0    7  0.36454687E-03
 CCD energy        (1364.8522340682280,-5.05509135895968144E-011)
dener    0    8  0.16280840E-02
 CCD energy        (1364.8543145816095,-3.47875466817119342E-011)
dener    0    9  0.20805134E-02
 CCD energy        (1364.8564189032732,-2.41985874615887179E-011)
dener    0   10  0.21043217E-02
 CCD energy        (1364.8583392950286,-1.70440861883563409E-011)
dener    0   11  0.19203918E-02
diis_mat    1    1  0.8042E-06
diis_mat    1    2  0.6526E-06
diis_mat    1    3  0.5366E-06
diis_mat    1    4  0.4461E-06
diis_mat    1    5  0.3741E-06
diis_mat    1    6 -0.1000E+01
diis_mat    2    1  0.6526E-06
diis_mat    2    2  0.5361E-06
diis_mat    2    3  0.4453E-06
diis_mat    2    4  0.3732E-06
diis_mat    2    5  0.3151E-06
diis_mat    2    6 -0.1000E+01
diis_mat    3    1  0.5366E-06
diis_mat    3    2  0.4453E-06
diis_mat    3    3  0.3729E-06
diis_mat    3    4  0.3147E-06
diis_mat    3    5  0.2671E-06
diis_mat    3    6 -0.1000E+01
diis_mat    4    1  0.4461E-06
diis_mat    4    2  0.3732E-06
diis_mat    4    3  0.3147E-06
diis_mat    4    4  0.2669E-06
diis_mat    4    5  0.2276E-06
diis_mat    4    6 -0.1000E+01
diis_mat    5    1  0.3741E-06
diis_mat    5    2  0.3151E-06
diis_mat    5    3  0.2671E-06
diis_mat    5    4  0.2276E-06
diis_mat    5    5  0.1947E-06
diis_mat    5    6 -0.1000E+01
diis_mat    6    1 -0.1000E+01
diis_mat    6    2 -0.1000E+01
diis_mat    6    3 -0.1000E+01
diis_mat    6    4 -0.1000E+01
diis_mat    6    5 -0.1000E+01
diis_mat    6    6  0.0000E+00
 csysv info           0
sol_vec    1  0.1222E+03  0.6722E-06
sol_vec    2 -0.6591E+03 -0.3358E-05
sol_vec    3  0.1325E+04  0.6228E-05
sol_vec    4 -0.1178E+04 -0.5087E-05
sol_vec    5  0.3903E+03  0.1544E-05
sol_vec    6  0.1862E-10 -0.1011E-17
 CCD energy         (1364.8649106994544,4.89107505947398689E-012)
dener    0   12  0.65714044E-02
 CCD energy         (1364.8649028929369,2.98824474252078730E-012)
dener    0   13 -0.78065174E-05
 CCD energy         (1364.8648999416205,1.75423382905033579E-012)
dener    0   14 -0.29513165E-05
 CCD energy         (1364.8648996797072,9.63173643732487548E-013)
dener    0   15 -0.26191333E-06
 Total execution time CCD   28.398938014055602     
 preparing to do CCD(T): 
          -8           8          -8           8          -8           8
 Total memory for lookup configs   1.1863487999999986E-002 GByte
 Total memory for channels   1.1892543999999986E-002 GByte
             89696544     2803017        1816
 Setting up vnn (NN) for hppp block
 Time to setup hppp block   6.9464523920323700     
 Total memory for vnn storage  0.72946489599999531      GByte
          12          12          12           3           3
 Total memory for lookup t3-confs   1.2188792640000019      Gbyte
 3NF with deltas: T
           9835169512   307349047         539

 proc number   0      % work  0.100000E+03

          Channel #:     1
    Row index start:     1
      Row index end:     2
 Column index start:     1
   Column index end:  ****

          Channel #:     2
    Row index start:     1
      Row index end:     2
 Column index start:     1
   Column index end:  ****

          Channel #:     3
    Row index start:     1
      Row index end:     2
 Column index start:     1
   Column index end:  ****

          Channel #:     4
    Row index start:     1
      Row index end:     2
 Column index start:     1
   Column index end:  ****

          Channel #:     5
    Row index start:     1
      Row index end:     2
 Column index start:     1
   Column index end:  ****

          Channel #:     6
    Row index start:     1
      Row index end:     2
 Column index start:     1
   Column index end:  ****

          Channel #:     7
    Row index start:     1
      Row index end:     2
 Column index start:     1
   Column index end:  ****

          Channel #:     8
    Row index start:     1
      Row index end:     2
 Column index start:     1
   Column index end:  ****

          Channel #:     9
    Row index start:     1
      Row index end:     2
 Column index start:     1
   Column index end:  ****

          Channel #:    10
    Row index start:     1
      Row index end:     2
 Column index start:     1
   Column index end:  ****

          Channel #:    11
    Row index start:     1
      Row index end:     8
 Column index start:     1
   Column index end:  ****

          Channel #:    12
    Row index start:     1
      Row index end:    12
 Column index start:     1
   Column index end:  ****

          Channel #:    13
    Row index start:     1
      Row index end:     8
 Column index start:     1
   Column index end:  ****

          Channel #:    14
    Row index start:     1
      Row index end:     2
 Column index start:     1
   Column index end:  ****

          Channel #:    15
    Row index start:     1
      Row index end:     8
 Column index start:     1
   Column index end:  ****

          Channel #:    16
    Row index start:     1
      Row index end:    18
 Column index start:     1
   Column index end:  ****

          Channel #:    17
    Row index start:     1
      Row index end:    26
 Column index start:     1
   Column index end:  ****

          Channel #:    18
    Row index start:     1
      Row index end:    18
 Column index start:     1
   Column index end:  ****

          Channel #:    19
    Row index start:     1
      Row index end:     8
 Column index start:     1
   Column index end:  ****

          Channel #:    20
    Row index start:     1
      Row index end:    12
 Column index start:     1
   Column index end:  ****

          Channel #:    21
    Row index start:     1
      Row index end:    26
 Column index start:     1
   Column index end:  ****

          Channel #:    22
    Row index start:     1
      Row index end:    36
 Column index start:     1
   Column index end:  ****

          Channel #:    23
    Row index start:     1
      Row index end:    26
 Column index start:     1
   Column index end:  ****

          Channel #:    24
    Row index start:     1
      Row index end:    12
 Column index start:     1
   Column index end:  ****

          Channel #:    25
    Row index start:     1
      Row index end:     8
 Column index start:     1
   Column index end:  ****

          Channel #:    26
    Row index start:     1
      Row index end:    18
 Column index start:     1
   Column index end:  ****

          Channel #:    27
    Row index start:     1
      Row index end:    26
 Column index start:     1
   Column index end:  ****

          Channel #:    28
    Row index start:     1
      Row index end:    18
 Column index start:     1
   Column index end:  ****

          Channel #:    29
    Row index start:     1
      Row index end:     8
 Column index start:     1
   Column index end:  ****

          Channel #:    30
    Row index start:     1
      Row index end:     2
 Column index start:     1
   Column index end:  ****

          Channel #:    31
    Row index start:     1
      Row index end:     8
 Column index start:     1
   Column index end:  ****

          Channel #:    32
    Row index start:     1
      Row index end:    12
 Column index start:     1
   Column index end:  ****

          Channel #:    33
    Row index start:     1
      Row index end:     8
 Column index start:     1
   Column index end:  ****

          Channel #:    34
    Row index start:     1
      Row index end:     2
 Column index start:     1
   Column index end:  ****

          Channel #:    35
    Row index start:     1
      Row index end:     2
 Column index start:     1
   Column index end:  ****

          Channel #:    36
    Row index start:     1
      Row index end:    12
 Column index start:     1
   Column index end:  ****

          Channel #:    37
    Row index start:     1
      Row index end:    16
 Column index start:     1
   Column index end:  ****

          Channel #:    38
    Row index start:     1
      Row index end:    12
 Column index start:     1
   Column index end:  ****

          Channel #:    39
    Row index start:     1
      Row index end:     2
 Column index start:     1
   Column index end:  ****

          Channel #:    40
    Row index start:     1
      Row index end:     2
 Column index start:     1
   Column index end:  ****

          Channel #:    41
    Row index start:     1
      Row index end:    18
 Column index start:     1
   Column index end:  ****

          Channel #:    42
    Row index start:     1
      Row index end:    44
 Column index start:     1
   Column index end:  ****

          Channel #:    43
    Row index start:     1
      Row index end:    58
 Column index start:     1
   Column index end:  ****

          Channel #:    44
    Row index start:     1
      Row index end:    44
 Column index start:     1
   Column index end:  ****

          Channel #:    45
    Row index start:     1
      Row index end:    18
 Column index start:     1
   Column index end:  ****

          Channel #:    46
    Row index start:     1
      Row index end:     2
 Column index start:     1
   Column index end:  ****

          Channel #:    47
    Row index start:     1
      Row index end:    12
 Column index start:     1
   Column index end:  ****

          Channel #:    48
    Row index start:     1
      Row index end:    44
 Column index start:     1
   Column index end:  ****

          Channel #:    49
    Row index start:     1
      Row index end:    90
 Column index start:     1
   Column index end:  ****

          Channel #:    50
    Row index start:     1
      Row index end:   110
 Column index start:     1
   Column index end:  ****

          Channel #:    51
    Row index start:     1
      Row index end:    90
 Column index start:     1
   Column index end:  ****

          Channel #:    52
    Row index start:     1
      Row index end:    44
 Column index start:     1
   Column index end:  ****

          Channel #:    53
    Row index start:     1
      Row index end:    12
 Column index start:     1
   Column index end:  ****

          Channel #:    54
    Row index start:     1
      Row index end:    16
 Column index start:     1
   Column index end:  ****

          Channel #:    55
    Row index start:     1
      Row index end:    58
 Column index start:     1
   Column index end:  ****

          Channel #:    56
    Row index start:     1
      Row index end:   110
 Column index start:     1
   Column index end:  ****

          Channel #:    57
    Row index start:     1
      Row index end:   138
 Column index start:     1
   Column index end:  ****

          Channel #:    58
    Row index start:     1
      Row index end:   110
 Column index start:     1
   Column index end:  ****

          Channel #:    59
    Row index start:     1
      Row index end:    58
 Column index start:     1
   Column index end:  ****

          Channel #:    60
    Row index start:     1
      Row index end:    16
 Column index start:     1
   Column index end:  ****

          Channel #:    61
    Row index start:     1
      Row index end:    12
 Column index start:     1
   Column index end:  ****

          Channel #:    62
    Row index start:     1
      Row index end:    44
 Column index start:     1
   Column index end:  ****

          Channel #:    63
    Row index start:     1
      Row index end:    90
 Column index start:     1
   Column index end:  ****
           1      140934           2
           2      142142           2
           3      140934           2
           4      142142           2
           5      143314           2
           6      142142           2
           7      140934           2
           8      142142           2
           9      140934           2
          10      165140           2
          11      171146           8
          12      172700          12
          13      171146           8
          14      165140           2
          15      171146           8
          16      177104          18
          17      178618          26
          18      177104          18
          19      171146           8
          20      172700          12
          21      178618          26
          22      180090          36
          23      178618          26
          24      172700          12
          25      171146           8
          26      177104          18
          27      178618          26
          28      177104          18
          29      171146           8
          30      165140           2
          31      171146           8
          32      172700          12
          33      171146           8
          34      165140           2
          35      175428           2
          36      181878          12
          37      183578          16
          38      181878          12
          39      175428           2
          40      175428           2
          41      189980          18
          42      196714          44
          43      198434          58
          44      196714          44
          45      189980          18
          46      175428           2
          47      181878          12
          48      196714          44
          49      203344          90
          50      205010         110
          51      203344          90
          52      196714          44
          53      181878          12
          54      183578          16
          55      198434          58
          56      205010         110
          57      206610         138
          58      205010         110
          59      198434          58
          60      183578          16
          61      181878          12
          62      196714          44
          63      203344          90
 EXECUTION TIME FOR CCD(T)   61.313458877033554     
Kf, Dens          1.80919           0.20000  CCSD(T)         -0.14708            0.00000


 ---------------------------------------------------------------------
 Boxsize   6.9104232300111832      Nmax           4
 A, Density, Kf          66  0.20000000000000001        1.8091878615559553     
 Twist averaged E0/N               (22.247165949819703,0.0000000000000000)
 Twist averaged mbpt2        (20.220902404186926,-8.53331902805948113E-020)
 Twist averaged CCSD         (20.679771207268288,1.45935400565528428E-014)
 kinetic_TF   2685.8303369731448     
  0.20000000000000001                    (22.247165949819703,0.0000000000000000)         (1364.8648996797072,9.63173643732487548E-013)

 E/N   1.80918789      0.200000003       22.247165949819703        20.220902404186926        20.679771207268288        20.532692140769772     
#Nmax, Nucleons, 3NFnexp, 3NFCutoff: 4  66 3 450
     0.00000     0.00000     1.80919     0.20000    22.24717    20.22090    20.67977    20.53269
 ---------------------------------------------------------------------
 Total execution time for CCD code   129.95055447495542     
