Boundary Conditions PBC                                                                                                 
CC approx CCD(T)                                                                                              
 TNF: F TNF-approx:           0
 3NF Cutoff:   450.00000000000000      Nexp_3NF:           3
 NN regulator Exponent:    3.0000000000000000     
 -----------
 NN ci's
   0.0000000000000000     
   0.0000000000000000     
   0.0000000000000000     
   0.0000000000000000     
 3NF ci's
   0.0000000000000000     
   0.0000000000000000     
   0.0000000000000000     
   0.0000000000000000     
 -----------
 --------
 c1s0(-1) -0.11292668234872000     
 c1s0(0) -0.11292668234872000     
 c1s0(1) -0.11292668234872000     
 c3s1(-1)  -8.7339820926559994E-002
 c3s1(0)  -8.7339820926559994E-002
 c3s1(1)  -8.7339820926559994E-002
 --------
 -----------
 NLO contacts PW
   0.0000000000000000     
   0.0000000000000000     
   0.0000000000000000     
   0.0000000000000000     
   0.0000000000000000     
   0.0000000000000000     
   0.0000000000000000     
 ----------
          C1            0.0000000000000000
          C2            0.0000000000000000
          C3           -0.0000000000000000
          C4           -0.0000000000000000
          C5           -0.0000000000000000
          C6            0.0000000000000000
          C7           -0.0000000000000000
          D1           -0.3771581126597507
          D2           -0.9305750209334183
          D3            2.1195254080520742
          D4           -2.1246309930064329
          D5           -0.0131882077354610
          D6            0.6645429882213397
          D7            0.7806033045976430
          D8           -0.4752342494327860
          D9            0.0920642557695526
         D10           -0.0312443369241453
         D11            0.0232036046033312
         D12           -0.3040203100732521
         D13           -0.2963726204319913
         D14            1.4856672935233888
         D15           -0.3992014237014200

   3NF LECs:
          C1            0.0000000000000000
          C3            0.0000000000000000
          C4            0.0000000000000000
          cE            0.0000000000000000
          cD            0.0000000000000000

 delta_chiral_order           0
 delta cutoff   450.00000000000000     
 Boxsize   6.6943295008216941     
 Density  0.22000000000000000     
 K_f   1.8675886546092395     
 Nmax           4
 Total number of states        1458
 K-mesh   0.0000000000000000     
 K-mesh -0.93858321530309374     
 K-mesh  0.93858321530309374     
 K-mesh  -1.8771664306061875     
 K-mesh   1.8771664306061875     
 K-mesh  -2.8157496459092815     
 K-mesh   2.8157496459092815     
 K-mesh  -3.7543328612123750     
 K-mesh   3.7543328612123750     
   0.0000000000000000        6.6943295008216941     
   0.0000000000000000        6.6943295008216941     
   0.0000000000000000        6.6943295008216941     
   0.0000000000000000        6.6943295008216941     
 Kz-mesh   0.0000000000000000     
 Kz-mesh -0.93858321530309374     
 Kz-mesh  0.93858321530309374     
 Kz-mesh  -1.8771664306061875     
 Kz-mesh   1.8771664306061875     
 Kz-mesh  -2.8157496459092815     
 Kz-mesh   2.8157496459092815     
 Kz-mesh  -3.7543328612123750     
 Kz-mesh   3.7543328612123750     
 KY-mesh   0.0000000000000000     
 KY-mesh -0.93858321530309374     
 KY-mesh  0.93858321530309374     
 KY-mesh  -1.8771664306061875     
 KY-mesh   1.8771664306061875     
 KY-mesh  -2.8157496459092815     
 KY-mesh   2.8157496459092815     
 KY-mesh  -3.7543328612123750     
 KY-mesh   3.7543328612123750     
           4           4           4          -1           1           1           1
 nkmin, nkmax           4           4           4
 Occupied j-orbits
     1       0.000000000        0   0   0  -1   1 hole      
     2       0.000000000        0   0   0   1   1 hole      
     3       18.25415044        0   0  -1  -1   1 hole      
     4       18.25415044        0   0  -1   1   1 hole      
     5       18.25415044       -1   0   0  -1   1 hole      
     6       18.25415044       -1   0   0   1   1 hole      
     7       18.25415044        0  -1   0  -1   1 hole      
     8       18.25415044        0  -1   0   1   1 hole      
     9       18.25415044        0   1   0  -1   1 hole      
    10       18.25415044        0   1   0   1   1 hole      
    11       18.25415044        0   0   1  -1   1 hole      
    12       18.25415044        0   0   1   1   1 hole      
    13       18.25415044        1   0   0  -1   1 hole      
    14       18.25415044        1   0   0   1   1 hole      
    15       36.50830088        0   1  -1  -1   1 hole      
    16       36.50830088        0   1  -1   1   1 hole      
    17       36.50830088       -1   0   1  -1   1 hole      
    18       36.50830088       -1   0   1   1   1 hole      
    19       36.50830088       -1  -1   0  -1   1 hole      
    20       36.50830088       -1  -1   0   1   1 hole      
    21       36.50830088        1   0   1  -1   1 hole      
    22       36.50830088        1   0   1   1   1 hole      
    23       36.50830088        0   1   1  -1   1 hole      
    24       36.50830088        0   1   1   1   1 hole      
    25       36.50830088       -1   1   0  -1   1 hole      
    26       36.50830088       -1   1   0   1   1 hole      
    27       36.50830088        1   0  -1  -1   1 hole      
    28       36.50830088        1   0  -1   1   1 hole      
    29       36.50830088        1  -1   0  -1   1 hole      
    30       36.50830088        1  -1   0   1   1 hole      
    31       36.50830088        0  -1  -1  -1   1 hole      
    32       36.50830088        0  -1  -1   1   1 hole      
    33       36.50830088        1   1   0  -1   1 hole      
    34       36.50830088        1   1   0   1   1 hole      
    35       36.50830088       -1   0  -1  -1   1 hole      
    36       36.50830088       -1   0  -1   1   1 hole      
    37       36.50830088        0  -1   1  -1   1 hole      
    38       36.50830088        0  -1   1   1   1 hole      
    39       54.76245132       -1  -1  -1  -1   1 hole      
    40       54.76245132       -1  -1  -1   1   1 hole      
    41       54.76245132        1  -1   1  -1   1 hole      
    42       54.76245132        1  -1   1   1   1 hole      
    43       54.76245132       -1   1  -1  -1   1 hole      
    44       54.76245132       -1   1  -1   1   1 hole      
    45       54.76245132        1  -1  -1  -1   1 hole      
    46       54.76245132        1  -1  -1   1   1 hole      
    47       54.76245132       -1   1   1  -1   1 hole      
    48       54.76245132       -1   1   1   1   1 hole      
    49       54.76245132       -1  -1   1  -1   1 hole      
    50       54.76245132       -1  -1   1   1   1 hole      
    51       54.76245132        1   1   1  -1   1 hole      
    52       54.76245132        1   1   1   1   1 hole      
    53       54.76245132        1   1  -1  -1   1 hole      
    54       54.76245132        1   1  -1   1   1 hole      
    55       73.01660176        2   0   0  -1   1 hole      
    56       73.01660176        2   0   0   1   1 hole      
    57       73.01660176        0   0  -2  -1   1 hole      
    58       73.01660176        0   0  -2   1   1 hole      
    59       73.01660176       -2   0   0  -1   1 hole      
    60       73.01660176       -2   0   0   1   1 hole      
    61       73.01660176        0   2   0  -1   1 hole      
    62       73.01660176        0   2   0   1   1 hole      
    63       73.01660176        0  -2   0  -1   1 hole      
    64       73.01660176        0  -2   0   1   1 hole      
    65       73.01660176        0   0   2  -1   1 hole      
    66       73.01660176        0   0   2   1   1 hole      
 Unoccupied j-orbits
    67       91.27075220       -1  -2   0  -1   1 particle  
    68       91.27075220       -1  -2   0   1   1 particle  
    69       91.27075220        2   1   0  -1   1 particle  
    70       91.27075220        2   1   0   1   1 particle  
    71       91.27075220       -1   0  -2  -1   1 particle  
    72       91.27075220       -1   0  -2   1   1 particle  
    73       91.27075220        1   0   2  -1   1 particle  
    74       91.27075220        1   0   2   1   1 particle  
    75       91.27075220        1   0  -2  -1   1 particle  
    76       91.27075220        1   0  -2   1   1 particle  
    77       91.27075220        0   2  -1  -1   1 particle  
 Sz and Tz for vacuum state   0.0000000000000000        66.000000000000000     
          -8           8          -8           8          -8           8
 Total memory for lookup configs   5.6901119999999113E-003 GByte
 Total memory for channels   4.0880000000000002E-005 GByte
              8067968      252124         185
              8067968      252124        1816
 Setting up vnn for hhhh block
 Time to setup hhhh block  0.23106665106024593     
 Setting up vnn for hhhp block
 Time to setup hhhp block  0.43878123199101537     
 Setting up vnn for hhpp block
 Time to setup hhpp block   1.8980527129024267     
 Setting up vnn for hphp block
 Time to setup hphp block   1.0573852800298482     
 Setting up vnn for pppp block
 Time to setup pppp block   17.458117995993234     
 Total memory for vnn storage  0.31066944000000035      GByte
          -8           8          -8           8          -8           8
 Total memory for lookup ph configs   3.6748800000001611E-003 GByte
 Total memory for ph channels   8.7168000000000003E-005 GByte
              8067968      252124        1816
 Setting up vnn for ph hpph block
 Time to setup ph hpph block  0.15091023000422865     
 Total memory for vnn/t2 ph storage  0.25817497600000122      GByte
 kinetic energy =               (2847.6474687192281,0.0000000000000000)
 below_ef =          66
 Vacuum expectation value               (1541.5666211583173,0.0000000000000000)
 here we go...
 here we go...
 here we go...
 here we go...
 here we go...
 here we go...
 here we go...
 here we go...
 here we go...
 here we go...
 here we go...
 here we go...
 here we go...
 here we go...
 here we go...
 here we go...
 here we go...
 here we go...
 here we go...
 here we go...
 here we go...
 here we go...
 here we go...
 here we go...
 here we go...
 here we go...
 here we go...
 Total memory for t2 storage  0.25817497600000017      GByte
 here we go...
 here we go...
 here we go...
 here we go...
 here we go...
 CCD energy        (1419.5401696531917,-1.27410819809244592E-017)
 diis space     8067968
 Storage of diis vectors  0.90361241599999997      Gb
 CCD energy        (1429.3430713605062,-3.90509992273058527E-018)
dener    0    1  0.98029017E+01
 CCD energy        (1435.7292191131414,-8.18868592366092034E-019)
dener    0    2  0.63861478E+01
 CCD energy        (1439.8634185371573,-2.19588770455612702E-017)
dener    0    3  0.41341994E+01
 CCD energy         (1442.5244326221055,1.24990982801593585E-017)
dener    0    4  0.26610141E+01
 CCD energy         (1444.2271222682907,9.75396573360941329E-018)
dener    0    5  0.17026896E+01
diis_mat    1    1  0.1338E-01
diis_mat    1    2  0.8755E-02
diis_mat    1    3  0.5720E-02
diis_mat    1    4  0.3739E-02
diis_mat    1    5  0.2449E-02
diis_mat    1    6 -0.1000E+01
diis_mat    2    1  0.8755E-02
diis_mat    2    2  0.5752E-02
diis_mat    2    3  0.3776E-02
diis_mat    2    4  0.2482E-02
diis_mat    2    5  0.1638E-02
diis_mat    2    6 -0.1000E+01
diis_mat    3    1  0.5720E-02
diis_mat    3    2  0.3776E-02
diis_mat    3    3  0.2493E-02
diis_mat    3    4  0.1651E-02
diis_mat    3    5  0.1099E-02
diis_mat    3    6 -0.1000E+01
diis_mat    4    1  0.3739E-02
diis_mat    4    2  0.2482E-02
diis_mat    4    3  0.1651E-02
diis_mat    4    4  0.1103E-02
diis_mat    4    5  0.7426E-03
diis_mat    4    6 -0.1000E+01
diis_mat    5    1  0.2449E-02
diis_mat    5    2  0.1638E-02
diis_mat    5    3  0.1099E-02
diis_mat    5    4  0.7426E-03
diis_mat    5    5  0.5062E-03
diis_mat    5    6 -0.1000E+01
diis_mat    6    1 -0.1000E+01
diis_mat    6    2 -0.1000E+01
diis_mat    6    3 -0.1000E+01
diis_mat    6    4 -0.1000E+01
diis_mat    6    5 -0.1000E+01
diis_mat    6    6  0.0000E+00
 csysv info           0
sol_vec    1  0.1351E+02  0.1707E-08
sol_vec    2 -0.9153E+02 -0.9310E-08
sol_vec    3  0.2248E+03  0.1889E-07
sol_vec    4 -0.2389E+03 -0.1685E-07
sol_vec    5  0.9318E+02  0.5562E-08
sol_vec    6  0.3431E-06 -0.2120E-15
 CCD energy        (1446.9125963564165,-2.57747576733472085E-011)
dener    0    6  0.26854741E+01
 CCD energy        (1446.9150743539949,-1.74418394569942358E-011)
dener    0    7  0.24779976E-02
 CCD energy        (1446.9174323022239,-1.18841743445637588E-011)
dener    0    8  0.23579482E-02
 CCD energy        (1446.9195219388905,-8.16264875333709200E-012)
dener    0    9  0.20896367E-02
 CCD energy        (1446.9212960372831,-5.65885563138571546E-012)
dener    0   10  0.17740984E-02
 CCD energy        (1446.9227596597279,-3.96492715171337309E-012)
dener    0   11  0.14636224E-02
diis_mat    1    1  0.2905E-06
diis_mat    1    2  0.2349E-06
diis_mat    1    3  0.1919E-06
diis_mat    1    4  0.1581E-06
diis_mat    1    5  0.1312E-06
diis_mat    1    6 -0.1000E+01
diis_mat    2    1  0.2349E-06
diis_mat    2    2  0.1917E-06
diis_mat    2    3  0.1578E-06
diis_mat    2    4  0.1309E-06
diis_mat    2    5  0.1092E-06
diis_mat    2    6 -0.1000E+01
diis_mat    3    1  0.1919E-06
diis_mat    3    2  0.1578E-06
diis_mat    3    3  0.1308E-06
diis_mat    3    4  0.1091E-06
diis_mat    3    5  0.9139E-07
diis_mat    3    6 -0.1000E+01
diis_mat    4    1  0.1581E-06
diis_mat    4    2  0.1309E-06
diis_mat    4    3  0.1091E-06
diis_mat    4    4  0.9134E-07
diis_mat    4    5  0.7680E-07
diis_mat    4    6 -0.1000E+01
diis_mat    5    1  0.1312E-06
diis_mat    5    2  0.1092E-06
diis_mat    5    3  0.9139E-07
diis_mat    5    4  0.7680E-07
diis_mat    5    5  0.6477E-07
diis_mat    5    6 -0.1000E+01
diis_mat    6    1 -0.1000E+01
diis_mat    6    2 -0.1000E+01
diis_mat    6    3 -0.1000E+01
diis_mat    6    4 -0.1000E+01
diis_mat    6    5 -0.1000E+01
diis_mat    6    6  0.0000E+00
 csysv info           0
sol_vec    1  0.1011E+03  0.6286E-06
sol_vec    2 -0.5484E+03 -0.3160E-05
sol_vec    3  0.1110E+04  0.5901E-05
sol_vec    4 -0.9939E+03 -0.4851E-05
sol_vec    5  0.3320E+03  0.1483E-05
sol_vec    6  0.2916E-11 -0.2654E-18
 CCD energy         (1446.9277074390802,1.51954647131133296E-012)
dener    0   12  0.49477794E-02
 CCD energy         (1446.9276792595410,7.84578160537358117E-013)
dener    0   13 -0.28179539E-04
 CCD energy         (1446.9276612752662,3.44264114235848250E-013)
dener    0   14 -0.17984275E-04
 CCD energy         (1446.9276498740053,8.85546655910418136E-014)
dener    0   15 -0.11401261E-04
 CCD energy        (1446.9276426997162,-5.28562815035186529E-014)
dener    0   16 -0.71742890E-05
 CCD energy        (1446.9276382217745,-1.24584647964338748E-013)
dener    0   17 -0.44779417E-05
diis_mat    1    1  0.1792E-11
diis_mat    1    2  0.1394E-11
diis_mat    1    3  0.1089E-11
diis_mat    1    4  0.8551E-12
diis_mat    1    5  0.6742E-12
diis_mat    1    6 -0.1000E+01
diis_mat    2    1  0.1394E-11
diis_mat    2    2  0.1087E-11
diis_mat    2    3  0.8526E-12
diis_mat    2    4  0.6715E-12
diis_mat    2    5  0.5309E-12
diis_mat    2    6 -0.1000E+01
diis_mat    3    1  0.1089E-11
diis_mat    3    2  0.8526E-12
diis_mat    3    3  0.6706E-12
diis_mat    3    4  0.5295E-12
diis_mat    3    5  0.4197E-12
diis_mat    3    6 -0.1000E+01
diis_mat    4    1  0.8551E-12
diis_mat    4    2  0.6715E-12
diis_mat    4    3  0.5295E-12
diis_mat    4    4  0.4192E-12
diis_mat    4    5  0.3330E-12
diis_mat    4    6 -0.1000E+01
diis_mat    5    1  0.6742E-12
diis_mat    5    2  0.5309E-12
diis_mat    5    3  0.4197E-12
diis_mat    5    4  0.3330E-12
diis_mat    5    5  0.2651E-12
diis_mat    5    6 -0.1000E+01
diis_mat    6    1 -0.1000E+01
diis_mat    6    2 -0.1000E+01
diis_mat    6    3 -0.1000E+01
diis_mat    6    4 -0.1000E+01
diis_mat    6    5 -0.1000E+01
diis_mat    6    6  0.0000E+00
 csysv info           0
sol_vec    1  0.1080E+03  0.1014E-04
sol_vec    2 -0.5751E+03 -0.5025E-04
sol_vec    3  0.1145E+04  0.9271E-04
sol_vec    4 -0.1011E+04 -0.7550E-04
sol_vec    5  0.3339E+03  0.2289E-04
sol_vec    6  0.1896E-16 -0.4986E-23
 CCD energy         (1446.9276299923984,6.67857356618270898E-014)
dener    0   18 -0.82293761E-05
 CCD energy         (1446.9276301100367,4.89873761743044530E-014)
dener    0   19  0.11763834E-06
 Total execution time CCD   36.514295600005426     
 preparing to do CCD(T): 
          -8           8          -8           8          -8           8
 Total memory for lookup configs   1.1863487999999986E-002 GByte
 Total memory for channels   1.1892543999999986E-002 GByte
             89696544     2803017        1816
 Setting up vnn (NN) for hppp block
 Time to setup hppp block   6.9236443809932098     
 Total memory for vnn storage  0.72946489599999531      GByte
          12          12          12           3           3
 Total memory for lookup t3-confs   1.2188792640000019      Gbyte
 3NF with deltas: T
           9835169512   307349047         539

 proc number   0      % work  0.100000E+03

          Channel #:     1
    Row index start:     1
      Row index end:     2
 Column index start:     1
   Column index end:  ****

          Channel #:     2
    Row index start:     1
      Row index end:     2
 Column index start:     1
   Column index end:  ****

          Channel #:     3
    Row index start:     1
      Row index end:     2
 Column index start:     1
   Column index end:  ****

          Channel #:     4
    Row index start:     1
      Row index end:     2
 Column index start:     1
   Column index end:  ****

          Channel #:     5
    Row index start:     1
      Row index end:     2
 Column index start:     1
   Column index end:  ****

          Channel #:     6
    Row index start:     1
      Row index end:     2
 Column index start:     1
   Column index end:  ****

          Channel #:     7
    Row index start:     1
      Row index end:     2
 Column index start:     1
   Column index end:  ****

          Channel #:     8
    Row index start:     1
      Row index end:     2
 Column index start:     1
   Column index end:  ****

          Channel #:     9
    Row index start:     1
      Row index end:     2
 Column index start:     1
   Column index end:  ****

          Channel #:    10
    Row index start:     1
      Row index end:     2
 Column index start:     1
   Column index end:  ****

          Channel #:    11
    Row index start:     1
      Row index end:     8
 Column index start:     1
   Column index end:  ****

          Channel #:    12
    Row index start:     1
      Row index end:    12
 Column index start:     1
   Column index end:  ****

          Channel #:    13
    Row index start:     1
      Row index end:     8
 Column index start:     1
   Column index end:  ****

          Channel #:    14
    Row index start:     1
      Row index end:     2
 Column index start:     1
   Column index end:  ****

          Channel #:    15
    Row index start:     1
      Row index end:     8
 Column index start:     1
   Column index end:  ****

          Channel #:    16
    Row index start:     1
      Row index end:    18
 Column index start:     1
   Column index end:  ****

          Channel #:    17
    Row index start:     1
      Row index end:    26
 Column index start:     1
   Column index end:  ****

          Channel #:    18
    Row index start:     1
      Row index end:    18
 Column index start:     1
   Column index end:  ****

          Channel #:    19
    Row index start:     1
      Row index end:     8
 Column index start:     1
   Column index end:  ****

          Channel #:    20
    Row index start:     1
      Row index end:    12
 Column index start:     1
   Column index end:  ****

          Channel #:    21
    Row index start:     1
      Row index end:    26
 Column index start:     1
   Column index end:  ****

          Channel #:    22
    Row index start:     1
      Row index end:    36
 Column index start:     1
   Column index end:  ****

          Channel #:    23
    Row index start:     1
      Row index end:    26
 Column index start:     1
   Column index end:  ****

          Channel #:    24
    Row index start:     1
      Row index end:    12
 Column index start:     1
   Column index end:  ****

          Channel #:    25
    Row index start:     1
      Row index end:     8
 Column index start:     1
   Column index end:  ****

          Channel #:    26
    Row index start:     1
      Row index end:    18
 Column index start:     1
   Column index end:  ****

          Channel #:    27
    Row index start:     1
      Row index end:    26
 Column index start:     1
   Column index end:  ****

          Channel #:    28
    Row index start:     1
      Row index end:    18
 Column index start:     1
   Column index end:  ****

          Channel #:    29
    Row index start:     1
      Row index end:     8
 Column index start:     1
   Column index end:  ****

          Channel #:    30
    Row index start:     1
      Row index end:     2
 Column index start:     1
   Column index end:  ****

          Channel #:    31
    Row index start:     1
      Row index end:     8
 Column index start:     1
   Column index end:  ****

          Channel #:    32
    Row index start:     1
      Row index end:    12
 Column index start:     1
   Column index end:  ****

          Channel #:    33
    Row index start:     1
      Row index end:     8
 Column index start:     1
   Column index end:  ****

          Channel #:    34
    Row index start:     1
      Row index end:     2
 Column index start:     1
   Column index end:  ****

          Channel #:    35
    Row index start:     1
      Row index end:     2
 Column index start:     1
   Column index end:  ****

          Channel #:    36
    Row index start:     1
      Row index end:    12
 Column index start:     1
   Column index end:  ****

          Channel #:    37
    Row index start:     1
      Row index end:    16
 Column index start:     1
   Column index end:  ****

          Channel #:    38
    Row index start:     1
      Row index end:    12
 Column index start:     1
   Column index end:  ****

          Channel #:    39
    Row index start:     1
      Row index end:     2
 Column index start:     1
   Column index end:  ****

          Channel #:    40
    Row index start:     1
      Row index end:     2
 Column index start:     1
   Column index end:  ****

          Channel #:    41
    Row index start:     1
      Row index end:    18
 Column index start:     1
   Column index end:  ****

          Channel #:    42
    Row index start:     1
      Row index end:    44
 Column index start:     1
   Column index end:  ****

          Channel #:    43
    Row index start:     1
      Row index end:    58
 Column index start:     1
   Column index end:  ****

          Channel #:    44
    Row index start:     1
      Row index end:    44
 Column index start:     1
   Column index end:  ****

          Channel #:    45
    Row index start:     1
      Row index end:    18
 Column index start:     1
   Column index end:  ****

          Channel #:    46
    Row index start:     1
      Row index end:     2
 Column index start:     1
   Column index end:  ****

          Channel #:    47
    Row index start:     1
      Row index end:    12
 Column index start:     1
   Column index end:  ****

          Channel #:    48
    Row index start:     1
      Row index end:    44
 Column index start:     1
   Column index end:  ****

          Channel #:    49
    Row index start:     1
      Row index end:    90
 Column index start:     1
   Column index end:  ****

          Channel #:    50
    Row index start:     1
      Row index end:   110
 Column index start:     1
   Column index end:  ****

          Channel #:    51
    Row index start:     1
      Row index end:    90
 Column index start:     1
   Column index end:  ****

          Channel #:    52
    Row index start:     1
      Row index end:    44
 Column index start:     1
   Column index end:  ****

          Channel #:    53
    Row index start:     1
      Row index end:    12
 Column index start:     1
   Column index end:  ****

          Channel #:    54
    Row index start:     1
      Row index end:    16
 Column index start:     1
   Column index end:  ****

          Channel #:    55
    Row index start:     1
      Row index end:    58
 Column index start:     1
   Column index end:  ****

          Channel #:    56
    Row index start:     1
      Row index end:   110
 Column index start:     1
   Column index end:  ****

          Channel #:    57
    Row index start:     1
      Row index end:   138
 Column index start:     1
   Column index end:  ****

          Channel #:    58
    Row index start:     1
      Row index end:   110
 Column index start:     1
   Column index end:  ****

          Channel #:    59
    Row index start:     1
      Row index end:    58
 Column index start:     1
   Column index end:  ****

          Channel #:    60
    Row index start:     1
      Row index end:    16
 Column index start:     1
   Column index end:  ****

          Channel #:    61
    Row index start:     1
      Row index end:    12
 Column index start:     1
   Column index end:  ****

          Channel #:    62
    Row index start:     1
      Row index end:    44
 Column index start:     1
   Column index end:  ****

          Channel #:    63
    Row index start:     1
      Row index end:    90
 Column index start:     1
   Column index end:  ****
           1      140934           2
           2      142142           2
           3      140934           2
           4      142142           2
           5      143314           2
           6      142142           2
           7      140934           2
           8      142142           2
           9      140934           2
          10      165140           2
          11      171146           8
          12      172700          12
          13      171146           8
          14      165140           2
          15      171146           8
          16      177104          18
          17      178618          26
          18      177104          18
          19      171146           8
          20      172700          12
          21      178618          26
          22      180090          36
          23      178618          26
          24      172700          12
          25      171146           8
          26      177104          18
          27      178618          26
          28      177104          18
          29      171146           8
          30      165140           2
          31      171146           8
          32      172700          12
          33      171146           8
          34      165140           2
          35      175428           2
          36      181878          12
          37      183578          16
          38      181878          12
          39      175428           2
          40      175428           2
          41      189980          18
          42      196714          44
          43      198434          58
          44      196714          44
          45      189980          18
          46      175428           2
          47      181878          12
          48      196714          44
          49      203344          90
          50      205010         110
          51      203344          90
          52      196714          44
          53      181878          12
          54      183578          16
          55      198434          58
          56      205010         110
          57      206610         138
          58      205010         110
          59      198434          58
          60      183578          16
          61      181878          12
          62      196714          44
          63      203344          90
 EXECUTION TIME FOR CCD(T)   61.401769248070195     
Kf, Dens          1.86759           0.22000  CCSD(T)         -0.13143            0.00000


 ---------------------------------------------------------------------
 Boxsize   6.6943295008216941      Nmax           4
 A, Density, Kf          66  0.22000000000000000        1.8675886546092395     
 Twist averaged E0/N               (23.357070017550260,0.0000000000000000)
 Twist averaged mbpt2        (21.508184388684722,-1.93046696680673620E-019)
 Twist averaged CCSD         (21.923145910758134,7.42232972337946267E-016)
 kinetic_TF   2862.0268146542016     
  0.22000000000000000                    (23.357070017550260,0.0000000000000000)         (1446.9276301100367,4.89873761743044530E-014)

 E/N   1.86758864      0.219999999       23.357070017550260        21.508184388684722        21.923145910758134        21.791714646058892     
#Nmax, Nucleons, 3NFnexp, 3NFCutoff: 4  66 3 450
     0.00000     0.00000     1.86759     0.22000    23.35707    21.50818    21.92315    21.79171
 ---------------------------------------------------------------------
 Total execution time for CCD code   137.85627958399709     
