Boundary Conditions PBC                                                                                                 
CC approx CCD(T)                                                                                              
 TNF: F TNF-approx:           0
 3NF Cutoff:   450.00000000000000      Nexp_3NF:           3
 NN regulator Exponent:    3.0000000000000000     
 -----------
 NN ci's
   0.0000000000000000     
   0.0000000000000000     
   0.0000000000000000     
   0.0000000000000000     
 3NF ci's
   0.0000000000000000     
   0.0000000000000000     
   0.0000000000000000     
   0.0000000000000000     
 -----------
 --------
 c1s0(-1) -0.11292668234872000     
 c1s0(0) -0.11292668234872000     
 c1s0(1) -0.11292668234872000     
 c3s1(-1)  -8.7339820926559994E-002
 c3s1(0)  -8.7339820926559994E-002
 c3s1(1)  -8.7339820926559994E-002
 --------
 -----------
 NLO contacts PW
   0.0000000000000000     
   0.0000000000000000     
   0.0000000000000000     
   0.0000000000000000     
   0.0000000000000000     
   0.0000000000000000     
   0.0000000000000000     
 ----------
          C1            0.0000000000000000
          C2            0.0000000000000000
          C3           -0.0000000000000000
          C4           -0.0000000000000000
          C5           -0.0000000000000000
          C6            0.0000000000000000
          C7           -0.0000000000000000
          D1           -0.3771581126597507
          D2           -0.9305750209334183
          D3            2.1195254080520742
          D4           -2.1246309930064329
          D5           -0.0131882077354610
          D6            0.6645429882213397
          D7            0.7806033045976430
          D8           -0.4752342494327860
          D9            0.0920642557695526
         D10           -0.0312443369241453
         D11            0.0232036046033312
         D12           -0.3040203100732521
         D13           -0.2963726204319913
         D14            1.4856672935233888
         D15           -0.3992014237014200

   3NF LECs:
          C1            0.0000000000000000
          C3            0.0000000000000000
          C4            0.0000000000000000
          cE            0.0000000000000000
          cD            0.0000000000000000

 delta_chiral_order           0
 delta cutoff   450.00000000000000     
 Boxsize   7.7828495157683539     
 Density  0.14000000000000001     
 K_f   1.6063851421796711     
 Nmax           4
 Total number of states        1458
 K-mesh   0.0000000000000000     
 K-mesh -0.80731167864027231     
 K-mesh  0.80731167864027231     
 K-mesh  -1.6146233572805446     
 K-mesh   1.6146233572805446     
 K-mesh  -2.4219350359208169     
 K-mesh   2.4219350359208169     
 K-mesh  -3.2292467145610892     
 K-mesh   3.2292467145610892     
   0.0000000000000000        7.7828495157683539     
   0.0000000000000000        7.7828495157683539     
   0.0000000000000000        7.7828495157683539     
   0.0000000000000000        7.7828495157683539     
 Kz-mesh   0.0000000000000000     
 Kz-mesh -0.80731167864027231     
 Kz-mesh  0.80731167864027231     
 Kz-mesh  -1.6146233572805446     
 Kz-mesh   1.6146233572805446     
 Kz-mesh  -2.4219350359208169     
 Kz-mesh   2.4219350359208169     
 Kz-mesh  -3.2292467145610892     
 Kz-mesh   3.2292467145610892     
 KY-mesh   0.0000000000000000     
 KY-mesh -0.80731167864027231     
 KY-mesh  0.80731167864027231     
 KY-mesh  -1.6146233572805446     
 KY-mesh   1.6146233572805446     
 KY-mesh  -2.4219350359208169     
 KY-mesh   2.4219350359208169     
 KY-mesh  -3.2292467145610892     
 KY-mesh   3.2292467145610892     
           4           4           4          -1           1           1           1
 nkmin, nkmax           4           4           4
 Occupied j-orbits
     1       0.000000000        0   0   0  -1   1 hole      
     2       0.000000000        0   0   0   1   1 hole      
     3       13.50512252       -1   0   0  -1   1 hole      
     4       13.50512252       -1   0   0   1   1 hole      
     5       13.50512252        0   0  -1  -1   1 hole      
     6       13.50512252        0   0  -1   1   1 hole      
     7       13.50512252        0  -1   0  -1   1 hole      
     8       13.50512252        0  -1   0   1   1 hole      
     9       13.50512252        0   1   0  -1   1 hole      
    10       13.50512252        0   1   0   1   1 hole      
    11       13.50512252        1   0   0  -1   1 hole      
    12       13.50512252        1   0   0   1   1 hole      
    13       13.50512252        0   0   1  -1   1 hole      
    14       13.50512252        0   0   1   1   1 hole      
    15       27.01024505        1   1   0  -1   1 hole      
    16       27.01024505        1   1   0   1   1 hole      
    17       27.01024505        0   1   1  -1   1 hole      
    18       27.01024505        0   1   1   1   1 hole      
    19       27.01024505        1  -1   0  -1   1 hole      
    20       27.01024505        1  -1   0   1   1 hole      
    21       27.01024505       -1   0  -1  -1   1 hole      
    22       27.01024505       -1   0  -1   1   1 hole      
    23       27.01024505       -1  -1   0  -1   1 hole      
    24       27.01024505       -1  -1   0   1   1 hole      
    25       27.01024505       -1   0   1  -1   1 hole      
    26       27.01024505       -1   0   1   1   1 hole      
    27       27.01024505       -1   1   0  -1   1 hole      
    28       27.01024505       -1   1   0   1   1 hole      
    29       27.01024505        0   1  -1  -1   1 hole      
    30       27.01024505        0   1  -1   1   1 hole      
    31       27.01024505        1   0   1  -1   1 hole      
    32       27.01024505        1   0   1   1   1 hole      
    33       27.01024505        0  -1   1  -1   1 hole      
    34       27.01024505        0  -1   1   1   1 hole      
    35       27.01024505        1   0  -1  -1   1 hole      
    36       27.01024505        1   0  -1   1   1 hole      
    37       27.01024505        0  -1  -1  -1   1 hole      
    38       27.01024505        0  -1  -1   1   1 hole      
    39       40.51536757       -1  -1  -1  -1   1 hole      
    40       40.51536757       -1  -1  -1   1   1 hole      
    41       40.51536757       -1   1  -1  -1   1 hole      
    42       40.51536757       -1   1  -1   1   1 hole      
    43       40.51536757        1   1  -1  -1   1 hole      
    44       40.51536757        1   1  -1   1   1 hole      
    45       40.51536757       -1  -1   1  -1   1 hole      
    46       40.51536757       -1  -1   1   1   1 hole      
    47       40.51536757        1  -1   1  -1   1 hole      
    48       40.51536757        1  -1   1   1   1 hole      
    49       40.51536757        1   1   1  -1   1 hole      
    50       40.51536757        1   1   1   1   1 hole      
    51       40.51536757       -1   1   1  -1   1 hole      
    52       40.51536757       -1   1   1   1   1 hole      
    53       40.51536757        1  -1  -1  -1   1 hole      
    54       40.51536757        1  -1  -1   1   1 hole      
    55       54.02049010        0   2   0  -1   1 hole      
    56       54.02049010        0   2   0   1   1 hole      
    57       54.02049010        0   0  -2  -1   1 hole      
    58       54.02049010        0   0  -2   1   1 hole      
    59       54.02049010        2   0   0  -1   1 hole      
    60       54.02049010        2   0   0   1   1 hole      
    61       54.02049010        0  -2   0  -1   1 hole      
    62       54.02049010        0  -2   0   1   1 hole      
    63       54.02049010       -2   0   0  -1   1 hole      
    64       54.02049010       -2   0   0   1   1 hole      
    65       54.02049010        0   0   2  -1   1 hole      
    66       54.02049010        0   0   2   1   1 hole      
 Unoccupied j-orbits
    67       67.52561262       -2  -1   0  -1   1 particle  
    68       67.52561262       -2  -1   0   1   1 particle  
    69       67.52561262       -1   0  -2  -1   1 particle  
    70       67.52561262       -1   0  -2   1   1 particle  
    71       67.52561262       -1   0   2  -1   1 particle  
    72       67.52561262       -1   0   2   1   1 particle  
    73       67.52561262       -2   1   0  -1   1 particle  
    74       67.52561262       -2   1   0   1   1 particle  
    75       67.52561262       -1  -2   0  -1   1 particle  
    76       67.52561262       -1  -2   0   1   1 particle  
    77       67.52561262       -1   2   0  -1   1 particle  
 Sz and Tz for vacuum state   0.0000000000000000        66.000000000000000     
          -8           8          -8           8          -8           8
 Total memory for lookup configs   5.6901119999999113E-003 GByte
 Total memory for channels   4.0880000000000002E-005 GByte
              8067968      252124         185
              8067968      252124        1816
 Setting up vnn for hhhh block
 Time to setup hhhh block  0.22112724394537508     
 Setting up vnn for hhhp block
 Time to setup hhhp block  0.43208838696591556     
 Setting up vnn for hhpp block
 Time to setup hhpp block   1.8285498559707776     
 Setting up vnn for hphp block
 Time to setup hphp block   1.0731197040295228     
 Setting up vnn for pppp block
 Time to setup pppp block   17.395742909982800     
 Total memory for vnn storage  0.31066944000000035      GByte
          -8           8          -8           8          -8           8
 Total memory for lookup ph configs   3.6748800000001611E-003 GByte
 Total memory for ph channels   8.7168000000000003E-005 GByte
              8067968      252124        1816
 Setting up vnn for ph hpph block
 Time to setup ph hpph block  0.15041488199494779     
 Total memory for vnn/t2 ph storage  0.25817497600000122      GByte
 kinetic energy =               (2106.7991138410543,0.0000000000000000)
 below_ef =          66
 Vacuum expectation value               (1223.6703859188108,0.0000000000000000)
 here we go...
 here we go...
 here we go...
 here we go...
 here we go...
 here we go...
 here we go...
 here we go...
 here we go...
 Total memory for t2 storage  0.25817497600000017      GByte
 here we go...
 here we go...
 here we go...
 here we go...
 here we go...
 here we go...
 here we go...
 here we go...
 here we go...
 here we go...
 here we go...
 here we go...
 here we go...
 here we go...
 here we go...
 here we go...
 here we go...
 here we go...
 here we go...
 here we go...
 here we go...
 here we go...
 here we go...
 CCD energy         (1057.9203332870838,4.78706789727958113E-018)
 diis space     8067968
 Storage of diis vectors  0.90361241599999997      Gb
 CCD energy         (1070.6290527944902,1.00883420227762632E-017)
dener    0    1  0.12708720E+02
 CCD energy         (1078.9824743694458,1.03270012006234799E-017)
dener    0    2  0.83534216E+01
 CCD energy        (1084.4292573294770,-9.46720294366231984E-018)
dener    0    3  0.54467830E+01
 CCD energy        (1087.9529065048587,-1.79444834604618507E-018)
dener    0    4  0.35236492E+01
 CCD energy        (1090.2124643965658,-8.86921485982319134E-018)
dener    0    5  0.22595579E+01
diis_mat    1    1  0.1994E-01
diis_mat    1    2  0.1335E-01
diis_mat    1    3  0.8937E-02
diis_mat    1    4  0.6003E-02
diis_mat    1    5  0.4059E-02
diis_mat    1    6 -0.1000E+01
diis_mat    2    1  0.1335E-01
diis_mat    2    2  0.9010E-02
diis_mat    2    3  0.6099E-02
diis_mat    2    4  0.4157E-02
diis_mat    2    5  0.2865E-02
diis_mat    2    6 -0.1000E+01
diis_mat    3    1  0.8937E-02
diis_mat    3    2  0.6099E-02
diis_mat    3    3  0.4189E-02
diis_mat    3    4  0.2910E-02
diis_mat    3    5  0.2054E-02
diis_mat    3    6 -0.1000E+01
diis_mat    4    1  0.6003E-02
diis_mat    4    2  0.4157E-02
diis_mat    4    3  0.2910E-02
diis_mat    4    4  0.2070E-02
diis_mat    4    5  0.1503E-02
diis_mat    4    6 -0.1000E+01
diis_mat    5    1  0.4059E-02
diis_mat    5    2  0.2865E-02
diis_mat    5    3  0.2054E-02
diis_mat    5    4  0.1503E-02
diis_mat    5    5  0.1128E-02
diis_mat    5    6 -0.1000E+01
diis_mat    6    1 -0.1000E+01
diis_mat    6    2 -0.1000E+01
diis_mat    6    3 -0.1000E+01
diis_mat    6    4 -0.1000E+01
diis_mat    6    5 -0.1000E+01
diis_mat    6    6  0.0000E+00
 csysv info           0
sol_vec    1  0.4199E+02  0.1512E-07
sol_vec    2 -0.2864E+03 -0.8077E-07
sol_vec    3  0.6878E+03  0.1604E-06
sol_vec    4 -0.7021E+03 -0.1400E-06
sol_vec    5  0.2597E+03  0.4522E-07
sol_vec    6  0.6886E-05 -0.7736E-14
 CCD energy        (1093.2208422980607,-3.24486000582852915E-010)
dener    0    6  0.30083779E+01
 CCD energy        (1093.0940601166155,-2.26698036749624811E-010)
dener    0    7 -0.12678218E+00
 CCD energy        (1093.0199278138325,-1.61189091196206427E-010)
dener    0    8 -0.74132303E-01
 CCD energy        (1092.9775067211110,-1.17103786856955434E-010)
dener    0    9 -0.42421093E-01
 CCD energy        (1092.9539243986808,-8.72577562595811036E-011)
dener    0   10 -0.23582322E-01
 CCD energy        (1092.9413232509887,-6.68905335198860186E-011)
dener    0   11 -0.12601148E-01
diis_mat    1    1  0.1551E-04
diis_mat    1    2  0.1200E-04
diis_mat    1    3  0.9598E-05
diis_mat    1    4  0.7921E-05
diis_mat    1    5  0.6717E-05
diis_mat    1    6 -0.1000E+01
diis_mat    2    1  0.1200E-04
diis_mat    2    2  0.9558E-05
diis_mat    2    3  0.7855E-05
diis_mat    2    4  0.6633E-05
diis_mat    2    5  0.5729E-05
diis_mat    2    6 -0.1000E+01
diis_mat    3    1  0.9598E-05
diis_mat    3    2  0.7855E-05
diis_mat    3    3  0.6607E-05
diis_mat    3    4  0.5686E-05
diis_mat    3    5  0.4986E-05
diis_mat    3    6 -0.1000E+01
diis_mat    4    1  0.7921E-05
diis_mat    4    2  0.6633E-05
diis_mat    4    3  0.5686E-05
diis_mat    4    4  0.4970E-05
diis_mat    4    5  0.4409E-05
diis_mat    4    6 -0.1000E+01
diis_mat    5    1  0.6717E-05
diis_mat    5    2  0.5729E-05
diis_mat    5    3  0.4986E-05
diis_mat    5    4  0.4409E-05
diis_mat    5    5  0.3947E-05
diis_mat    5    6 -0.1000E+01
diis_mat    6    1 -0.1000E+01
diis_mat    6    2 -0.1000E+01
diis_mat    6    3 -0.1000E+01
diis_mat    6    4 -0.1000E+01
diis_mat    6    5 -0.1000E+01
diis_mat    6    6  0.0000E+00
 csysv info           0
sol_vec    1  0.5325E+03  0.9208E-05
sol_vec    2 -0.2727E+04 -0.4573E-04
sol_vec    3  0.5196E+04  0.8427E-04
sol_vec    4 -0.4370E+04 -0.6835E-04
sol_vec    5  0.1369E+04  0.2059E-04
sol_vec    6 -0.8955E-08 -0.2239E-14
 CCD energy        (1092.8939301063185,-5.24971809511066667E-011)
dener    0   12 -0.47393145E-01
 CCD energy        (1092.8937468209926,-9.61254977729654764E-011)
dener    0   13 -0.18328533E-03
 CCD energy        (1092.8928757099015,-1.33445735836183248E-010)
dener    0   14 -0.87111109E-03
 CCD energy        (1092.8917792603568,-1.61637313385541765E-010)
dener    0   15 -0.10964495E-02
 CCD energy        (1092.8906898970281,-1.80654617411510839E-010)
dener    0   16 -0.10893633E-02
 CCD energy        (1092.8897119550170,-1.91668980730435353E-010)
dener    0   17 -0.97794201E-03
diis_mat    1    1 -0.3682E-08
diis_mat    1    2 -0.2601E-08
diis_mat    1    3 -0.1872E-08
diis_mat    1    4 -0.1377E-08
diis_mat    1    5 -0.1035E-08
diis_mat    1    6 -0.1000E+01
diis_mat    2    1 -0.2601E-08
diis_mat    2    2 -0.1626E-08
diis_mat    2    3 -0.1002E-08
diis_mat    2    4 -0.6039E-09
diis_mat    2    5 -0.3505E-09
diis_mat    2    6 -0.1000E+01
diis_mat    3    1 -0.1872E-08
diis_mat    3    2 -0.1002E-08
diis_mat    3    3 -0.4615E-09
diis_mat    3    4 -0.1313E-09
diis_mat    3    5  0.6549E-10
diis_mat    3    6 -0.1000E+01
diis_mat    4    1 -0.1377E-08
diis_mat    4    2 -0.6039E-09
diis_mat    4    3 -0.1313E-09
diis_mat    4    4  0.1497E-09
diis_mat    4    5  0.3092E-09
diis_mat    4    6 -0.1000E+01
diis_mat    5    1 -0.1035E-08
diis_mat    5    2 -0.3505E-09
diis_mat    5    3  0.6549E-10
diis_mat    5    4  0.3092E-09
diis_mat    5    5  0.4432E-09
diis_mat    5    6 -0.1000E+01
diis_mat    6    1 -0.1000E+01
diis_mat    6    2 -0.1000E+01
diis_mat    6    3 -0.1000E+01
diis_mat    6    4 -0.1000E+01
diis_mat    6    5 -0.1000E+01
diis_mat    6    6  0.0000E+00
 csysv info           0
sol_vec    1  0.1379E+03  0.1573E-06
sol_vec    2 -0.7390E+03 -0.8876E-06
sol_vec    3  0.1477E+04  0.1933E-05
sol_vec    4 -0.1304E+04 -0.1794E-05
sol_vec    5  0.4293E+03  0.5920E-06
sol_vec    6  0.5836E-10  0.1691E-16
 CCD energy         (1092.8861270043155,1.53889342746459384E-011)
dener    0   18 -0.35849507E-02
 CCD energy         (1092.8860312116867,8.10760919349372160E-012)
dener    0   19 -0.95792629E-04
 CCD energy        (1092.8859461080940,-8.52083238941714406E-013)
dener    0   20 -0.85103593E-04
 CCD energy        (1092.8858763457042,-9.30688424738940592E-012)
dener    0   21 -0.69762390E-04
 CCD energy        (1092.8858222906701,-1.63559601111864931E-011)
dener    0   22 -0.54055034E-04
 CCD energy        (1092.8857823552084,-2.17672817676617301E-011)
dener    0   23 -0.39935462E-04
diis_mat    1    1  0.4848E-10
diis_mat    1    2  0.4494E-10
diis_mat    1    3  0.4185E-10
diis_mat    1    4  0.3910E-10
diis_mat    1    5  0.3662E-10
diis_mat    1    6 -0.1000E+01
diis_mat    2    1  0.4494E-10
diis_mat    2    2  0.4223E-10
diis_mat    2    3  0.3971E-10
diis_mat    2    4  0.3736E-10
diis_mat    2    5  0.3517E-10
diis_mat    2    6 -0.1000E+01
diis_mat    3    1  0.4185E-10
diis_mat    3    2  0.3971E-10
diis_mat    3    3  0.3761E-10
diis_mat    3    4  0.3558E-10
diis_mat    3    5  0.3362E-10
diis_mat    3    6 -0.1000E+01
diis_mat    4    1  0.3910E-10
diis_mat    4    2  0.3736E-10
diis_mat    4    3  0.3558E-10
diis_mat    4    4  0.3379E-10
diis_mat    4    5  0.3203E-10
diis_mat    4    6 -0.1000E+01
diis_mat    5    1  0.3662E-10
diis_mat    5    2  0.3517E-10
diis_mat    5    3  0.3362E-10
diis_mat    5    4  0.3203E-10
diis_mat    5    5  0.3042E-10
diis_mat    5    6 -0.1000E+01
diis_mat    6    1 -0.1000E+01
diis_mat    6    2 -0.1000E+01
diis_mat    6    3 -0.1000E+01
diis_mat    6    4 -0.1000E+01
diis_mat    6    5 -0.1000E+01
diis_mat    6    6  0.0000E+00
 csysv info           0
sol_vec    1  0.3086E+03 -0.6634E-05
sol_vec    2 -0.1631E+04  0.3304E-04
sol_vec    3  0.3202E+04 -0.6124E-04
sol_vec    4 -0.2772E+04  0.4988E-04
sol_vec    5  0.8930E+03 -0.1505E-04
sol_vec    6 -0.1606E-12 -0.1190E-18
 CCD energy        (1092.8858337553286,-1.18068434905003729E-011)
dener    0   24  0.51400120E-04
 CCD energy        (1092.8858422005389,-1.11080929253260685E-011)
dener    0   25  0.84452103E-05
 CCD energy        (1092.8858523485278,-9.50229916522716433E-012)
dener    0   26  0.10147989E-04
 CCD energy        (1092.8858623045046,-7.66190787468412000E-012)
dener    0   27  0.99559768E-05
 CCD energy        (1092.8858712246406,-5.91334991089133888E-012)
dener    0   28  0.89201361E-05
 CCD energy        (1092.8858788281350,-4.39324072371748835E-012)
dener    0   29  0.76034942E-05
diis_mat    1    1 -0.7905E-13
diis_mat    1    2 -0.5122E-13
diis_mat    1    3 -0.3330E-13
diis_mat    1    4 -0.2173E-13
diis_mat    1    5 -0.1423E-13
diis_mat    1    6 -0.1000E+01
diis_mat    2    1 -0.5122E-13
diis_mat    2    2 -0.2414E-13
diis_mat    2    3 -0.7710E-14
diis_mat    2    4  0.2009E-14
diis_mat    2    5  0.7525E-14
diis_mat    2    6 -0.1000E+01
diis_mat    3    1 -0.3330E-13
diis_mat    3    2 -0.7710E-14
diis_mat    3    3  0.7350E-14
diis_mat    3    4  0.1578E-13
diis_mat    3    5  0.2009E-13
diis_mat    3    6 -0.1000E+01
diis_mat    4    1 -0.2173E-13
diis_mat    4    2  0.2009E-14
diis_mat    4    3  0.1578E-13
diis_mat    4    4  0.2326E-13
diis_mat    4    5  0.2680E-13
diis_mat    4    6 -0.1000E+01
diis_mat    5    1 -0.1423E-13
diis_mat    5    2  0.7525E-14
diis_mat    5    3  0.2009E-13
diis_mat    5    4  0.2680E-13
diis_mat    5    5  0.2985E-13
diis_mat    5    6 -0.1000E+01
diis_mat    6    1 -0.1000E+01
diis_mat    6    2 -0.1000E+01
diis_mat    6    3 -0.1000E+01
diis_mat    6    4 -0.1000E+01
diis_mat    6    5 -0.1000E+01
diis_mat    6    6  0.0000E+00
 csysv info           0
sol_vec    1  0.1618E+03  0.6869E-04
sol_vec    2 -0.8610E+03 -0.3533E-03
sol_vec    3  0.1707E+04  0.6745E-03
sol_vec    4 -0.1495E+04 -0.5663E-03
sol_vec    5  0.4880E+03  0.1764E-03
sol_vec    6  0.1724E-14  0.6998E-21
 CCD energy        (1092.8859062023032,-1.12371010886886041E-012)
dener    0   30  0.27374168E-04
 CCD energy        (1092.8859070954702,-8.42439575279959389E-013)
dener    0   31  0.89316694E-06
 Total execution time CCD   59.741604701965116     
 preparing to do CCD(T): 
          -8           8          -8           8          -8           8
 Total memory for lookup configs   1.1863487999999986E-002 GByte
 Total memory for channels   1.1892543999999986E-002 GByte
             89696544     2803017        1816
 Setting up vnn (NN) for hppp block
 Time to setup hppp block   6.8486623410135508     
 Total memory for vnn storage  0.72946489599999531      GByte
          12          12          12           3           3
 Total memory for lookup t3-confs   1.2188792640000019      Gbyte
 3NF with deltas: T
           9835169512   307349047         539

 proc number   0      % work  0.100000E+03

          Channel #:     1
    Row index start:     1
      Row index end:     2
 Column index start:     1
   Column index end:  ****

          Channel #:     2
    Row index start:     1
      Row index end:     2
 Column index start:     1
   Column index end:  ****

          Channel #:     3
    Row index start:     1
      Row index end:     2
 Column index start:     1
   Column index end:  ****

          Channel #:     4
    Row index start:     1
      Row index end:     2
 Column index start:     1
   Column index end:  ****

          Channel #:     5
    Row index start:     1
      Row index end:     2
 Column index start:     1
   Column index end:  ****

          Channel #:     6
    Row index start:     1
      Row index end:     2
 Column index start:     1
   Column index end:  ****

          Channel #:     7
    Row index start:     1
      Row index end:     2
 Column index start:     1
   Column index end:  ****

          Channel #:     8
    Row index start:     1
      Row index end:     2
 Column index start:     1
   Column index end:  ****

          Channel #:     9
    Row index start:     1
      Row index end:     2
 Column index start:     1
   Column index end:  ****

          Channel #:    10
    Row index start:     1
      Row index end:     2
 Column index start:     1
   Column index end:  ****

          Channel #:    11
    Row index start:     1
      Row index end:     8
 Column index start:     1
   Column index end:  ****

          Channel #:    12
    Row index start:     1
      Row index end:    12
 Column index start:     1
   Column index end:  ****

          Channel #:    13
    Row index start:     1
      Row index end:     8
 Column index start:     1
   Column index end:  ****

          Channel #:    14
    Row index start:     1
      Row index end:     2
 Column index start:     1
   Column index end:  ****

          Channel #:    15
    Row index start:     1
      Row index end:     8
 Column index start:     1
   Column index end:  ****

          Channel #:    16
    Row index start:     1
      Row index end:    18
 Column index start:     1
   Column index end:  ****

          Channel #:    17
    Row index start:     1
      Row index end:    26
 Column index start:     1
   Column index end:  ****

          Channel #:    18
    Row index start:     1
      Row index end:    18
 Column index start:     1
   Column index end:  ****

          Channel #:    19
    Row index start:     1
      Row index end:     8
 Column index start:     1
   Column index end:  ****

          Channel #:    20
    Row index start:     1
      Row index end:    12
 Column index start:     1
   Column index end:  ****

          Channel #:    21
    Row index start:     1
      Row index end:    26
 Column index start:     1
   Column index end:  ****

          Channel #:    22
    Row index start:     1
      Row index end:    36
 Column index start:     1
   Column index end:  ****

          Channel #:    23
    Row index start:     1
      Row index end:    26
 Column index start:     1
   Column index end:  ****

          Channel #:    24
    Row index start:     1
      Row index end:    12
 Column index start:     1
   Column index end:  ****

          Channel #:    25
    Row index start:     1
      Row index end:     8
 Column index start:     1
   Column index end:  ****

          Channel #:    26
    Row index start:     1
      Row index end:    18
 Column index start:     1
   Column index end:  ****

          Channel #:    27
    Row index start:     1
      Row index end:    26
 Column index start:     1
   Column index end:  ****

          Channel #:    28
    Row index start:     1
      Row index end:    18
 Column index start:     1
   Column index end:  ****

          Channel #:    29
    Row index start:     1
      Row index end:     8
 Column index start:     1
   Column index end:  ****

          Channel #:    30
    Row index start:     1
      Row index end:     2
 Column index start:     1
   Column index end:  ****

          Channel #:    31
    Row index start:     1
      Row index end:     8
 Column index start:     1
   Column index end:  ****

          Channel #:    32
    Row index start:     1
      Row index end:    12
 Column index start:     1
   Column index end:  ****

          Channel #:    33
    Row index start:     1
      Row index end:     8
 Column index start:     1
   Column index end:  ****

          Channel #:    34
    Row index start:     1
      Row index end:     2
 Column index start:     1
   Column index end:  ****

          Channel #:    35
    Row index start:     1
      Row index end:     2
 Column index start:     1
   Column index end:  ****

          Channel #:    36
    Row index start:     1
      Row index end:    12
 Column index start:     1
   Column index end:  ****

          Channel #:    37
    Row index start:     1
      Row index end:    16
 Column index start:     1
   Column index end:  ****

          Channel #:    38
    Row index start:     1
      Row index end:    12
 Column index start:     1
   Column index end:  ****

          Channel #:    39
    Row index start:     1
      Row index end:     2
 Column index start:     1
   Column index end:  ****

          Channel #:    40
    Row index start:     1
      Row index end:     2
 Column index start:     1
   Column index end:  ****

          Channel #:    41
    Row index start:     1
      Row index end:    18
 Column index start:     1
   Column index end:  ****

          Channel #:    42
    Row index start:     1
      Row index end:    44
 Column index start:     1
   Column index end:  ****

          Channel #:    43
    Row index start:     1
      Row index end:    58
 Column index start:     1
   Column index end:  ****

          Channel #:    44
    Row index start:     1
      Row index end:    44
 Column index start:     1
   Column index end:  ****

          Channel #:    45
    Row index start:     1
      Row index end:    18
 Column index start:     1
   Column index end:  ****

          Channel #:    46
    Row index start:     1
      Row index end:     2
 Column index start:     1
   Column index end:  ****

          Channel #:    47
    Row index start:     1
      Row index end:    12
 Column index start:     1
   Column index end:  ****

          Channel #:    48
    Row index start:     1
      Row index end:    44
 Column index start:     1
   Column index end:  ****

          Channel #:    49
    Row index start:     1
      Row index end:    90
 Column index start:     1
   Column index end:  ****

          Channel #:    50
    Row index start:     1
      Row index end:   110
 Column index start:     1
   Column index end:  ****

          Channel #:    51
    Row index start:     1
      Row index end:    90
 Column index start:     1
   Column index end:  ****

          Channel #:    52
    Row index start:     1
      Row index end:    44
 Column index start:     1
   Column index end:  ****

          Channel #:    53
    Row index start:     1
      Row index end:    12
 Column index start:     1
   Column index end:  ****

          Channel #:    54
    Row index start:     1
      Row index end:    16
 Column index start:     1
   Column index end:  ****

          Channel #:    55
    Row index start:     1
      Row index end:    58
 Column index start:     1
   Column index end:  ****

          Channel #:    56
    Row index start:     1
      Row index end:   110
 Column index start:     1
   Column index end:  ****

          Channel #:    57
    Row index start:     1
      Row index end:   138
 Column index start:     1
   Column index end:  ****

          Channel #:    58
    Row index start:     1
      Row index end:   110
 Column index start:     1
   Column index end:  ****

          Channel #:    59
    Row index start:     1
      Row index end:    58
 Column index start:     1
   Column index end:  ****

          Channel #:    60
    Row index start:     1
      Row index end:    16
 Column index start:     1
   Column index end:  ****

          Channel #:    61
    Row index start:     1
      Row index end:    12
 Column index start:     1
   Column index end:  ****

          Channel #:    62
    Row index start:     1
      Row index end:    44
 Column index start:     1
   Column index end:  ****

          Channel #:    63
    Row index start:     1
      Row index end:    90
 Column index start:     1
   Column index end:  ****
           1      140934           2
           2      142142           2
           3      140934           2
           4      142142           2
           5      143314           2
           6      142142           2
           7      140934           2
           8      142142           2
           9      140934           2
          10      165140           2
          11      171146           8
          12      172700          12
          13      171146           8
          14      165140           2
          15      171146           8
          16      177104          18
          17      178618          26
          18      177104          18
          19      171146           8
          20      172700          12
          21      178618          26
          22      180090          36
          23      178618          26
          24      172700          12
          25      171146           8
          26      177104          18
          27      178618          26
          28      177104          18
          29      171146           8
          30      165140           2
          31      171146           8
          32      172700          12
          33      171146           8
          34      165140           2
          35      175428           2
          36      181878          12
          37      183578          16
          38      181878          12
          39      175428           2
          40      175428           2
          41      189980          18
          42      196714          44
          43      198434          58
          44      196714          44
          45      189980          18
          46      175428           2
          47      181878          12
          48      196714          44
          49      203344          90
          50      205010         110
          51      203344          90
          52      196714          44
          53      181878          12
          54      183578          16
          55      198434          58
          56      205010         110
          57      206610         138
          58      205010         110
          59      198434          58
          60      183578          16
          61      181878          12
          62      196714          44
          63      203344          90
 EXECUTION TIME FOR CCD(T)   61.893795126001351     
Kf, Dens          1.60639           0.14000  CCSD(T)         -0.19552            0.00000


 ---------------------------------------------------------------------
 Boxsize   7.7828495157683539      Nmax           4
 A, Density, Kf          66  0.14000000000000001        1.6063851421796711     
 Twist averaged E0/N               (18.540460392709253,0.0000000000000000)
 Twist averaged mbpt2         (16.029095958895208,7.25313317769633511E-020)
 Twist averaged CCSD        (16.558877380234396,-1.27642359890902935E-014)
 kinetic_TF   2117.4375069729986     
  0.14000000000000001                    (18.540460392709253,0.0000000000000000)        (1092.8859070954702,-8.42439575279959389E-013)

 E/N   1.60638511      0.140000001       18.540460392709253        16.029095958895208        16.558877380234396        16.363361545184723     
#Nmax, Nucleons, 3NFnexp, 3NFCutoff: 4  66 3 450
     0.00000     0.00000     1.60639     0.14000    18.54046    16.02910    16.55888    16.36336
 ---------------------------------------------------------------------
 Total execution time for CCD code   161.92718488792889     
