Boundary Conditions PBC                                                                                                 
CC approx CCD(T)                                                                                              
 TNF: F TNF-approx:           0
 3NF Cutoff:   450.00000000000000      Nexp_3NF:           3
 NN regulator Exponent:    3.0000000000000000     
 -----------
 NN ci's
   0.0000000000000000     
   0.0000000000000000     
   0.0000000000000000     
   0.0000000000000000     
 3NF ci's
   0.0000000000000000     
   0.0000000000000000     
   0.0000000000000000     
   0.0000000000000000     
 -----------
 --------
 c1s0(-1) -0.11292668234872000     
 c1s0(0) -0.11292668234872000     
 c1s0(1) -0.11292668234872000     
 c3s1(-1)  -8.7339820926559994E-002
 c3s1(0)  -8.7339820926559994E-002
 c3s1(1)  -8.7339820926559994E-002
 --------
 -----------
 NLO contacts PW
   0.0000000000000000     
   0.0000000000000000     
   0.0000000000000000     
   0.0000000000000000     
   0.0000000000000000     
   0.0000000000000000     
   0.0000000000000000     
 ----------
          C1            0.0000000000000000
          C2            0.0000000000000000
          C3           -0.0000000000000000
          C4           -0.0000000000000000
          C5           -0.0000000000000000
          C6            0.0000000000000000
          C7           -0.0000000000000000
          D1           -0.3771581126597507
          D2           -0.9305750209334183
          D3            2.1195254080520742
          D4           -2.1246309930064329
          D5           -0.0131882077354610
          D6            0.6645429882213397
          D7            0.7806033045976430
          D8           -0.4752342494327860
          D9            0.0920642557695526
         D10           -0.0312443369241453
         D11            0.0232036046033312
         D12           -0.3040203100732521
         D13           -0.2963726204319913
         D14            1.4856672935233888
         D15           -0.3992014237014200

   3NF LECs:
          C1            0.0000000000000000
          C3            0.0000000000000000
          C4            0.0000000000000000
          cE            0.0000000000000000
          cD            0.0000000000000000

 delta_chiral_order           0
 delta cutoff   450.00000000000000     
 Boxsize   5.4848065524326177     
 Density  0.40000000000000002     
 K_f   2.2794338699886398     
 Nmax           4
 Total number of states        1458
 K-mesh   0.0000000000000000     
 K-mesh  -1.1455618802805116     
 K-mesh   1.1455618802805116     
 K-mesh  -2.2911237605610233     
 K-mesh   2.2911237605610233     
 K-mesh  -3.4366856408415352     
 K-mesh   3.4366856408415352     
 K-mesh  -4.5822475211220466     
 K-mesh   4.5822475211220466     
   0.0000000000000000        5.4848065524326177     
   0.0000000000000000        5.4848065524326177     
   0.0000000000000000        5.4848065524326177     
   0.0000000000000000        5.4848065524326177     
 Kz-mesh   0.0000000000000000     
 Kz-mesh  -1.1455618802805116     
 Kz-mesh   1.1455618802805116     
 Kz-mesh  -2.2911237605610233     
 Kz-mesh   2.2911237605610233     
 Kz-mesh  -3.4366856408415352     
 Kz-mesh   3.4366856408415352     
 Kz-mesh  -4.5822475211220466     
 Kz-mesh   4.5822475211220466     
 KY-mesh   0.0000000000000000     
 KY-mesh  -1.1455618802805116     
 KY-mesh   1.1455618802805116     
 KY-mesh  -2.2911237605610233     
 KY-mesh   2.2911237605610233     
 KY-mesh  -3.4366856408415352     
 KY-mesh   3.4366856408415352     
 KY-mesh  -4.5822475211220466     
 KY-mesh   4.5822475211220466     
           4           4           4          -1           1           1           1
 nkmin, nkmax           4           4           4
 Occupied j-orbits
     1       0.000000000        0   0   0  -1   1 hole      
     2       0.000000000        0   0   0   1   1 hole      
     3       27.19275224        1   0   0  -1   1 hole      
     4       27.19275224        1   0   0   1   1 hole      
     5       27.19275224        0   0  -1  -1   1 hole      
     6       27.19275224        0   0  -1   1   1 hole      
     7       27.19275224        0  -1   0  -1   1 hole      
     8       27.19275224        0  -1   0   1   1 hole      
     9       27.19275224       -1   0   0  -1   1 hole      
    10       27.19275224       -1   0   0   1   1 hole      
    11       27.19275224        0   1   0  -1   1 hole      
    12       27.19275224        0   1   0   1   1 hole      
    13       27.19275224        0   0   1  -1   1 hole      
    14       27.19275224        0   0   1   1   1 hole      
    15       54.38550448        0  -1  -1  -1   1 hole      
    16       54.38550448        0  -1  -1   1   1 hole      
    17       54.38550448        1  -1   0  -1   1 hole      
    18       54.38550448        1  -1   0   1   1 hole      
    19       54.38550448        1   0  -1  -1   1 hole      
    20       54.38550448        1   0  -1   1   1 hole      
    21       54.38550448        0   1  -1  -1   1 hole      
    22       54.38550448        0   1  -1   1   1 hole      
    23       54.38550448        1   1   0  -1   1 hole      
    24       54.38550448        1   1   0   1   1 hole      
    25       54.38550448       -1   1   0  -1   1 hole      
    26       54.38550448       -1   1   0   1   1 hole      
    27       54.38550448        0   1   1  -1   1 hole      
    28       54.38550448        0   1   1   1   1 hole      
    29       54.38550448        1   0   1  -1   1 hole      
    30       54.38550448        1   0   1   1   1 hole      
    31       54.38550448        0  -1   1  -1   1 hole      
    32       54.38550448        0  -1   1   1   1 hole      
    33       54.38550448       -1   0   1  -1   1 hole      
    34       54.38550448       -1   0   1   1   1 hole      
    35       54.38550448       -1  -1   0  -1   1 hole      
    36       54.38550448       -1  -1   0   1   1 hole      
    37       54.38550448       -1   0  -1  -1   1 hole      
    38       54.38550448       -1   0  -1   1   1 hole      
    39       81.57825672        1  -1   1  -1   1 hole      
    40       81.57825672        1  -1   1   1   1 hole      
    41       81.57825672       -1   1   1  -1   1 hole      
    42       81.57825672       -1   1   1   1   1 hole      
    43       81.57825672        1   1   1  -1   1 hole      
    44       81.57825672        1   1   1   1   1 hole      
    45       81.57825672       -1   1  -1  -1   1 hole      
    46       81.57825672       -1   1  -1   1   1 hole      
    47       81.57825672       -1  -1   1  -1   1 hole      
    48       81.57825672       -1  -1   1   1   1 hole      
    49       81.57825672       -1  -1  -1  -1   1 hole      
    50       81.57825672       -1  -1  -1   1   1 hole      
    51       81.57825672        1  -1  -1  -1   1 hole      
    52       81.57825672        1  -1  -1   1   1 hole      
    53       81.57825672        1   1  -1  -1   1 hole      
    54       81.57825672        1   1  -1   1   1 hole      
    55       108.7710090        0   2   0  -1   1 hole      
    56       108.7710090        0   2   0   1   1 hole      
    57       108.7710090        0   0   2  -1   1 hole      
    58       108.7710090        0   0   2   1   1 hole      
    59       108.7710090       -2   0   0  -1   1 hole      
    60       108.7710090       -2   0   0   1   1 hole      
    61       108.7710090        0   0  -2  -1   1 hole      
    62       108.7710090        0   0  -2   1   1 hole      
    63       108.7710090        0  -2   0  -1   1 hole      
    64       108.7710090        0  -2   0   1   1 hole      
    65       108.7710090        2   0   0  -1   1 hole      
    66       108.7710090        2   0   0   1   1 hole      
 Unoccupied j-orbits
    67       135.9637612       -1  -2   0  -1   1 particle  
    68       135.9637612       -1  -2   0   1   1 particle  
    69       135.9637612        0  -2  -1  -1   1 particle  
    70       135.9637612        0  -2  -1   1   1 particle  
    71       135.9637612       -1   2   0  -1   1 particle  
    72       135.9637612       -1   2   0   1   1 particle  
    73       135.9637612        0   2   1  -1   1 particle  
    74       135.9637612        0   2   1   1   1 particle  
    75       135.9637612       -1   0  -2  -1   1 particle  
    76       135.9637612       -1   0  -2   1   1 particle  
    77       135.9637612        0  -1   2  -1   1 particle  
 Sz and Tz for vacuum state   0.0000000000000000        66.000000000000000     
          -8           8          -8           8          -8           8
 Total memory for lookup configs   5.6901119999999113E-003 GByte
 Total memory for channels   4.0880000000000002E-005 GByte
              8067968      252124         185
              8067968      252124        1816
 Setting up vnn for hhhh block
 Time to setup hhhh block  0.21800486498977989     
 Setting up vnn for hhhp block
 Time to setup hhhp block  0.44286748091690242     
 Setting up vnn for hhpp block
 Time to setup hhpp block   1.8205404439941049     
 Setting up vnn for hphp block
 Time to setup hphp block   1.0854194910498336     
 Setting up vnn for pppp block
 Time to setup pppp block   17.561568334000185     
 Total memory for vnn storage  0.31066944000000035      GByte
          -8           8          -8           8          -8           8
 Total memory for lookup ph configs   3.6748800000001611E-003 GByte
 Total memory for ph channels   8.7168000000000003E-005 GByte
              8067968      252124        1816
 Setting up vnn for ph hpph block
 Time to setup ph hpph block  0.15110498201102018     
 Total memory for vnn/t2 ph storage  0.25817497600000122      GByte
 kinetic energy =               (4242.0693496250015,0.0000000000000000)
 below_ef =          66
 Vacuum expectation value               (2124.6847464519969,0.0000000000000000)
 here we go...
 here we go...
 here we go...
 here we go...
 here we go...
 here we go...
 here we go...
 here we go...
 here we go...
 Total memory for t2 storage  0.25817497600000017      GByte
 here we go...
 here we go...
 here we go...
 here we go...
 here we go...
 here we go...
 here we go...
 here we go...
 here we go...
 here we go...
 here we go...
 here we go...
 here we go...
 here we go...
 here we go...
 here we go...
 here we go...
 here we go...
 here we go...
 here we go...
 here we go...
 here we go...
 here we go...
 CCD energy        (2075.3984249573177,-1.65046742795239979E-017)
 diis space     8067968
 Storage of diis vectors  0.90361241599999997      Gb
 CCD energy        (2078.3431839574878,-2.33431018756236037E-018)
dener    0    1  0.29447590E+01
 CCD energy        (2080.2599783520063,-1.80641165961236948E-017)
dener    0    2  0.19167944E+01
 CCD energy        (2081.5023496728131,-1.13630726788295683E-017)
dener    0    3  0.12423713E+01
 CCD energy         (2082.3036405472076,5.82332658929155627E-018)
dener    0    4  0.80129087E+00
 CCD energy         (2082.8172567993297,5.35922906634945259E-019)
dener    0    5  0.51361625E+00
diis_mat    1    1  0.3040E-02
diis_mat    1    2  0.1990E-02
diis_mat    1    3  0.1308E-02
diis_mat    1    4  0.8646E-03
diis_mat    1    5  0.5756E-03
diis_mat    1    6 -0.1000E+01
diis_mat    2    1  0.1990E-02
diis_mat    2    2  0.1312E-02
diis_mat    2    3  0.8696E-03
diis_mat    2    4  0.5806E-03
diis_mat    2    5  0.3911E-03
diis_mat    2    6 -0.1000E+01
diis_mat    3    1  0.1308E-02
diis_mat    3    2  0.8696E-03
diis_mat    3    3  0.5822E-03
diis_mat    3    4  0.3933E-03
diis_mat    3    5  0.2687E-03
diis_mat    3    6 -0.1000E+01
diis_mat    4    1  0.8646E-03
diis_mat    4    2  0.5806E-03
diis_mat    4    3  0.3933E-03
diis_mat    4    4  0.2694E-03
diis_mat    4    5  0.1869E-03
diis_mat    4    6 -0.1000E+01
diis_mat    5    1  0.5756E-03
diis_mat    5    2  0.3911E-03
diis_mat    5    3  0.2687E-03
diis_mat    5    4  0.1869E-03
diis_mat    5    5  0.1319E-03
diis_mat    5    6 -0.1000E+01
diis_mat    6    1 -0.1000E+01
diis_mat    6    2 -0.1000E+01
diis_mat    6    3 -0.1000E+01
diis_mat    6    4 -0.1000E+01
diis_mat    6    5 -0.1000E+01
diis_mat    6    6  0.0000E+00
 csysv info           0
sol_vec    1  0.1407E+02  0.1507E-07
sol_vec    2 -0.9226E+02 -0.7863E-07
sol_vec    3  0.2221E+03  0.1527E-06
sol_vec    4 -0.2333E+03 -0.1305E-06
sol_vec    5  0.9037E+02  0.4145E-07
sol_vec    6  0.3856E-07 -0.3277E-16
 CCD energy        (2083.5883504943299,-2.16267888502241174E-011)
dener    0    6  0.77109369E+00
 CCD energy        (2083.5912840080814,-1.42718942400196452E-011)
dener    0    7  0.29335138E-02
 CCD energy        (2083.5933443403546,-9.43511245576809800E-012)
dener    0    8  0.20603323E-02
 CCD energy        (2083.5948038223473,-6.24962819899771687E-012)
dener    0    9  0.14594820E-02
 CCD energy        (2083.5958467850219,-4.14850477519951559E-012)
dener    0   10  0.10429627E-02
 CCD energy        (2083.5965986672345,-2.76047982803521109E-012)
dener    0   11  0.75188221E-03
diis_mat    1    1  0.2326E-07
diis_mat    1    2  0.1822E-07
diis_mat    1    3  0.1435E-07
diis_mat    1    4  0.1135E-07
diis_mat    1    5  0.9008E-08
diis_mat    1    6 -0.1000E+01
diis_mat    2    1  0.1822E-07
diis_mat    2    2  0.1434E-07
diis_mat    2    3  0.1133E-07
diis_mat    2    4  0.8986E-08
diis_mat    2    5  0.7154E-08
diis_mat    2    6 -0.1000E+01
diis_mat    3    1  0.1435E-07
diis_mat    3    2  0.1133E-07
diis_mat    3    3  0.8979E-08
diis_mat    3    4  0.7144E-08
diis_mat    3    5  0.5702E-08
diis_mat    3    6 -0.1000E+01
diis_mat    4    1  0.1135E-07
diis_mat    4    2  0.8986E-08
diis_mat    4    3  0.7144E-08
diis_mat    4    4  0.5698E-08
diis_mat    4    5  0.4558E-08
diis_mat    4    6 -0.1000E+01
diis_mat    5    1  0.9008E-08
diis_mat    5    2  0.7154E-08
diis_mat    5    3  0.5702E-08
diis_mat    5    4  0.4558E-08
diis_mat    5    5  0.3654E-08
diis_mat    5    6 -0.1000E+01
diis_mat    6    1 -0.1000E+01
diis_mat    6    2 -0.1000E+01
diis_mat    6    3 -0.1000E+01
diis_mat    6    4 -0.1000E+01
diis_mat    6    5 -0.1000E+01
diis_mat    6    6  0.0000E+00
 csysv info           0
sol_vec    1  0.6743E+02  0.4658E-09
sol_vec    2 -0.3717E+03  0.9648E-08
sol_vec    3  0.7657E+03 -0.3947E-07
sol_vec    4 -0.6982E+03  0.4930E-07
sol_vec    5  0.2379E+03 -0.1994E-07
sol_vec    6  0.1316E-12  0.1531E-20
 CCD energy        (2083.5987750962281,-1.08517266796492826E-013)
dener    0   12  0.21764290E-02
 CCD energy        (2083.5987625505122,-6.70102978906429704E-014)
dener    0   13 -0.12545716E-04
 CCD energy        (2083.5987538559070,-4.01959002658894823E-014)
dener    0   14 -0.86946055E-05
 CCD energy        (2083.5987477876406,-2.30455508563258675E-014)
dener    0   15 -0.60682664E-05
 CCD energy        (2083.5987435201400,-1.22283899518604873E-014)
dener    0   16 -0.42675003E-05
 CCD energy        (2083.5987404945790,-5.54097807059015938E-015)
dener    0   17 -0.30255614E-05
diis_mat    1    1  0.7534E-13
diis_mat    1    2  0.5685E-13
diis_mat    1    3  0.4328E-13
diis_mat    1    4  0.3323E-13
diis_mat    1    5  0.2571E-13
diis_mat    1    6 -0.1000E+01
diis_mat    2    1  0.5685E-13
diis_mat    2    2  0.4323E-13
diis_mat    2    3  0.3315E-13
diis_mat    2    4  0.2562E-13
diis_mat    2    5  0.1994E-13
diis_mat    2    6 -0.1000E+01
diis_mat    3    1  0.4328E-13
diis_mat    3    2  0.3315E-13
diis_mat    3    3  0.2559E-13
diis_mat    3    4  0.1990E-13
diis_mat    3    5  0.1558E-13
diis_mat    3    6 -0.1000E+01
diis_mat    4    1  0.3323E-13
diis_mat    4    2  0.2562E-13
diis_mat    4    3  0.1990E-13
diis_mat    4    4  0.1556E-13
diis_mat    4    5  0.1224E-13
diis_mat    4    6 -0.1000E+01
diis_mat    5    1  0.2571E-13
diis_mat    5    2  0.1994E-13
diis_mat    5    3  0.1558E-13
diis_mat    5    4  0.1224E-13
diis_mat    5    5  0.9669E-14
diis_mat    5    6 -0.1000E+01
diis_mat    6    1 -0.1000E+01
diis_mat    6    2 -0.1000E+01
diis_mat    6    3 -0.1000E+01
diis_mat    6    4 -0.1000E+01
diis_mat    6    5 -0.1000E+01
diis_mat    6    6  0.0000E+00
 csysv info           0
sol_vec    1  0.7516E+02 -0.4713E-04
sol_vec    2 -0.4110E+03  0.2428E-03
sol_vec    3  0.8396E+03 -0.4651E-03
sol_vec    4 -0.7595E+03  0.3925E-03
sol_vec    5  0.2568E+03 -0.1231E-03
sol_vec    6  0.3344E-18  0.2727E-23
 CCD energy         (2083.5987320182967,1.27212295592116312E-013)
dener    0   18 -0.84762822E-05
 CCD energy         (2083.5987320352674,9.01710146975838068E-014)
dener    0   19  0.16970930E-07
 Total execution time CCD   44.528823685017414     
 preparing to do CCD(T): 
          -8           8          -8           8          -8           8
 Total memory for lookup configs   1.1863487999999986E-002 GByte
 Total memory for channels   1.1892543999999986E-002 GByte
             89696544     2803017        1816
 Setting up vnn (NN) for hppp block
 Time to setup hppp block   6.7720091430237517     
 Total memory for vnn storage  0.72946489599999531      GByte
          12          12          12           3           3
 Total memory for lookup t3-confs   1.2188792640000019      Gbyte
 3NF with deltas: T
           9835169512   307349047         539

 proc number   0      % work  0.100000E+03

          Channel #:     1
    Row index start:     1
      Row index end:     2
 Column index start:     1
   Column index end:  ****

          Channel #:     2
    Row index start:     1
      Row index end:     2
 Column index start:     1
   Column index end:  ****

          Channel #:     3
    Row index start:     1
      Row index end:     2
 Column index start:     1
   Column index end:  ****

          Channel #:     4
    Row index start:     1
      Row index end:     2
 Column index start:     1
   Column index end:  ****

          Channel #:     5
    Row index start:     1
      Row index end:     2
 Column index start:     1
   Column index end:  ****

          Channel #:     6
    Row index start:     1
      Row index end:     2
 Column index start:     1
   Column index end:  ****

          Channel #:     7
    Row index start:     1
      Row index end:     2
 Column index start:     1
   Column index end:  ****

          Channel #:     8
    Row index start:     1
      Row index end:     2
 Column index start:     1
   Column index end:  ****

          Channel #:     9
    Row index start:     1
      Row index end:     2
 Column index start:     1
   Column index end:  ****

          Channel #:    10
    Row index start:     1
      Row index end:     2
 Column index start:     1
   Column index end:  ****

          Channel #:    11
    Row index start:     1
      Row index end:     8
 Column index start:     1
   Column index end:  ****

          Channel #:    12
    Row index start:     1
      Row index end:    12
 Column index start:     1
   Column index end:  ****

          Channel #:    13
    Row index start:     1
      Row index end:     8
 Column index start:     1
   Column index end:  ****

          Channel #:    14
    Row index start:     1
      Row index end:     2
 Column index start:     1
   Column index end:  ****

          Channel #:    15
    Row index start:     1
      Row index end:     8
 Column index start:     1
   Column index end:  ****

          Channel #:    16
    Row index start:     1
      Row index end:    18
 Column index start:     1
   Column index end:  ****

          Channel #:    17
    Row index start:     1
      Row index end:    26
 Column index start:     1
   Column index end:  ****

          Channel #:    18
    Row index start:     1
      Row index end:    18
 Column index start:     1
   Column index end:  ****

          Channel #:    19
    Row index start:     1
      Row index end:     8
 Column index start:     1
   Column index end:  ****

          Channel #:    20
    Row index start:     1
      Row index end:    12
 Column index start:     1
   Column index end:  ****

          Channel #:    21
    Row index start:     1
      Row index end:    26
 Column index start:     1
   Column index end:  ****

          Channel #:    22
    Row index start:     1
      Row index end:    36
 Column index start:     1
   Column index end:  ****

          Channel #:    23
    Row index start:     1
      Row index end:    26
 Column index start:     1
   Column index end:  ****

          Channel #:    24
    Row index start:     1
      Row index end:    12
 Column index start:     1
   Column index end:  ****

          Channel #:    25
    Row index start:     1
      Row index end:     8
 Column index start:     1
   Column index end:  ****

          Channel #:    26
    Row index start:     1
      Row index end:    18
 Column index start:     1
   Column index end:  ****

          Channel #:    27
    Row index start:     1
      Row index end:    26
 Column index start:     1
   Column index end:  ****

          Channel #:    28
    Row index start:     1
      Row index end:    18
 Column index start:     1
   Column index end:  ****

          Channel #:    29
    Row index start:     1
      Row index end:     8
 Column index start:     1
   Column index end:  ****

          Channel #:    30
    Row index start:     1
      Row index end:     2
 Column index start:     1
   Column index end:  ****

          Channel #:    31
    Row index start:     1
      Row index end:     8
 Column index start:     1
   Column index end:  ****

          Channel #:    32
    Row index start:     1
      Row index end:    12
 Column index start:     1
   Column index end:  ****

          Channel #:    33
    Row index start:     1
      Row index end:     8
 Column index start:     1
   Column index end:  ****

          Channel #:    34
    Row index start:     1
      Row index end:     2
 Column index start:     1
   Column index end:  ****

          Channel #:    35
    Row index start:     1
      Row index end:     2
 Column index start:     1
   Column index end:  ****

          Channel #:    36
    Row index start:     1
      Row index end:    12
 Column index start:     1
   Column index end:  ****

          Channel #:    37
    Row index start:     1
      Row index end:    16
 Column index start:     1
   Column index end:  ****

          Channel #:    38
    Row index start:     1
      Row index end:    12
 Column index start:     1
   Column index end:  ****

          Channel #:    39
    Row index start:     1
      Row index end:     2
 Column index start:     1
   Column index end:  ****

          Channel #:    40
    Row index start:     1
      Row index end:     2
 Column index start:     1
   Column index end:  ****

          Channel #:    41
    Row index start:     1
      Row index end:    18
 Column index start:     1
   Column index end:  ****

          Channel #:    42
    Row index start:     1
      Row index end:    44
 Column index start:     1
   Column index end:  ****

          Channel #:    43
    Row index start:     1
      Row index end:    58
 Column index start:     1
   Column index end:  ****

          Channel #:    44
    Row index start:     1
      Row index end:    44
 Column index start:     1
   Column index end:  ****

          Channel #:    45
    Row index start:     1
      Row index end:    18
 Column index start:     1
   Column index end:  ****

          Channel #:    46
    Row index start:     1
      Row index end:     2
 Column index start:     1
   Column index end:  ****

          Channel #:    47
    Row index start:     1
      Row index end:    12
 Column index start:     1
   Column index end:  ****

          Channel #:    48
    Row index start:     1
      Row index end:    44
 Column index start:     1
   Column index end:  ****

          Channel #:    49
    Row index start:     1
      Row index end:    90
 Column index start:     1
   Column index end:  ****

          Channel #:    50
    Row index start:     1
      Row index end:   110
 Column index start:     1
   Column index end:  ****

          Channel #:    51
    Row index start:     1
      Row index end:    90
 Column index start:     1
   Column index end:  ****

          Channel #:    52
    Row index start:     1
      Row index end:    44
 Column index start:     1
   Column index end:  ****

          Channel #:    53
    Row index start:     1
      Row index end:    12
 Column index start:     1
   Column index end:  ****

          Channel #:    54
    Row index start:     1
      Row index end:    16
 Column index start:     1
   Column index end:  ****

          Channel #:    55
    Row index start:     1
      Row index end:    58
 Column index start:     1
   Column index end:  ****

          Channel #:    56
    Row index start:     1
      Row index end:   110
 Column index start:     1
   Column index end:  ****

          Channel #:    57
    Row index start:     1
      Row index end:   138
 Column index start:     1
   Column index end:  ****

          Channel #:    58
    Row index start:     1
      Row index end:   110
 Column index start:     1
   Column index end:  ****

          Channel #:    59
    Row index start:     1
      Row index end:    58
 Column index start:     1
   Column index end:  ****

          Channel #:    60
    Row index start:     1
      Row index end:    16
 Column index start:     1
   Column index end:  ****

          Channel #:    61
    Row index start:     1
      Row index end:    12
 Column index start:     1
   Column index end:  ****

          Channel #:    62
    Row index start:     1
      Row index end:    44
 Column index start:     1
   Column index end:  ****

          Channel #:    63
    Row index start:     1
      Row index end:    90
 Column index start:     1
   Column index end:  ****
           1      140934           2
           2      142142           2
           3      140934           2
           4      142142           2
           5      143314           2
           6      142142           2
           7      140934           2
           8      142142           2
           9      140934           2
          10      165140           2
          11      171146           8
          12      172700          12
          13      171146           8
          14      165140           2
          15      171146           8
          16      177104          18
          17      178618          26
          18      177104          18
          19      171146           8
          20      172700          12
          21      178618          26
          22      180090          36
          23      178618          26
          24      172700          12
          25      171146           8
          26      177104          18
          27      178618          26
          28      177104          18
          29      171146           8
          30      165140           2
          31      171146           8
          32      172700          12
          33      171146           8
          34      165140           2
          35      175428           2
          36      181878          12
          37      183578          16
          38      181878          12
          39      175428           2
          40      175428           2
          41      189980          18
          42      196714          44
          43      198434          58
          44      196714          44
          45      189980          18
          46      175428           2
          47      181878          12
          48      196714          44
          49      203344          90
          50      205010         110
          51      203344          90
          52      196714          44
          53      181878          12
          54      183578          16
          55      198434          58
          56      205010         110
          57      206610         138
          58      205010         110
          59      198434          58
          60      183578          16
          61      181878          12
          62      196714          44
          63      203344          90
 EXECUTION TIME FOR CCD(T)   61.528289261041209     
Kf, Dens          2.27943           0.40000  CCSD(T)         -0.03820            0.00000


 ---------------------------------------------------------------------
 Boxsize   5.4848065524326177      Nmax           4
 A, Density, Kf          66  0.40000000000000002        2.2794338699886398     
 Twist averaged E0/N               (32.192193128060559,0.0000000000000000)
 Twist averaged mbpt2        (31.445430681171480,-2.50070822417030266E-019)
 Twist averaged CCSD         (31.569677758110114,1.36622749541793651E-015)
 kinetic_TF   4263.4899023192738     
  0.40000000000000002                    (32.192193128060559,0.0000000000000000)         (2083.5987320352674,9.01710146975838068E-014)

 E/N   2.27943397      0.400000006       32.192193128060559        31.445430681171480        31.569677758110114        31.531478888643072     
#Nmax, Nucleons, 3NFnexp, 3NFCutoff: 4  66 3 450
     0.00000     0.00000     2.27943     0.40000    32.19219    31.44543    31.56968    31.53148
 ---------------------------------------------------------------------
 Total execution time for CCD code   146.58119767496828     
