Boundary Conditions PBC                                                                                                 
CC approx CCD(T)                                                                                              
 TNF: F TNF-approx:           0
 3NF Cutoff:   450.00000000000000      Nexp_3NF:           3
 NN regulator Exponent:    3.0000000000000000     
 -----------
 NN ci's
   0.0000000000000000     
   0.0000000000000000     
   0.0000000000000000     
   0.0000000000000000     
 3NF ci's
   0.0000000000000000     
   0.0000000000000000     
   0.0000000000000000     
   0.0000000000000000     
 -----------
 --------
 c1s0(-1) -0.11292668234872000     
 c1s0(0) -0.11292668234872000     
 c1s0(1) -0.11292668234872000     
 c3s1(-1)  -8.7339820926559994E-002
 c3s1(0)  -8.7339820926559994E-002
 c3s1(1)  -8.7339820926559994E-002
 --------
 -----------
 NLO contacts PW
   0.0000000000000000     
   0.0000000000000000     
   0.0000000000000000     
   0.0000000000000000     
   0.0000000000000000     
   0.0000000000000000     
   0.0000000000000000     
 ----------
          C1            0.0000000000000000
          C2            0.0000000000000000
          C3           -0.0000000000000000
          C4           -0.0000000000000000
          C5           -0.0000000000000000
          C6            0.0000000000000000
          C7           -0.0000000000000000
          D1           -0.3771581126597507
          D2           -0.9305750209334183
          D3            2.1195254080520742
          D4           -2.1246309930064329
          D5           -0.0131882077354610
          D6            0.6645429882213397
          D7            0.7806033045976430
          D8           -0.4752342494327860
          D9            0.0920642557695526
         D10           -0.0312443369241453
         D11            0.0232036046033312
         D12           -0.3040203100732521
         D13           -0.2963726204319913
         D14            1.4856672935233888
         D15           -0.3992014237014200

   3NF LECs:
          C1            0.0000000000000000
          C3            0.0000000000000000
          C4            0.0000000000000000
          cE            0.0000000000000000
          cD            0.0000000000000000

 delta_chiral_order           0
 delta cutoff   450.00000000000000     
 Boxsize   6.0368107367976851     
 Density  0.29999999999999999     
 K_f   2.0710031125777077     
 Nmax           4
 Total number of states        1458
 K-mesh   0.0000000000000000     
 K-mesh  -1.0408120415106119     
 K-mesh   1.0408120415106119     
 K-mesh  -2.0816240830212238     
 K-mesh   2.0816240830212238     
 K-mesh  -3.1224361245318359     
 K-mesh   3.1224361245318359     
 K-mesh  -4.1632481660424476     
 K-mesh   4.1632481660424476     
   0.0000000000000000        6.0368107367976851     
   0.0000000000000000        6.0368107367976851     
   0.0000000000000000        6.0368107367976851     
   0.0000000000000000        6.0368107367976851     
 Kz-mesh   0.0000000000000000     
 Kz-mesh  -1.0408120415106119     
 Kz-mesh   1.0408120415106119     
 Kz-mesh  -2.0816240830212238     
 Kz-mesh   2.0816240830212238     
 Kz-mesh  -3.1224361245318359     
 Kz-mesh   3.1224361245318359     
 Kz-mesh  -4.1632481660424476     
 Kz-mesh   4.1632481660424476     
 KY-mesh   0.0000000000000000     
 KY-mesh  -1.0408120415106119     
 KY-mesh   1.0408120415106119     
 KY-mesh  -2.0816240830212238     
 KY-mesh   2.0816240830212238     
 KY-mesh  -3.1224361245318359     
 KY-mesh   3.1224361245318359     
 KY-mesh  -4.1632481660424476     
 KY-mesh   4.1632481660424476     
           4           4           4          -1           1           1           1
 nkmin, nkmax           4           4           4
 Occupied j-orbits
     1       0.000000000        0   0   0  -1   1 hole      
     2       0.000000000        0   0   0   1   1 hole      
     3       22.44712240        0   0  -1  -1   1 hole      
     4       22.44712240        0   0  -1   1   1 hole      
     5       22.44712240       -1   0   0  -1   1 hole      
     6       22.44712240       -1   0   0   1   1 hole      
     7       22.44712240        0  -1   0  -1   1 hole      
     8       22.44712240        0  -1   0   1   1 hole      
     9       22.44712240        0   1   0  -1   1 hole      
    10       22.44712240        0   1   0   1   1 hole      
    11       22.44712240        0   0   1  -1   1 hole      
    12       22.44712240        0   0   1   1   1 hole      
    13       22.44712240        1   0   0  -1   1 hole      
    14       22.44712240        1   0   0   1   1 hole      
    15       44.89424480        0   1  -1  -1   1 hole      
    16       44.89424480        0   1  -1   1   1 hole      
    17       44.89424480       -1   0   1  -1   1 hole      
    18       44.89424480       -1   0   1   1   1 hole      
    19       44.89424480       -1  -1   0  -1   1 hole      
    20       44.89424480       -1  -1   0   1   1 hole      
    21       44.89424480        1   0   1  -1   1 hole      
    22       44.89424480        1   0   1   1   1 hole      
    23       44.89424480        0   1   1  -1   1 hole      
    24       44.89424480        0   1   1   1   1 hole      
    25       44.89424480       -1   1   0  -1   1 hole      
    26       44.89424480       -1   1   0   1   1 hole      
    27       44.89424480        1   0  -1  -1   1 hole      
    28       44.89424480        1   0  -1   1   1 hole      
    29       44.89424480        1  -1   0  -1   1 hole      
    30       44.89424480        1  -1   0   1   1 hole      
    31       44.89424480        0  -1  -1  -1   1 hole      
    32       44.89424480        0  -1  -1   1   1 hole      
    33       44.89424480        1   1   0  -1   1 hole      
    34       44.89424480        1   1   0   1   1 hole      
    35       44.89424480       -1   0  -1  -1   1 hole      
    36       44.89424480       -1   0  -1   1   1 hole      
    37       44.89424480        0  -1   1  -1   1 hole      
    38       44.89424480        0  -1   1   1   1 hole      
    39       67.34136720       -1  -1  -1  -1   1 hole      
    40       67.34136720       -1  -1  -1   1   1 hole      
    41       67.34136720        1  -1   1  -1   1 hole      
    42       67.34136720        1  -1   1   1   1 hole      
    43       67.34136720       -1   1  -1  -1   1 hole      
    44       67.34136720       -1   1  -1   1   1 hole      
    45       67.34136720        1  -1  -1  -1   1 hole      
    46       67.34136720        1  -1  -1   1   1 hole      
    47       67.34136720       -1   1   1  -1   1 hole      
    48       67.34136720       -1   1   1   1   1 hole      
    49       67.34136720       -1  -1   1  -1   1 hole      
    50       67.34136720       -1  -1   1   1   1 hole      
    51       67.34136720        1   1   1  -1   1 hole      
    52       67.34136720        1   1   1   1   1 hole      
    53       67.34136720        1   1  -1  -1   1 hole      
    54       67.34136720        1   1  -1   1   1 hole      
    55       89.78848960        2   0   0  -1   1 hole      
    56       89.78848960        2   0   0   1   1 hole      
    57       89.78848960        0   0  -2  -1   1 hole      
    58       89.78848960        0   0  -2   1   1 hole      
    59       89.78848960       -2   0   0  -1   1 hole      
    60       89.78848960       -2   0   0   1   1 hole      
    61       89.78848960        0   2   0  -1   1 hole      
    62       89.78848960        0   2   0   1   1 hole      
    63       89.78848960        0  -2   0  -1   1 hole      
    64       89.78848960        0  -2   0   1   1 hole      
    65       89.78848960        0   0   2  -1   1 hole      
    66       89.78848960        0   0   2   1   1 hole      
 Unoccupied j-orbits
    67       112.2356120       -1  -2   0  -1   1 particle  
    68       112.2356120       -1  -2   0   1   1 particle  
    69       112.2356120        2   1   0  -1   1 particle  
    70       112.2356120        2   1   0   1   1 particle  
    71       112.2356120       -1   0  -2  -1   1 particle  
    72       112.2356120       -1   0  -2   1   1 particle  
    73       112.2356120        1   0   2  -1   1 particle  
    74       112.2356120        1   0   2   1   1 particle  
    75       112.2356120        1   0  -2  -1   1 particle  
    76       112.2356120        1   0  -2   1   1 particle  
    77       112.2356120        0   2  -1  -1   1 particle  
 Sz and Tz for vacuum state   0.0000000000000000        66.000000000000000     
          -8           8          -8           8          -8           8
 Total memory for lookup configs   5.6901119999999113E-003 GByte
 Total memory for channels   4.0880000000000002E-005 GByte
              8067968      252124         185
              8067968      252124        1816
 Setting up vnn for hhhh block
 Time to setup hhhh block  0.21692343102768064     
 Setting up vnn for hhhp block
 Time to setup hhhp block  0.43718874896876514     
 Setting up vnn for hhpp block
 Time to setup hhpp block   1.8655420349678025     
 Setting up vnn for hphp block
 Time to setup hphp block   1.0639686910435557     
 Setting up vnn for pppp block
 Time to setup pppp block   17.386252710013650     
 Total memory for vnn storage  0.31066944000000035      GByte
          -8           8          -8           8          -8           8
 Total memory for lookup ph configs   3.6748800000001611E-003 GByte
 Total memory for ph channels   8.7168000000000003E-005 GByte
              8067968      252124        1816
 Setting up vnn for ph hpph block
 Time to setup ph hpph block  0.15526657900772989     
 Total memory for vnn/t2 ph storage  0.25817497600000122      GByte
 kinetic energy =               (3501.7510943068737,0.0000000000000000)
 below_ef =          66
 Vacuum expectation value               (1811.5746557356995,0.0000000000000000)
 here we go...
 here we go...
 here we go...
 here we go...
 here we go...
 here we go...
 here we go...
 here we go...
 here we go...
 here we go...
 here we go...
 here we go...
 here we go...
 here we go...
 Total memory for t2 storage  0.25817497600000017      GByte
 here we go...
 here we go...
 here we go...
 here we go...
 here we go...
 here we go...
 here we go...
 here we go...
 here we go...
 here we go...
 here we go...
 here we go...
 here we go...
 here we go...
 here we go...
 here we go...
 here we go...
 here we go...
 CCD energy        (1730.3030284512483,-9.27350263320947945E-018)
 diis space     8067968
 Storage of diis vectors  0.90361241599999997      Gb
 CCD energy         (1736.2038942184779,1.09826680134403497E-017)
dener    0    1  0.59008658E+01
 CCD energy         (1740.0358966613071,4.39021070042100317E-018)
dener    0    2  0.38320024E+01
 CCD energy        (1742.5115846931094,-1.13616002086820681E-017)
dener    0    3  0.24756880E+01
 CCD energy        (1744.1027563829844,-1.54964444433581053E-017)
dener    0    4  0.15911717E+01
 CCD energy        (1745.1194600622107,-2.56630591247211711E-018)
dener    0    5  0.10167037E+01
diis_mat    1    1  0.7136E-02
diis_mat    1    2  0.4649E-02
diis_mat    1    3  0.3031E-02
diis_mat    1    4  0.1982E-02
diis_mat    1    5  0.1301E-02
diis_mat    1    6 -0.1000E+01
diis_mat    2    1  0.4649E-02
diis_mat    2    2  0.3043E-02
diis_mat    2    3  0.1996E-02
diis_mat    2    4  0.1315E-02
diis_mat    2    5  0.8714E-03
diis_mat    2    6 -0.1000E+01
diis_mat    3    1  0.3031E-02
diis_mat    3    2  0.1996E-02
diis_mat    3    3  0.1319E-02
diis_mat    3    4  0.8771E-03
diis_mat    3    5  0.5876E-03
diis_mat    3    6 -0.1000E+01
diis_mat    4    1  0.1982E-02
diis_mat    4    2  0.1315E-02
diis_mat    4    3  0.8771E-03
diis_mat    4    4  0.5894E-03
diis_mat    4    5  0.3999E-03
diis_mat    4    6 -0.1000E+01
diis_mat    5    1  0.1301E-02
diis_mat    5    2  0.8714E-03
diis_mat    5    3  0.5876E-03
diis_mat    5    4  0.3999E-03
diis_mat    5    5  0.2753E-03
diis_mat    5    6 -0.1000E+01
diis_mat    6    1 -0.1000E+01
diis_mat    6    2 -0.1000E+01
diis_mat    6    3 -0.1000E+01
diis_mat    6    4 -0.1000E+01
diis_mat    6    5 -0.1000E+01
diis_mat    6    6  0.0000E+00
 csysv info           0
sol_vec    1  0.1141E+02 -0.1658E-07
sol_vec    2 -0.7827E+02  0.8649E-07
sol_vec    3  0.1947E+03 -0.1682E-06
sol_vec    4 -0.2096E+03  0.1443E-06
sol_vec    5  0.8278E+02 -0.4600E-07
sol_vec    6  0.8912E-07  0.3461E-15
 CCD energy         (1746.6894349472677,1.00351024150908470E-010)
dener    0    6  0.15699749E+01
 CCD energy         (1746.6929411430542,6.63537276230033262E-011)
dener    0    7  0.35061958E-02
 CCD energy         (1746.6955453467044,4.40308555343991345E-011)
dener    0    8  0.26042037E-02
 CCD energy         (1746.6974891457201,2.93396270864654965E-011)
dener    0    9  0.19437990E-02
 CCD energy         (1746.6989470009894,1.96456644281756872E-011)
dener    0   10  0.14578553E-02
 CCD energy         (1746.7000453457849,1.32299253369589125E-011)
dener    0   11  0.10983448E-02
diis_mat    1    1  0.6313E-07
diis_mat    1    2  0.4979E-07
diis_mat    1    3  0.3953E-07
diis_mat    1    4  0.3156E-07
diis_mat    1    5  0.2532E-07
diis_mat    1    6 -0.1000E+01
diis_mat    2    1  0.4979E-07
diis_mat    2    2  0.3950E-07
diis_mat    2    3  0.3152E-07
diis_mat    2    4  0.2527E-07
diis_mat    2    5  0.2035E-07
diis_mat    2    6 -0.1000E+01
diis_mat    3    1  0.3953E-07
diis_mat    3    2  0.3152E-07
diis_mat    3    3  0.2526E-07
diis_mat    3    4  0.2032E-07
diis_mat    3    5  0.1641E-07
diis_mat    3    6 -0.1000E+01
diis_mat    4    1  0.3156E-07
diis_mat    4    2  0.2527E-07
diis_mat    4    3  0.2032E-07
diis_mat    4    4  0.1640E-07
diis_mat    4    5  0.1328E-07
diis_mat    4    6 -0.1000E+01
diis_mat    5    1  0.2532E-07
diis_mat    5    2  0.2035E-07
diis_mat    5    3  0.1641E-07
diis_mat    5    4  0.1328E-07
diis_mat    5    5  0.1077E-07
diis_mat    5    6 -0.1000E+01
diis_mat    6    1 -0.1000E+01
diis_mat    6    2 -0.1000E+01
diis_mat    6    3 -0.1000E+01
diis_mat    6    4 -0.1000E+01
diis_mat    6    5 -0.1000E+01
diis_mat    6    6  0.0000E+00
 csysv info           0
sol_vec    1  0.7210E+02  0.9173E-06
sol_vec    2 -0.3971E+03 -0.4713E-05
sol_vec    3  0.8164E+03  0.8993E-05
sol_vec    4 -0.7427E+03 -0.7555E-05
sol_vec    5  0.2523E+03  0.2357E-05
sol_vec    6  0.3297E-12 -0.5603E-19
 CCD energy         (1746.7035988647267,2.81535777705803118E-013)
dener    0   12  0.35535189E-02
 CCD energy        (1746.7035739529138,-1.20147092923613990E-013)
dener    0   13 -0.24911813E-04
 CCD energy        (1746.7035570777816,-3.17992228144743903E-013)
dener    0   14 -0.16875132E-04
 CCD energy        (1746.7035455935238,-3.96875173520537859E-013)
dener    0   15 -0.11484258E-04
 CCD energy        (1746.7035377359689,-4.09007407110522856E-013)
dener    0   16 -0.78575548E-05
 CCD energy        (1746.7035323264697,-3.86009806978727770E-013)
dener    0   17 -0.54094994E-05
diis_mat    1    1  0.1841E-12
diis_mat    1    2  0.1389E-12
diis_mat    1    3  0.1055E-12
diis_mat    1    4  0.8067E-13
diis_mat    1    5  0.6208E-13
diis_mat    1    6 -0.1000E+01
diis_mat    2    1  0.1389E-12
diis_mat    2    2  0.1054E-12
diis_mat    2    3  0.8061E-13
diis_mat    2    4  0.6201E-13
diis_mat    2    5  0.4799E-13
diis_mat    2    6 -0.1000E+01
diis_mat    3    1  0.1055E-12
diis_mat    3    2  0.8061E-13
diis_mat    3    3  0.6199E-13
diis_mat    3    4  0.4795E-13
diis_mat    3    5  0.3730E-13
diis_mat    3    6 -0.1000E+01
diis_mat    4    1  0.8067E-13
diis_mat    4    2  0.6201E-13
diis_mat    4    3  0.4795E-13
diis_mat    4    4  0.3729E-13
diis_mat    4    5  0.2915E-13
diis_mat    4    6 -0.1000E+01
diis_mat    5    1  0.6208E-13
diis_mat    5    2  0.4799E-13
diis_mat    5    3  0.3730E-13
diis_mat    5    4  0.2915E-13
diis_mat    5    5  0.2289E-13
diis_mat    5    6 -0.1000E+01
diis_mat    6    1 -0.1000E+01
diis_mat    6    2 -0.1000E+01
diis_mat    6    3 -0.1000E+01
diis_mat    6    4 -0.1000E+01
diis_mat    6    5 -0.1000E+01
diis_mat    6    6  0.0000E+00
 csysv info           0
sol_vec    1  0.8097E+02 -0.7197E-04
sol_vec    2 -0.4393E+03  0.3615E-03
sol_vec    3  0.8912E+03 -0.6761E-03
sol_vec    4 -0.8011E+03  0.5581E-03
sol_vec    5  0.2693E+03 -0.1715E-03
sol_vec    6  0.1109E-17  0.1393E-23
 CCD energy        (1746.7035188237189,-3.18614413866627999E-013)
dener    0   18 -0.13502751E-04
 CCD energy        (1746.7035188363357,-1.79984086206099431E-013)
dener    0   19  0.12616837E-07
 Total execution time CCD   39.985121974954382     
 preparing to do CCD(T): 
          -8           8          -8           8          -8           8
 Total memory for lookup configs   1.1863487999999986E-002 GByte
 Total memory for channels   1.1892543999999986E-002 GByte
             89696544     2803017        1816
 Setting up vnn (NN) for hppp block
 Time to setup hppp block   6.8781787649495527     
 Total memory for vnn storage  0.72946489599999531      GByte
          12          12          12           3           3
 Total memory for lookup t3-confs   1.2188792640000019      Gbyte
 3NF with deltas: T
           9835169512   307349047         539

 proc number   0      % work  0.100000E+03

          Channel #:     1
    Row index start:     1
      Row index end:     2
 Column index start:     1
   Column index end:  ****

          Channel #:     2
    Row index start:     1
      Row index end:     2
 Column index start:     1
   Column index end:  ****

          Channel #:     3
    Row index start:     1
      Row index end:     2
 Column index start:     1
   Column index end:  ****

          Channel #:     4
    Row index start:     1
      Row index end:     2
 Column index start:     1
   Column index end:  ****

          Channel #:     5
    Row index start:     1
      Row index end:     2
 Column index start:     1
   Column index end:  ****

          Channel #:     6
    Row index start:     1
      Row index end:     2
 Column index start:     1
   Column index end:  ****

          Channel #:     7
    Row index start:     1
      Row index end:     2
 Column index start:     1
   Column index end:  ****

          Channel #:     8
    Row index start:     1
      Row index end:     2
 Column index start:     1
   Column index end:  ****

          Channel #:     9
    Row index start:     1
      Row index end:     2
 Column index start:     1
   Column index end:  ****

          Channel #:    10
    Row index start:     1
      Row index end:     2
 Column index start:     1
   Column index end:  ****

          Channel #:    11
    Row index start:     1
      Row index end:     8
 Column index start:     1
   Column index end:  ****

          Channel #:    12
    Row index start:     1
      Row index end:    12
 Column index start:     1
   Column index end:  ****

          Channel #:    13
    Row index start:     1
      Row index end:     8
 Column index start:     1
   Column index end:  ****

          Channel #:    14
    Row index start:     1
      Row index end:     2
 Column index start:     1
   Column index end:  ****

          Channel #:    15
    Row index start:     1
      Row index end:     8
 Column index start:     1
   Column index end:  ****

          Channel #:    16
    Row index start:     1
      Row index end:    18
 Column index start:     1
   Column index end:  ****

          Channel #:    17
    Row index start:     1
      Row index end:    26
 Column index start:     1
   Column index end:  ****

          Channel #:    18
    Row index start:     1
      Row index end:    18
 Column index start:     1
   Column index end:  ****

          Channel #:    19
    Row index start:     1
      Row index end:     8
 Column index start:     1
   Column index end:  ****

          Channel #:    20
    Row index start:     1
      Row index end:    12
 Column index start:     1
   Column index end:  ****

          Channel #:    21
    Row index start:     1
      Row index end:    26
 Column index start:     1
   Column index end:  ****

          Channel #:    22
    Row index start:     1
      Row index end:    36
 Column index start:     1
   Column index end:  ****

          Channel #:    23
    Row index start:     1
      Row index end:    26
 Column index start:     1
   Column index end:  ****

          Channel #:    24
    Row index start:     1
      Row index end:    12
 Column index start:     1
   Column index end:  ****

          Channel #:    25
    Row index start:     1
      Row index end:     8
 Column index start:     1
   Column index end:  ****

          Channel #:    26
    Row index start:     1
      Row index end:    18
 Column index start:     1
   Column index end:  ****

          Channel #:    27
    Row index start:     1
      Row index end:    26
 Column index start:     1
   Column index end:  ****

          Channel #:    28
    Row index start:     1
      Row index end:    18
 Column index start:     1
   Column index end:  ****

          Channel #:    29
    Row index start:     1
      Row index end:     8
 Column index start:     1
   Column index end:  ****

          Channel #:    30
    Row index start:     1
      Row index end:     2
 Column index start:     1
   Column index end:  ****

          Channel #:    31
    Row index start:     1
      Row index end:     8
 Column index start:     1
   Column index end:  ****

          Channel #:    32
    Row index start:     1
      Row index end:    12
 Column index start:     1
   Column index end:  ****

          Channel #:    33
    Row index start:     1
      Row index end:     8
 Column index start:     1
   Column index end:  ****

          Channel #:    34
    Row index start:     1
      Row index end:     2
 Column index start:     1
   Column index end:  ****

          Channel #:    35
    Row index start:     1
      Row index end:     2
 Column index start:     1
   Column index end:  ****

          Channel #:    36
    Row index start:     1
      Row index end:    12
 Column index start:     1
   Column index end:  ****

          Channel #:    37
    Row index start:     1
      Row index end:    16
 Column index start:     1
   Column index end:  ****

          Channel #:    38
    Row index start:     1
      Row index end:    12
 Column index start:     1
   Column index end:  ****

          Channel #:    39
    Row index start:     1
      Row index end:     2
 Column index start:     1
   Column index end:  ****

          Channel #:    40
    Row index start:     1
      Row index end:     2
 Column index start:     1
   Column index end:  ****

          Channel #:    41
    Row index start:     1
      Row index end:    18
 Column index start:     1
   Column index end:  ****

          Channel #:    42
    Row index start:     1
      Row index end:    44
 Column index start:     1
   Column index end:  ****

          Channel #:    43
    Row index start:     1
      Row index end:    58
 Column index start:     1
   Column index end:  ****

          Channel #:    44
    Row index start:     1
      Row index end:    44
 Column index start:     1
   Column index end:  ****

          Channel #:    45
    Row index start:     1
      Row index end:    18
 Column index start:     1
   Column index end:  ****

          Channel #:    46
    Row index start:     1
      Row index end:     2
 Column index start:     1
   Column index end:  ****

          Channel #:    47
    Row index start:     1
      Row index end:    12
 Column index start:     1
   Column index end:  ****

          Channel #:    48
    Row index start:     1
      Row index end:    44
 Column index start:     1
   Column index end:  ****

          Channel #:    49
    Row index start:     1
      Row index end:    90
 Column index start:     1
   Column index end:  ****

          Channel #:    50
    Row index start:     1
      Row index end:   110
 Column index start:     1
   Column index end:  ****

          Channel #:    51
    Row index start:     1
      Row index end:    90
 Column index start:     1
   Column index end:  ****

          Channel #:    52
    Row index start:     1
      Row index end:    44
 Column index start:     1
   Column index end:  ****

          Channel #:    53
    Row index start:     1
      Row index end:    12
 Column index start:     1
   Column index end:  ****

          Channel #:    54
    Row index start:     1
      Row index end:    16
 Column index start:     1
   Column index end:  ****

          Channel #:    55
    Row index start:     1
      Row index end:    58
 Column index start:     1
   Column index end:  ****

          Channel #:    56
    Row index start:     1
      Row index end:   110
 Column index start:     1
   Column index end:  ****

          Channel #:    57
    Row index start:     1
      Row index end:   138
 Column index start:     1
   Column index end:  ****

          Channel #:    58
    Row index start:     1
      Row index end:   110
 Column index start:     1
   Column index end:  ****

          Channel #:    59
    Row index start:     1
      Row index end:    58
 Column index start:     1
   Column index end:  ****

          Channel #:    60
    Row index start:     1
      Row index end:    16
 Column index start:     1
   Column index end:  ****

          Channel #:    61
    Row index start:     1
      Row index end:    12
 Column index start:     1
   Column index end:  ****

          Channel #:    62
    Row index start:     1
      Row index end:    44
 Column index start:     1
   Column index end:  ****

          Channel #:    63
    Row index start:     1
      Row index end:    90
 Column index start:     1
   Column index end:  ****
           1      140934           2
           2      142142           2
           3      140934           2
           4      142142           2
           5      143314           2
           6      142142           2
           7      140934           2
           8      142142           2
           9      140934           2
          10      165140           2
          11      171146           8
          12      172700          12
          13      171146           8
          14      165140           2
          15      171146           8
          16      177104          18
          17      178618          26
          18      177104          18
          19      171146           8
          20      172700          12
          21      178618          26
          22      180090          36
          23      178618          26
          24      172700          12
          25      171146           8
          26      177104          18
          27      178618          26
          28      177104          18
          29      171146           8
          30      165140           2
          31      171146           8
          32      172700          12
          33      171146           8
          34      165140           2
          35      175428           2
          36      181878          12
          37      183578          16
          38      181878          12
          39      175428           2
          40      175428           2
          41      189980          18
          42      196714          44
          43      198434          58
          44      196714          44
          45      189980          18
          46      175428           2
          47      181878          12
          48      196714          44
          49      203344          90
          50      205010         110
          51      203344          90
          52      196714          44
          53      181878          12
          54      183578          16
          55      198434          58
          56      205010         110
          57      206610         138
          58      205010         110
          59      198434          58
          60      183578          16
          61      181878          12
          62      196714          44
          63      203344          90
 EXECUTION TIME FOR CCD(T)   61.675613296916708     
Kf, Dens          2.07100           0.30000  CCSD(T)         -0.07844            0.00000


 ---------------------------------------------------------------------
 Boxsize   6.0368107367976851      Nmax           4
 A, Density, Kf          66  0.29999999999999999        2.0710031125777077     
 Twist averaged E0/N               (27.448100844480294,0.0000000000000000)
 Twist averaged mbpt2        (26.216712552291643,-1.40507615654689089E-019)
 Twist averaged CCSD        (26.465204830853569,-2.72703160918332481E-015)
 kinetic_TF   3519.4333709637749     
  0.29999999999999999                    (27.448100844480294,0.0000000000000000)        (1746.7035188363357,-1.79984086206099431E-013)

 E/N   2.07100320      0.300000012       27.448100844480294        26.216712552291643        26.465204830853569        26.386765272983506     
#Nmax, Nucleons, 3NFnexp, 3NFCutoff: 4  66 3 450
     0.00000     0.00000     2.07100     0.30000    27.44810    26.21671    26.46520    26.38677
 ---------------------------------------------------------------------
 Total execution time for CCD code   141.86856800492387     
