Boundary Conditions PBC                                                                                                 
CC approx CCD(T)                                                                                              
 TNF: F TNF-approx:           0
 3NF Cutoff:   450.00000000000000      Nexp_3NF:           3
 NN regulator Exponent:    3.0000000000000000     
 -----------
 NN ci's
   0.0000000000000000     
   0.0000000000000000     
   0.0000000000000000     
   0.0000000000000000     
 3NF ci's
   0.0000000000000000     
   0.0000000000000000     
   0.0000000000000000     
   0.0000000000000000     
 -----------
 --------
 c1s0(-1) -0.11292668234872000     
 c1s0(0) -0.11292668234872000     
 c1s0(1) -0.11292668234872000     
 c3s1(-1)  -8.7339820926559994E-002
 c3s1(0)  -8.7339820926559994E-002
 c3s1(1)  -8.7339820926559994E-002
 --------
 -----------
 NLO contacts PW
   0.0000000000000000     
   0.0000000000000000     
   0.0000000000000000     
   0.0000000000000000     
   0.0000000000000000     
   0.0000000000000000     
   0.0000000000000000     
 ----------
          C1            0.0000000000000000
          C2            0.0000000000000000
          C3           -0.0000000000000000
          C4           -0.0000000000000000
          C5           -0.0000000000000000
          C6            0.0000000000000000
          C7           -0.0000000000000000
          D1           -0.3771581126597507
          D2           -0.9305750209334183
          D3            2.1195254080520742
          D4           -2.1246309930064329
          D5           -0.0131882077354610
          D6            0.6645429882213397
          D7            0.7806033045976430
          D8           -0.4752342494327860
          D9            0.0920642557695526
         D10           -0.0312443369241453
         D11            0.0232036046033312
         D12           -0.3040203100732521
         D13           -0.2963726204319913
         D14            1.4856672935233888
         D15           -0.3992014237014200

   3NF LECs:
          C1            0.0000000000000000
          C3            0.0000000000000000
          C4            0.0000000000000000
          cE            0.0000000000000000
          cD            0.0000000000000000

 delta_chiral_order           0
 delta cutoff   450.00000000000000     
 Boxsize   7.4440277647691362     
 Density  0.16000000000000000     
 K_f   1.6795012352211809     
 Nmax           4
 Total number of states        1458
 K-mesh   0.0000000000000000     
 K-mesh -0.84405721011902246     
 K-mesh  0.84405721011902246     
 K-mesh  -1.6881144202380449     
 K-mesh   1.6881144202380449     
 K-mesh  -2.5321716303570674     
 K-mesh   2.5321716303570674     
 K-mesh  -3.3762288404760898     
 K-mesh   3.3762288404760898     
   0.0000000000000000        7.4440277647691362     
   0.0000000000000000        7.4440277647691362     
   0.0000000000000000        7.4440277647691362     
   0.0000000000000000        7.4440277647691362     
 Kz-mesh   0.0000000000000000     
 Kz-mesh -0.84405721011902246     
 Kz-mesh  0.84405721011902246     
 Kz-mesh  -1.6881144202380449     
 Kz-mesh   1.6881144202380449     
 Kz-mesh  -2.5321716303570674     
 Kz-mesh   2.5321716303570674     
 Kz-mesh  -3.3762288404760898     
 Kz-mesh   3.3762288404760898     
 KY-mesh   0.0000000000000000     
 KY-mesh -0.84405721011902246     
 KY-mesh  0.84405721011902246     
 KY-mesh  -1.6881144202380449     
 KY-mesh   1.6881144202380449     
 KY-mesh  -2.5321716303570674     
 KY-mesh   2.5321716303570674     
 KY-mesh  -3.3762288404760898     
 KY-mesh   3.3762288404760898     
           4           4           4          -1           1           1           1
 nkmin, nkmax           4           4           4
 Occupied j-orbits
     1       0.000000000        0   0   0  -1   1 hole      
     2       0.000000000        0   0   0   1   1 hole      
     3       14.76249715       -1   0   0  -1   1 hole      
     4       14.76249715       -1   0   0   1   1 hole      
     5       14.76249715        0   0  -1  -1   1 hole      
     6       14.76249715        0   0  -1   1   1 hole      
     7       14.76249715        0  -1   0  -1   1 hole      
     8       14.76249715        0  -1   0   1   1 hole      
     9       14.76249715        0   1   0  -1   1 hole      
    10       14.76249715        0   1   0   1   1 hole      
    11       14.76249715        1   0   0  -1   1 hole      
    12       14.76249715        1   0   0   1   1 hole      
    13       14.76249715        0   0   1  -1   1 hole      
    14       14.76249715        0   0   1   1   1 hole      
    15       29.52499429        1   1   0  -1   1 hole      
    16       29.52499429        1   1   0   1   1 hole      
    17       29.52499429        0   1   1  -1   1 hole      
    18       29.52499429        0   1   1   1   1 hole      
    19       29.52499429        1  -1   0  -1   1 hole      
    20       29.52499429        1  -1   0   1   1 hole      
    21       29.52499429       -1   0  -1  -1   1 hole      
    22       29.52499429       -1   0  -1   1   1 hole      
    23       29.52499429       -1  -1   0  -1   1 hole      
    24       29.52499429       -1  -1   0   1   1 hole      
    25       29.52499429       -1   0   1  -1   1 hole      
    26       29.52499429       -1   0   1   1   1 hole      
    27       29.52499429       -1   1   0  -1   1 hole      
    28       29.52499429       -1   1   0   1   1 hole      
    29       29.52499429        0   1  -1  -1   1 hole      
    30       29.52499429        0   1  -1   1   1 hole      
    31       29.52499429        1   0   1  -1   1 hole      
    32       29.52499429        1   0   1   1   1 hole      
    33       29.52499429        0  -1   1  -1   1 hole      
    34       29.52499429        0  -1   1   1   1 hole      
    35       29.52499429        1   0  -1  -1   1 hole      
    36       29.52499429        1   0  -1   1   1 hole      
    37       29.52499429        0  -1  -1  -1   1 hole      
    38       29.52499429        0  -1  -1   1   1 hole      
    39       44.28749144        1  -1   1  -1   1 hole      
    40       44.28749144        1  -1   1   1   1 hole      
    41       44.28749144        1  -1  -1  -1   1 hole      
    42       44.28749144        1  -1  -1   1   1 hole      
    43       44.28749144       -1   1  -1  -1   1 hole      
    44       44.28749144       -1   1  -1   1   1 hole      
    45       44.28749144       -1   1   1  -1   1 hole      
    46       44.28749144       -1   1   1   1   1 hole      
    47       44.28749144       -1  -1  -1  -1   1 hole      
    48       44.28749144       -1  -1  -1   1   1 hole      
    49       44.28749144        1   1  -1  -1   1 hole      
    50       44.28749144        1   1  -1   1   1 hole      
    51       44.28749144        1   1   1  -1   1 hole      
    52       44.28749144        1   1   1   1   1 hole      
    53       44.28749144       -1  -1   1  -1   1 hole      
    54       44.28749144       -1  -1   1   1   1 hole      
    55       59.04998858        0   0  -2  -1   1 hole      
    56       59.04998858        0   0  -2   1   1 hole      
    57       59.04998858        2   0   0  -1   1 hole      
    58       59.04998858        2   0   0   1   1 hole      
    59       59.04998858        0   0   2  -1   1 hole      
    60       59.04998858        0   0   2   1   1 hole      
    61       59.04998858        0   2   0  -1   1 hole      
    62       59.04998858        0   2   0   1   1 hole      
    63       59.04998858        0  -2   0  -1   1 hole      
    64       59.04998858        0  -2   0   1   1 hole      
    65       59.04998858       -2   0   0  -1   1 hole      
    66       59.04998858       -2   0   0   1   1 hole      
 Unoccupied j-orbits
    67       73.81248573       -2   0  -1  -1   1 particle  
    68       73.81248573       -2   0  -1   1   1 particle  
    69       73.81248573       -1   0  -2  -1   1 particle  
    70       73.81248573       -1   0  -2   1   1 particle  
    71       73.81248573       -2   0   1  -1   1 particle  
    72       73.81248573       -2   0   1   1   1 particle  
    73       73.81248573       -2  -1   0  -1   1 particle  
    74       73.81248573       -2  -1   0   1   1 particle  
    75       73.81248573       -1   2   0  -1   1 particle  
    76       73.81248573       -1   2   0   1   1 particle  
    77       73.81248573       -2   1   0  -1   1 particle  
 Sz and Tz for vacuum state   0.0000000000000000        66.000000000000000     
          -8           8          -8           8          -8           8
 Total memory for lookup configs   5.6901119999999113E-003 GByte
 Total memory for channels   4.0880000000000002E-005 GByte
              8067968      252124         185
              8067968      252124        1816
 Setting up vnn for hhhh block
 Time to setup hhhh block  0.22447574499528855     
 Setting up vnn for hhhp block
 Time to setup hhhp block  0.43209274602122605     
 Setting up vnn for hhpp block
 Time to setup hhpp block   1.8546105830464512     
 Setting up vnn for hphp block
 Time to setup hphp block   1.0894815489882603     
 Setting up vnn for pppp block
 Time to setup pppp block   17.450294172973372     
 Total memory for vnn storage  0.31066944000000035      GByte
          -8           8          -8           8          -8           8
 Total memory for lookup ph configs   3.6748800000001611E-003 GByte
 Total memory for ph channels   8.7168000000000003E-005 GByte
              8067968      252124        1816
 Setting up vnn for ph hpph block
 Time to setup ph hpph block  0.15104597201570868     
 Total memory for vnn/t2 ph storage  0.25817497600000122      GByte
 kinetic energy =               (2302.9495546878788,0.0000000000000000)
 below_ef =          66
 Vacuum expectation value               (1310.3712042728216,0.0000000000000000)
 here we go...
 here we go...
 here we go...
 here we go...
 here we go...
 here we go...
 here we go...
 here we go...
 here we go...
 here we go...
 here we go...
 here we go...
 here we go...
 Total memory for t2 storage  0.25817497600000017      GByte
 here we go...
 here we go...
 here we go...
 here we go...
 here we go...
 here we go...
 here we go...
 here we go...
 here we go...
 here we go...
 here we go...
 here we go...
 here we go...
 here we go...
 here we go...
 here we go...
 here we go...
 here we go...
 here we go...
 CCD energy        (1154.0245468620953,-4.22728953154180399E-018)
 diis space     8067968
 Storage of diis vectors  0.90361241599999997      Gb
 CCD energy        (1166.4488056633743,-3.49927542024790040E-018)
dener    0    1  0.12424259E+02
 CCD energy        (1174.5922757622736,-1.79864148731721225E-017)
dener    0    2  0.81434701E+01
 CCD energy        (1179.8898324152515,-1.59978122165588137E-017)
dener    0    3  0.52975567E+01
 CCD energy        (1183.3116275707466,-9.60936581256433965E-018)
dener    0    4  0.34217952E+01
 CCD energy         (1185.5051153348811,1.04824233247453569E-017)
dener    0    5  0.21934878E+01
diis_mat    1    1  0.1874E-01
diis_mat    1    2  0.1244E-01
diis_mat    1    3  0.8247E-02
diis_mat    1    4  0.5475E-02
diis_mat    1    5  0.3649E-02
diis_mat    1    6 -0.1000E+01
diis_mat    2    1  0.1244E-01
diis_mat    2    2  0.8307E-02
diis_mat    2    3  0.5551E-02
diis_mat    2    4  0.3724E-02
diis_mat    2    5  0.2516E-02
diis_mat    2    6 -0.1000E+01
diis_mat    3    1  0.8247E-02
diis_mat    3    2  0.5551E-02
diis_mat    3    3  0.3748E-02
diis_mat    3    4  0.2549E-02
diis_mat    3    5  0.1752E-02
diis_mat    3    6 -0.1000E+01
diis_mat    4    1  0.5475E-02
diis_mat    4    2  0.3724E-02
diis_mat    4    3  0.2549E-02
diis_mat    4    4  0.1763E-02
diis_mat    4    5  0.1237E-02
diis_mat    4    6 -0.1000E+01
diis_mat    5    1  0.3649E-02
diis_mat    5    2  0.2516E-02
diis_mat    5    3  0.1752E-02
diis_mat    5    4  0.1237E-02
diis_mat    5    5  0.8901E-03
diis_mat    5    6 -0.1000E+01
diis_mat    6    1 -0.1000E+01
diis_mat    6    2 -0.1000E+01
diis_mat    6    3 -0.1000E+01
diis_mat    6    4 -0.1000E+01
diis_mat    6    5 -0.1000E+01
diis_mat    6    6  0.0000E+00
 csysv info           0
sol_vec    1  0.2891E+02 -0.1676E-07
sol_vec    2 -0.1959E+03  0.9190E-07
sol_vec    3  0.4722E+03 -0.1867E-06
sol_vec    4 -0.4867E+03  0.1662E-06
sol_vec    5  0.1825E+03 -0.5462E-07
sol_vec    6  0.4436E-05  0.7234E-14
 CCD energy         (1188.6886021246119,3.16400071325451120E-010)
dener    0    6  0.31834868E+01
 CCD energy         (1188.6466061822807,2.19710181933115441E-010)
dener    0    7 -0.41995942E-01
 CCD energy         (1188.6242811957466,1.54672826035630143E-010)
dener    0    8 -0.22324987E-01
 CCD energy         (1188.6133431799576,1.10719173887364698E-010)
dener    0    9 -0.10938016E-01
 CCD energy         (1188.6088040555412,8.08333217917425195E-011)
dener    0   10 -0.45391244E-02
 CCD energy         (1188.6076994059058,6.03531021201570031E-011)
dener    0   11 -0.11046496E-02
diis_mat    1    1  0.5366E-05
diis_mat    1    2  0.4175E-05
diis_mat    1    3  0.3332E-05
diis_mat    1    4  0.2722E-05
diis_mat    1    5  0.2269E-05
diis_mat    1    6 -0.1000E+01
diis_mat    2    1  0.4175E-05
diis_mat    2    2  0.3326E-05
diis_mat    2    3  0.2712E-05
diis_mat    2    4  0.2256E-05
diis_mat    2    5  0.1909E-05
diis_mat    2    6 -0.1000E+01
diis_mat    3    1  0.3332E-05
diis_mat    3    2  0.2712E-05
diis_mat    3    3  0.2252E-05
diis_mat    3    4  0.1903E-05
diis_mat    3    5  0.1630E-05
diis_mat    3    6 -0.1000E+01
diis_mat    4    1  0.2722E-05
diis_mat    4    2  0.2256E-05
diis_mat    4    3  0.1903E-05
diis_mat    4    4  0.1627E-05
diis_mat    4    5  0.1407E-05
diis_mat    4    6 -0.1000E+01
diis_mat    5    1  0.2269E-05
diis_mat    5    2  0.1909E-05
diis_mat    5    3  0.1630E-05
diis_mat    5    4  0.1407E-05
diis_mat    5    5  0.1227E-05
diis_mat    5    6 -0.1000E+01
diis_mat    6    1 -0.1000E+01
diis_mat    6    2 -0.1000E+01
diis_mat    6    3 -0.1000E+01
diis_mat    6    4 -0.1000E+01
diis_mat    6    5 -0.1000E+01
diis_mat    6    6  0.0000E+00
 csysv info           0
sol_vec    1  0.2601E+03 -0.3109E-05
sol_vec    2 -0.1361E+04  0.1543E-04
sol_vec    3  0.2652E+04 -0.2843E-04
sol_vec    4 -0.2283E+04  0.2305E-04
sol_vec    5  0.7325E+03 -0.6949E-05
sol_vec    6  0.3949E-09  0.1210E-15
 CCD energy        (1188.6100784125258,-7.06780530293193028E-011)
dener    0   12  0.23790066E-02
 CCD energy        (1188.6098557047153,-4.32554605747818976E-011)
dener    0   13 -0.22270781E-03
 CCD energy        (1188.6096337009972,-2.38047330643444894E-011)
dener    0   14 -0.22200372E-03
 CCD energy        (1188.6094335464504,-1.03088303648866205E-011)
dener    0   15 -0.20015455E-03
 CCD energy        (1188.6092622278775,-1.18188683489374142E-012)
dener    0   16 -0.17131857E-03
 CCD energy         (1188.6091197666956,4.79042885160571666E-012)
dener    0   17 -0.14246118E-03
diis_mat    1    1  0.2525E-09
diis_mat    1    2  0.2086E-09
diis_mat    1    3  0.1724E-09
diis_mat    1    4  0.1427E-09
diis_mat    1    5  0.1183E-09
diis_mat    1    6 -0.1000E+01
diis_mat    2    1  0.2086E-09
diis_mat    2    2  0.1777E-09
diis_mat    2    3  0.1507E-09
diis_mat    2    4  0.1275E-09
diis_mat    2    5  0.1077E-09
diis_mat    2    6 -0.1000E+01
diis_mat    3    1  0.1724E-09
diis_mat    3    2  0.1507E-09
diis_mat    3    3  0.1305E-09
diis_mat    3    4  0.1123E-09
diis_mat    3    5  0.9633E-10
diis_mat    3    6 -0.1000E+01
diis_mat    4    1  0.1427E-09
diis_mat    4    2  0.1275E-09
diis_mat    4    3  0.1123E-09
diis_mat    4    4  0.9808E-10
diis_mat    4    5  0.8509E-10
diis_mat    4    6 -0.1000E+01
diis_mat    5    1  0.1183E-09
diis_mat    5    2  0.1077E-09
diis_mat    5    3  0.9633E-10
diis_mat    5    4  0.8509E-10
diis_mat    5    5  0.7454E-10
diis_mat    5    6 -0.1000E+01
diis_mat    6    1 -0.1000E+01
diis_mat    6    2 -0.1000E+01
diis_mat    6    3 -0.1000E+01
diis_mat    6    4 -0.1000E+01
diis_mat    6    5 -0.1000E+01
diis_mat    6    6  0.0000E+00
 csysv info           0
sol_vec    1  0.1296E+03  0.2731E-04
sol_vec    2 -0.6979E+03 -0.1414E-03
sol_vec    3  0.1400E+04  0.2716E-03
sol_vec    4 -0.1242E+04 -0.2293E-03
sol_vec    5  0.4104E+03  0.7183E-04
sol_vec    6  0.2868E-13 -0.8068E-19
 CCD energy        (1188.6083972010847,-2.79187686154575716E-011)
dener    0   18 -0.72256561E-03
 CCD energy        (1188.6083994985927,-2.29985657627609401E-011)
dener    0   19  0.22975082E-05
 CCD energy        (1188.6084023671360,-1.86300452006471572E-011)
dener    0   20  0.28685434E-05
 CCD energy        (1188.6084052665171,-1.49319457441037184E-011)
dener    0   21  0.28993810E-05
 CCD energy        (1188.6084079440334,-1.18906726507235465E-011)
dener    0   22  0.26775164E-05
 CCD energy        (1188.6084103031023,-9.43459161908756039E-012)
dener    0   23  0.23590689E-05
diis_mat    1    1  0.2687E-13
diis_mat    1    2  0.2543E-13
diis_mat    1    3  0.2364E-13
diis_mat    1    4  0.2173E-13
diis_mat    1    5  0.1984E-13
diis_mat    1    6 -0.1000E+01
diis_mat    2    1  0.2543E-13
diis_mat    2    2  0.2424E-13
diis_mat    2    3  0.2262E-13
diis_mat    2    4  0.2084E-13
diis_mat    2    5  0.1905E-13
diis_mat    2    6 -0.1000E+01
diis_mat    3    1  0.2364E-13
diis_mat    3    2  0.2262E-13
diis_mat    3    3  0.2117E-13
diis_mat    3    4  0.1954E-13
diis_mat    3    5  0.1788E-13
diis_mat    3    6 -0.1000E+01
diis_mat    4    1  0.2173E-13
diis_mat    4    2  0.2084E-13
diis_mat    4    3  0.1954E-13
diis_mat    4    4  0.1805E-13
diis_mat    4    5  0.1654E-13
diis_mat    4    6 -0.1000E+01
diis_mat    5    1  0.1984E-13
diis_mat    5    2  0.1905E-13
diis_mat    5    3  0.1788E-13
diis_mat    5    4  0.1654E-13
diis_mat    5    5  0.1516E-13
diis_mat    5    6 -0.1000E+01
diis_mat    6    1 -0.1000E+01
diis_mat    6    2 -0.1000E+01
diis_mat    6    3 -0.1000E+01
diis_mat    6    4 -0.1000E+01
diis_mat    6    5 -0.1000E+01
diis_mat    6    6  0.0000E+00
 csysv info           0
sol_vec    1  0.1973E+03  0.6960E-04
sol_vec    2 -0.1051E+04 -0.3695E-03
sol_vec    3  0.2082E+04  0.7220E-03
sol_vec    4 -0.1818E+04 -0.6181E-03
sol_vec    5  0.5914E+03  0.1960E-03
sol_vec    6 -0.9038E-16 -0.4032E-21
 CCD energy         (1188.6084263494852,5.53223355704528648E-012)
dener    0   24  0.16046383E-04
 CCD energy         (1188.6084263320440,5.20813176298109696E-012)
dener    0   25 -0.17441252E-07
 Total execution time CCD   47.960751791018993     
 preparing to do CCD(T): 
          -8           8          -8           8          -8           8
 Total memory for lookup configs   1.1863487999999986E-002 GByte
 Total memory for channels   1.1892543999999986E-002 GByte
             89696544     2803017        1816
 Setting up vnn (NN) for hppp block
 Time to setup hppp block   6.9374287190148607     
 Total memory for vnn storage  0.72946489599999531      GByte
          12          12          12           3           3
 Total memory for lookup t3-confs   1.2188792640000019      Gbyte
 3NF with deltas: T
           9835169512   307349047         539

 proc number   0      % work  0.100000E+03

          Channel #:     1
    Row index start:     1
      Row index end:     2
 Column index start:     1
   Column index end:  ****

          Channel #:     2
    Row index start:     1
      Row index end:     2
 Column index start:     1
   Column index end:  ****

          Channel #:     3
    Row index start:     1
      Row index end:     2
 Column index start:     1
   Column index end:  ****

          Channel #:     4
    Row index start:     1
      Row index end:     2
 Column index start:     1
   Column index end:  ****

          Channel #:     5
    Row index start:     1
      Row index end:     2
 Column index start:     1
   Column index end:  ****

          Channel #:     6
    Row index start:     1
      Row index end:     2
 Column index start:     1
   Column index end:  ****

          Channel #:     7
    Row index start:     1
      Row index end:     2
 Column index start:     1
   Column index end:  ****

          Channel #:     8
    Row index start:     1
      Row index end:     2
 Column index start:     1
   Column index end:  ****

          Channel #:     9
    Row index start:     1
      Row index end:     2
 Column index start:     1
   Column index end:  ****

          Channel #:    10
    Row index start:     1
      Row index end:     2
 Column index start:     1
   Column index end:  ****

          Channel #:    11
    Row index start:     1
      Row index end:     8
 Column index start:     1
   Column index end:  ****

          Channel #:    12
    Row index start:     1
      Row index end:    12
 Column index start:     1
   Column index end:  ****

          Channel #:    13
    Row index start:     1
      Row index end:     8
 Column index start:     1
   Column index end:  ****

          Channel #:    14
    Row index start:     1
      Row index end:     2
 Column index start:     1
   Column index end:  ****

          Channel #:    15
    Row index start:     1
      Row index end:     8
 Column index start:     1
   Column index end:  ****

          Channel #:    16
    Row index start:     1
      Row index end:    18
 Column index start:     1
   Column index end:  ****

          Channel #:    17
    Row index start:     1
      Row index end:    26
 Column index start:     1
   Column index end:  ****

          Channel #:    18
    Row index start:     1
      Row index end:    18
 Column index start:     1
   Column index end:  ****

          Channel #:    19
    Row index start:     1
      Row index end:     8
 Column index start:     1
   Column index end:  ****

          Channel #:    20
    Row index start:     1
      Row index end:    12
 Column index start:     1
   Column index end:  ****

          Channel #:    21
    Row index start:     1
      Row index end:    26
 Column index start:     1
   Column index end:  ****

          Channel #:    22
    Row index start:     1
      Row index end:    36
 Column index start:     1
   Column index end:  ****

          Channel #:    23
    Row index start:     1
      Row index end:    26
 Column index start:     1
   Column index end:  ****

          Channel #:    24
    Row index start:     1
      Row index end:    12
 Column index start:     1
   Column index end:  ****

          Channel #:    25
    Row index start:     1
      Row index end:     8
 Column index start:     1
   Column index end:  ****

          Channel #:    26
    Row index start:     1
      Row index end:    18
 Column index start:     1
   Column index end:  ****

          Channel #:    27
    Row index start:     1
      Row index end:    26
 Column index start:     1
   Column index end:  ****

          Channel #:    28
    Row index start:     1
      Row index end:    18
 Column index start:     1
   Column index end:  ****

          Channel #:    29
    Row index start:     1
      Row index end:     8
 Column index start:     1
   Column index end:  ****

          Channel #:    30
    Row index start:     1
      Row index end:     2
 Column index start:     1
   Column index end:  ****

          Channel #:    31
    Row index start:     1
      Row index end:     8
 Column index start:     1
   Column index end:  ****

          Channel #:    32
    Row index start:     1
      Row index end:    12
 Column index start:     1
   Column index end:  ****

          Channel #:    33
    Row index start:     1
      Row index end:     8
 Column index start:     1
   Column index end:  ****

          Channel #:    34
    Row index start:     1
      Row index end:     2
 Column index start:     1
   Column index end:  ****

          Channel #:    35
    Row index start:     1
      Row index end:     2
 Column index start:     1
   Column index end:  ****

          Channel #:    36
    Row index start:     1
      Row index end:    12
 Column index start:     1
   Column index end:  ****

          Channel #:    37
    Row index start:     1
      Row index end:    16
 Column index start:     1
   Column index end:  ****

          Channel #:    38
    Row index start:     1
      Row index end:    12
 Column index start:     1
   Column index end:  ****

          Channel #:    39
    Row index start:     1
      Row index end:     2
 Column index start:     1
   Column index end:  ****

          Channel #:    40
    Row index start:     1
      Row index end:     2
 Column index start:     1
   Column index end:  ****

          Channel #:    41
    Row index start:     1
      Row index end:    18
 Column index start:     1
   Column index end:  ****

          Channel #:    42
    Row index start:     1
      Row index end:    44
 Column index start:     1
   Column index end:  ****

          Channel #:    43
    Row index start:     1
      Row index end:    58
 Column index start:     1
   Column index end:  ****

          Channel #:    44
    Row index start:     1
      Row index end:    44
 Column index start:     1
   Column index end:  ****

          Channel #:    45
    Row index start:     1
      Row index end:    18
 Column index start:     1
   Column index end:  ****

          Channel #:    46
    Row index start:     1
      Row index end:     2
 Column index start:     1
   Column index end:  ****

          Channel #:    47
    Row index start:     1
      Row index end:    12
 Column index start:     1
   Column index end:  ****

          Channel #:    48
    Row index start:     1
      Row index end:    44
 Column index start:     1
   Column index end:  ****

          Channel #:    49
    Row index start:     1
      Row index end:    90
 Column index start:     1
   Column index end:  ****

          Channel #:    50
    Row index start:     1
      Row index end:   110
 Column index start:     1
   Column index end:  ****

          Channel #:    51
    Row index start:     1
      Row index end:    90
 Column index start:     1
   Column index end:  ****

          Channel #:    52
    Row index start:     1
      Row index end:    44
 Column index start:     1
   Column index end:  ****

          Channel #:    53
    Row index start:     1
      Row index end:    12
 Column index start:     1
   Column index end:  ****

          Channel #:    54
    Row index start:     1
      Row index end:    16
 Column index start:     1
   Column index end:  ****

          Channel #:    55
    Row index start:     1
      Row index end:    58
 Column index start:     1
   Column index end:  ****

          Channel #:    56
    Row index start:     1
      Row index end:   110
 Column index start:     1
   Column index end:  ****

          Channel #:    57
    Row index start:     1
      Row index end:   138
 Column index start:     1
   Column index end:  ****

          Channel #:    58
    Row index start:     1
      Row index end:   110
 Column index start:     1
   Column index end:  ****

          Channel #:    59
    Row index start:     1
      Row index end:    58
 Column index start:     1
   Column index end:  ****

          Channel #:    60
    Row index start:     1
      Row index end:    16
 Column index start:     1
   Column index end:  ****

          Channel #:    61
    Row index start:     1
      Row index end:    12
 Column index start:     1
   Column index end:  ****

          Channel #:    62
    Row index start:     1
      Row index end:    44
 Column index start:     1
   Column index end:  ****

          Channel #:    63
    Row index start:     1
      Row index end:    90
 Column index start:     1
   Column index end:  ****
           1      140934           2
           2      142142           2
           3      140934           2
           4      142142           2
           5      143314           2
           6      142142           2
           7      140934           2
           8      142142           2
           9      140934           2
          10      165140           2
          11      171146           8
          12      172700          12
          13      171146           8
          14      165140           2
          15      171146           8
          16      177104          18
          17      178618          26
          18      177104          18
          19      171146           8
          20      172700          12
          21      178618          26
          22      180090          36
          23      178618          26
          24      172700          12
          25      171146           8
          26      177104          18
          27      178618          26
          28      177104          18
          29      171146           8
          30      165140           2
          31      171146           8
          32      172700          12
          33      171146           8
          34      165140           2
          35      175428           2
          36      181878          12
          37      183578          16
          38      181878          12
          39      175428           2
          40      175428           2
          41      189980          18
          42      196714          44
          43      198434          58
          44      196714          44
          45      189980          18
          46      175428           2
          47      181878          12
          48      196714          44
          49      203344          90
          50      205010         110
          51      203344          90
          52      196714          44
          53      181878          12
          54      183578          16
          55      198434          58
          56      205010         110
          57      206610         138
          58      205010         110
          59      198434          58
          60      183578          16
          61      181878          12
          62      196714          44
          63      203344          90
 EXECUTION TIME FOR CCD(T)   61.721814214950427     
Kf, Dens          1.67950           0.16000  CCSD(T)         -0.17923            0.00000


 ---------------------------------------------------------------------
 Boxsize   7.4440277647691362      Nmax           4
 A, Density, Kf          66  0.16000000000000000        1.6795012352211809     
 Twist averaged E0/N               (19.854109155648814,0.0000000000000000)
 Twist averaged mbpt2        (17.485220407001446,-6.40498413869970342E-020)
 Twist averaged CCSD         (18.009218580788545,7.89110873178954089E-014)
 kinetic_TF   2314.5784198059869     
  0.16000000000000000                    (19.854109155648814,0.0000000000000000)         (1188.6084263320440,5.20813176298109696E-012)

 E/N   1.67950118      0.159999996       19.854109155648814        17.485220407001446        18.009218580788545        17.829992782083941     
#Nmax, Nucleons, 3NFnexp, 3NFCutoff: 4  66 3 450
     0.00000     0.00000     1.67950     0.16000    19.85411    17.48522    18.00922    17.82999
 ---------------------------------------------------------------------
 Total execution time for CCD code   150.18828956002835     
